20:12:35 [10]: B-Worker ready for processing.
20:12:35 [10]: B-Worker active.
20:12:35 [11]: B-Worker ready for processing.
20:12:35 [11]: B-Worker active.
20:12:35 [0]: Prepared 365 total daily links.
20:12:35 [1]: A-Worker received 41 days to fetch.
20:12:35 [2]: A-Worker received 41 days to fetch.
20:12:35 [3]: A-Worker received 41 days to fetch.
20:12:35 [4]: A-Worker received 41 days to fetch.
20:12:35 [5]: A-Worker received 41 days to fetch.
20:12:35 [6]: A-Worker received 40 days to fetch.
20:12:35 [7]: A-Worker received 40 days to fetch.
20:12:35 [8]: A-Worker received 40 days to fetch.
20:12:35 [9]: A-Worker received 40 days to fetch.
20:12:35 [0]: Orchestrator active. Pool is live.
20:12:36 [7]: FTP Connected.
20:12:36 [2]: FTP Connected.
20:12:36 [3]: FTP Connected.
20:12:36 [6]: FTP Connected.
20:12:36 [5]: FTP Connected.
20:12:36 [8]: FTP Connected.
20:12:36 [1]: FTP Connected.
20:12:36 [9]: FTP Connected.
20:12:36 [4]: FTP Connected.
20:13:08 [1]: Finished: /gome2b/offline/2021/01/01.
20:13:11 [11]: Processing /gome2b/offline/2021/01/01...
20:13:11 [6]: Finished: /gome2b/offline/2021/07/25.
20:13:14 [10]: Processing /gome2b/offline/2021/07/25...
20:13:15 [0]: Processed 1/365
20:13:15 [4]: Finished: /gome2b/offline/2021/05/04.
20:13:18 [11]: Processing /gome2b/offline/2021/05/04...
20:13:19 [8]: Finished: /gome2b/offline/2021/10/13.
20:13:20 [0]: Processed 2/365
20:13:20 [10]: Processing /gome2b/offline/2021/10/13...
20:13:21 [0]: Processed 3/365
20:13:24 [0]: Processed 4/365
20:13:28 [5]: Finished: /gome2b/offline/2021/06/14.
20:13:29 [7]: Finished: /gome2b/offline/2021/09/03.
20:13:30 [10]: Processing /gome2b/offline/2021/06/14...
20:13:30 [11]: Processing /gome2b/offline/2021/09/03...
20:13:34 [0]: Processed 5/365
20:13:34 [0]: Processed 6/365
20:13:36 [9]: Finished: /gome2b/offline/2021/11/22.
20:13:37 [10]: Processing /gome2b/offline/2021/11/22...
20:13:40 [0]: Processed 7/365
20:13:44 [1]: Finished: /gome2b/offline/2021/01/02.
20:13:46 [10]: Processing /gome2b/offline/2021/01/02...
20:13:49 [4]: Finished: /gome2b/offline/2021/05/05.
20:13:49 [11]: Processing /gome2b/offline/2021/05/05...
20:13:49 [0]: Processed 8/365
20:13:50 [6]: Finished: /gome2b/offline/2021/07/26.
20:13:52 [10]: Processing /gome2b/offline/2021/07/26...
20:13:52 [0]: Processed 9/365
20:13:53 [2]: Finished: /gome2b/offline/2021/02/11.
20:13:55 [11]: Processing /gome2b/offline/2021/02/11...
20:13:58 [0]: Processed 10/365
20:13:58 [8]: Finished: /gome2b/offline/2021/10/14.
20:13:59 [0]: Processed 11/365
20:13:59 [11]: Processing /gome2b/offline/2021/10/14...
20:14:02 [0]: Processed 12/365
20:14:09 [7]: Finished: /gome2b/offline/2021/09/04.
20:14:10 [10]: Processing /gome2b/offline/2021/09/04...
20:14:14 [0]: Processed 13/365
20:14:18 [1]: Finished: /gome2b/offline/2021/01/03.
20:14:20 [10]: Processing /gome2b/offline/2021/01/03...
20:14:22 [9]: Finished: /gome2b/offline/2021/11/23.
20:14:23 [10]: Processing /gome2b/offline/2021/11/23...
20:14:23 [0]: Processed 14/365
20:14:25 [3]: Finished: /gome2b/offline/2021/03/24.
20:14:26 [2]: Finished: /gome2b/offline/2021/02/12.
20:14:26 [11]: Processing /gome2b/offline/2021/03/24...
20:14:26 [10]: Processing /gome2b/offline/2021/02/12...
20:14:26 [0]: Processed 15/365
20:14:30 [0]: Processed 16/365
20:14:30 [0]: Processed 17/365
20:14:44 [5]: Finished: /gome2b/offline/2021/06/15.
20:14:44 [4]: Finished: /gome2b/offline/2021/05/06.
20:14:45 [10]: Processing /gome2b/offline/2021/06/15...
20:14:45 [11]: Processing /gome2b/offline/2021/05/06...
20:14:49 [0]: Processed 18/365
20:14:49 [0]: Processed 19/365
20:14:55 [9]: Finished: /gome2b/offline/2021/11/24.
20:14:57 [6]: Finished: /gome2b/offline/2021/07/27.
20:14:58 [10]: Processing /gome2b/offline/2021/11/24...
20:14:58 [11]: Processing /gome2b/offline/2021/07/27...
20:15:01 [0]: Processed 20/365
20:15:04 [0]: Processed 21/365
20:15:05 [1]: Finished: /gome2b/offline/2021/01/04.
20:15:07 [10]: Processing /gome2b/offline/2021/01/04...
20:15:10 [0]: Processed 22/365
20:15:12 [3]: Finished: /gome2b/offline/2021/03/25.
20:15:13 [11]: Processing /gome2b/offline/2021/03/25...
20:15:15 [2]: Finished: /gome2b/offline/2021/02/13.
20:15:16 [10]: Processing /gome2b/offline/2021/02/13...
20:15:17 [0]: Processed 23/365
20:15:20 [0]: Processed 24/365
20:15:22 [7]: Finished: /gome2b/offline/2021/09/05.
20:15:23 [11]: Processing /gome2b/offline/2021/09/05...
20:15:26 [0]: Processed 25/365
20:15:28 [4]: Finished: /gome2b/offline/2021/05/07.
20:15:29 [10]: Processing /gome2b/offline/2021/05/07...
20:15:33 [0]: Processed 26/365
20:15:39 [1]: Finished: /gome2b/offline/2021/01/05.
20:15:41 [8]: Finished: /gome2b/offline/2021/10/15.
20:15:41 [11]: Processing /gome2b/offline/2021/01/05...
20:15:42 [10]: Processing /gome2b/offline/2021/10/15...
20:15:45 [0]: Processed 27/365
20:15:45 [0]: Processed 28/365
20:15:45 [5]: Finished: /gome2b/offline/2021/06/16.
20:15:47 [9]: Finished: /gome2b/offline/2021/11/25.
20:15:48 [11]: Processing /gome2b/offline/2021/06/16...
20:15:48 [10]: Processing /gome2b/offline/2021/11/25...
20:15:52 [0]: Processed 29/365
20:15:52 [0]: Processed 30/365
20:15:52 [2]: Finished: /gome2b/offline/2021/02/14.
20:15:55 [10]: Processing /gome2b/offline/2021/02/14...
20:15:58 [0]: Processed 31/365
20:15:58 [6]: Finished: /gome2b/offline/2021/07/28.
20:16:01 [11]: Processing /gome2b/offline/2021/07/28...
20:16:07 [0]: Processed 32/365
20:16:12 [1]: Finished: /gome2b/offline/2021/01/06.
20:16:13 [11]: Processing /gome2b/offline/2021/01/06...
20:16:17 [0]: Processed 33/365
20:16:21 [3]: Finished: /gome2b/offline/2021/03/26.
20:16:22 [10]: Processing /gome2b/offline/2021/03/26...
20:16:26 [0]: Processed 34/365
20:16:27 [8]: Finished: /gome2b/offline/2021/10/16.
20:16:29 [4]: Finished: /gome2b/offline/2021/05/08.
20:16:29 [10]: Processing /gome2b/offline/2021/10/16...
20:16:29 [11]: Processing /gome2b/offline/2021/05/08...
20:16:32 [0]: Processed 35/365
20:16:32 [0]: Processed 36/365
20:16:35 [5]: Finished: /gome2b/offline/2021/06/17.
20:16:36 [6]: Finished: /gome2b/offline/2021/07/29.
20:16:38 [10]: Processing /gome2b/offline/2021/06/17...
20:16:38 [11]: Processing /gome2b/offline/2021/07/29...
20:16:41 [1]: Finished: /gome2b/offline/2021/01/07.
20:16:42 [10]: Processing /gome2b/offline/2021/01/07...
20:16:42 [0]: Processed 37/365
20:16:42 [0]: Processed 38/365
20:16:43 [2]: Finished: /gome2b/offline/2021/02/15.
20:16:45 [10]: Processing /gome2b/offline/2021/02/15...
20:16:45 [0]: Processed 39/365
20:16:46 [9]: Finished: /gome2b/offline/2021/11/26.
20:16:46 [7]: Finished: /gome2b/offline/2021/09/06.
20:16:48 [0]: Processed 40/365
20:16:48 [10]: Processing /gome2b/offline/2021/11/26...
20:16:48 [11]: Processing /gome2b/offline/2021/09/06...
20:16:52 [0]: Processed 41/365
20:16:52 [0]: Processed 42/365
20:17:06 [6]: Finished: /gome2b/offline/2021/07/30.
20:17:07 [10]: Processing /gome2b/offline/2021/07/30...
20:17:10 [0]: Processed 43/365
20:17:11 [3]: Finished: /gome2b/offline/2021/03/27.
20:17:13 [11]: Processing /gome2b/offline/2021/03/27...
20:17:17 [0]: Processed 44/365
20:17:19 [4]: Finished: /gome2b/offline/2021/05/09.
20:17:20 [11]: Processing /gome2b/offline/2021/05/09...
20:17:20 [8]: Finished: /gome2b/offline/2021/10/17.
20:17:21 [2]: Finished: /gome2b/offline/2021/02/16.
20:17:22 [10]: Processing /gome2b/offline/2021/10/17...
20:17:23 [11]: Processing /gome2b/offline/2021/02/16...
20:17:23 [0]: Processed 45/365
20:17:26 [0]: Processed 46/365
20:17:27 [0]: Processed 47/365
20:17:35 [9]: Finished: /gome2b/offline/2021/11/27.
20:17:36 [11]: Processing /gome2b/offline/2021/11/27...
20:17:39 [0]: Processed 48/365
20:17:40 [7]: Finished: /gome2b/offline/2021/09/07.
20:17:41 [10]: Processing /gome2b/offline/2021/09/07...
20:17:44 [5]: Finished: /gome2b/offline/2021/06/18.
20:17:45 [10]: Processing /gome2b/offline/2021/06/18...
20:17:45 [0]: Processed 49/365
20:17:45 [1]: Finished: /gome2b/offline/2021/01/08.
20:17:48 [11]: Processing /gome2b/offline/2021/01/08...
20:17:48 [0]: Processed 50/365
20:17:52 [0]: Processed 51/365
20:17:52 [2]: Finished: /gome2b/offline/2021/02/17.
20:17:53 [4]: Finished: /gome2b/offline/2021/05/10.
20:17:54 [10]: Processing /gome2b/offline/2021/02/17...
20:17:55 [11]: Processing /gome2b/offline/2021/05/10...
20:17:58 [0]: Processed 52/365
20:17:58 [0]: Processed 53/365
20:18:07 [8]: Finished: /gome2b/offline/2021/10/18.
20:18:07 [11]: Processing /gome2b/offline/2021/10/18...
20:18:11 [0]: Processed 54/365
20:18:12 [3]: Finished: /gome2b/offline/2021/03/28.
20:18:13 [10]: Processing /gome2b/offline/2021/03/28...
20:18:14 [6]: Finished: /gome2b/offline/2021/07/31.
20:18:17 [10]: Processing /gome2b/offline/2021/07/31...
20:18:17 [0]: Processed 55/365
20:18:17 [7]: Finished: /gome2b/offline/2021/09/08.
20:18:17 [11]: Processing /gome2b/offline/2021/09/08...
20:18:20 [0]: Processed 56/365
20:18:20 [0]: Processed 57/365
20:18:27 [1]: Finished: /gome2b/offline/2021/01/09.
20:18:29 [10]: Processing /gome2b/offline/2021/01/09...
20:18:32 [9]: Finished: /gome2b/offline/2021/11/28.
20:18:32 [11]: Processing /gome2b/offline/2021/11/28...
20:18:33 [0]: Processed 58/365
20:18:35 [4]: Finished: /gome2b/offline/2021/05/11.
20:18:36 [10]: Processing /gome2b/offline/2021/05/11...
20:18:36 [0]: Processed 59/365
20:18:39 [2]: Finished: /gome2b/offline/2021/02/18.
20:18:39 [0]: Processed 60/365
20:18:39 [10]: Processing /gome2b/offline/2021/02/18...
20:18:41 [5]: Finished: /gome2b/offline/2021/06/19.
20:18:42 [11]: Processing /gome2b/offline/2021/06/19...
20:18:43 [0]: Processed 61/365
20:18:45 [0]: Processed 62/365
20:18:53 [6]: Finished: /gome2b/offline/2021/08/01.
20:18:54 [11]: Processing /gome2b/offline/2021/08/01...
20:18:55 [8]: Finished: /gome2b/offline/2021/10/19.
20:18:55 [10]: Processing /gome2b/offline/2021/10/19...
20:18:58 [0]: Processed 63/365
20:18:59 [0]: Processed 64/365
20:19:07 [7]: Finished: /gome2b/offline/2021/09/09.
20:19:07 [11]: Processing /gome2b/offline/2021/09/09...
20:19:11 [0]: Processed 65/365
20:19:16 [3]: Finished: /gome2b/offline/2021/03/29.
20:19:17 [11]: Processing /gome2b/offline/2021/03/29...
20:19:20 [0]: Processed 66/365
20:19:20 [6]: Finished: /gome2b/offline/2021/08/02.
20:19:21 [9]: Finished: /gome2b/offline/2021/11/29.
20:19:23 [10]: Processing /gome2b/offline/2021/08/02...
20:19:23 [11]: Processing /gome2b/offline/2021/11/29...
20:19:27 [0]: Processed 67/365
20:19:27 [0]: Processed 68/365
20:19:31 [1]: Finished: /gome2b/offline/2021/01/10.
20:19:33 [10]: Processing /gome2b/offline/2021/01/10...
20:19:36 [5]: Finished: /gome2b/offline/2021/06/20.
20:19:36 [10]: Processing /gome2b/offline/2021/06/20...
20:19:36 [0]: Processed 69/365
20:19:37 [2]: Finished: /gome2b/offline/2021/02/19.
20:19:39 [11]: Processing /gome2b/offline/2021/02/19...
20:19:39 [0]: Processed 70/365
20:19:40 [4]: Finished: /gome2b/offline/2021/05/12.
20:19:42 [0]: Processed 71/365
20:19:42 [11]: Processing /gome2b/offline/2021/05/12...
20:19:46 [0]: Processed 72/365
20:19:56 [8]: Finished: /gome2b/offline/2021/10/20.
20:19:56 [3]: Finished: /gome2b/offline/2021/03/30.
20:19:57 [10]: Processing /gome2b/offline/2021/10/20...
20:19:58 [11]: Processing /gome2b/offline/2021/03/30...
20:20:00 [6]: Finished: /gome2b/offline/2021/08/03.
20:20:01 [0]: Processed 73/365
20:20:01 [10]: Processing /gome2b/offline/2021/08/03...
20:20:01 [0]: Processed 74/365
20:20:04 [0]: Processed 75/365
20:20:14 [9]: Finished: /gome2b/offline/2021/11/30.
20:20:16 [11]: Processing /gome2b/offline/2021/11/30...
20:20:18 [7]: Finished: /gome2b/offline/2021/09/10.
20:20:19 [10]: Processing /gome2b/offline/2021/09/10...
20:20:20 [0]: Processed 76/365
20:20:23 [0]: Processed 77/365
20:20:24 [1]: Finished: /gome2b/offline/2021/01/11.
20:20:26 [11]: Processing /gome2b/offline/2021/01/11...
20:20:30 [0]: Processed 78/365
20:20:32 [2]: Finished: /gome2b/offline/2021/02/20.
20:20:33 [11]: Processing /gome2b/offline/2021/02/20...
20:20:36 [0]: Processed 79/365
20:20:37 [8]: Finished: /gome2b/offline/2021/10/21.
20:20:38 [10]: Processing /gome2b/offline/2021/10/21...
20:20:41 [0]: Processed 80/365
20:20:46 [4]: Finished: /gome2b/offline/2021/05/13.
20:20:47 [10]: Processing /gome2b/offline/2021/05/13...
20:20:49 [7]: Finished: /gome2b/offline/2021/09/11.
20:20:51 [10]: Processing /gome2b/offline/2021/09/11...
20:20:51 [0]: Processed 81/365
20:20:51 [6]: Finished: /gome2b/offline/2021/08/04.
20:20:52 [3]: Finished: /gome2b/offline/2021/03/31.
20:20:54 [11]: Processing /gome2b/offline/2021/08/04...
20:20:54 [10]: Processing /gome2b/offline/2021/03/31...
20:20:54 [0]: Processed 82/365
20:20:57 [1]: Finished: /gome2b/offline/2021/01/12.
20:20:58 [0]: Processed 83/365
20:20:58 [11]: Processing /gome2b/offline/2021/01/12...
20:20:58 [0]: Processed 84/365
20:21:01 [0]: Processed 85/365
20:21:02 [9]: Finished: /gome2b/offline/2021/12/01.
20:21:04 [10]: Processing /gome2b/offline/2021/12/01...
20:21:07 [0]: Processed 86/365
20:21:15 [2]: Finished: /gome2b/offline/2021/02/21.
20:21:15 [5]: Finished: /gome2b/offline/2021/06/21.
20:21:16 [11]: Processing /gome2b/offline/2021/02/21...
20:21:16 [10]: Processing /gome2b/offline/2021/06/21...
20:21:19 [0]: Processed 87/365
20:21:20 [0]: Processed 88/365
20:21:21 [8]: Finished: /gome2b/offline/2021/10/22.
20:21:22 [11]: Processing /gome2b/offline/2021/10/22...
20:21:24 [7]: Finished: /gome2b/offline/2021/09/12.
20:21:26 [10]: Processing /gome2b/offline/2021/09/12...
20:21:26 [4]: Finished: /gome2b/offline/2021/05/14.
20:21:26 [11]: Processing /gome2b/offline/2021/05/14...
20:21:26 [0]: Processed 89/365
20:21:29 [0]: Processed 90/365
20:21:30 [0]: Processed 91/365
20:21:38 [3]: Finished: /gome2b/offline/2021/04/01.
20:21:38 [10]: Processing /gome2b/offline/2021/04/01...
20:21:42 [0]: Processed 92/365
20:21:46 [6]: Finished: /gome2b/offline/2021/08/05.
20:21:47 [1]: Finished: /gome2b/offline/2021/01/13.
20:21:48 [11]: Processing /gome2b/offline/2021/08/05...
20:21:48 [10]: Processing /gome2b/offline/2021/01/13...
20:21:51 [0]: Processed 93/365
20:21:51 [0]: Processed 94/365
20:21:52 [5]: Finished: /gome2b/offline/2021/06/22.
20:21:54 [11]: Processing /gome2b/offline/2021/06/22...
20:21:58 [0]: Processed 95/365
20:22:00 [2]: Finished: /gome2b/offline/2021/02/22.
20:22:01 [11]: Processing /gome2b/offline/2021/02/22...
20:22:04 [0]: Processed 96/365
20:22:15 [9]: Finished: /gome2b/offline/2021/12/02.
20:22:15 [10]: Processing /gome2b/offline/2021/12/02...
20:22:19 [0]: Processed 97/365
20:22:23 [8]: Finished: /gome2b/offline/2021/10/23.
20:22:23 [3]: Finished: /gome2b/offline/2021/04/02.
20:22:23 [4]: Finished: /gome2b/offline/2021/05/15.
20:22:25 [1]: Finished: /gome2b/offline/2021/01/14.
20:22:25 [11]: Processing /gome2b/offline/2021/10/23...
20:22:25 [10]: Processing /gome2b/offline/2021/04/02...
20:22:25 [7]: Finished: /gome2b/offline/2021/09/13.
20:22:29 [6]: Finished: /gome2b/offline/2021/08/06.
20:22:29 [0]: Processed 98/365
20:22:29 [11]: Processing /gome2b/offline/2021/05/15...
20:22:29 [10]: Processing /gome2b/offline/2021/01/14...
20:22:29 [0]: Processed 99/365
20:22:32 [11]: Processing /gome2b/offline/2021/09/13...
20:22:32 [0]: Processed 100/365
20:22:33 [0]: Processed 101/365
20:22:33 [10]: Processing /gome2b/offline/2021/08/06...
20:22:35 [5]: Finished: /gome2b/offline/2021/06/23.
20:22:35 [2]: Finished: /gome2b/offline/2021/02/23.
20:22:36 [0]: Processed 102/365
20:22:36 [11]: Processing /gome2b/offline/2021/06/23...
20:22:36 [10]: Processing /gome2b/offline/2021/02/23...
20:22:36 [0]: Processed 103/365
20:22:39 [0]: Processed 104/365
20:22:40 [0]: Processed 105/365
20:22:57 [9]: Finished: /gome2b/offline/2021/12/03.
20:22:57 [11]: Processing /gome2b/offline/2021/12/03...
20:22:58 [7]: Finished: /gome2b/offline/2021/09/14.
20:23:01 [0]: Processed 106/365
20:23:01 [11]: Processing /gome2b/offline/2021/09/14...
20:23:03 [8]: Finished: /gome2b/offline/2021/10/24.
20:23:04 [10]: Processing /gome2b/offline/2021/10/24...
20:23:04 [0]: Processed 107/365
20:23:06 [5]: Finished: /gome2b/offline/2021/06/24.
20:23:07 [11]: Processing /gome2b/offline/2021/06/24...
20:23:08 [0]: Processed 108/365
20:23:11 [0]: Processed 109/365
20:23:18 [4]: Finished: /gome2b/offline/2021/05/16.
20:23:20 [10]: Processing /gome2b/offline/2021/05/16...
20:23:20 [6]: Finished: /gome2b/offline/2021/08/07.
20:23:23 [11]: Processing /gome2b/offline/2021/08/07...
20:23:23 [0]: Processed 110/365
20:23:25 [2]: Finished: /gome2b/offline/2021/02/24.
20:23:26 [0]: Processed 111/365
20:23:26 [11]: Processing /gome2b/offline/2021/02/24...
20:23:30 [0]: Processed 112/365
20:23:31 [1]: Finished: /gome2b/offline/2021/01/15.
20:23:32 [10]: Processing /gome2b/offline/2021/01/15...
20:23:36 [0]: Processed 113/365
20:23:41 [3]: Finished: /gome2b/offline/2021/04/03.
20:23:42 [11]: Processing /gome2b/offline/2021/04/03...
20:23:43 [7]: Finished: /gome2b/offline/2021/09/15.
20:23:43 [9]: Finished: /gome2b/offline/2021/12/04.
20:23:45 [10]: Processing /gome2b/offline/2021/09/15...
20:23:45 [0]: Processed 114/365
20:23:45 [11]: Processing /gome2b/offline/2021/12/04...
20:23:49 [0]: Processed 115/365
20:23:49 [0]: Processed 116/365
20:23:53 [5]: Finished: /gome2b/offline/2021/06/25.
20:23:55 [10]: Processing /gome2b/offline/2021/06/25...
20:23:55 [8]: Finished: /gome2b/offline/2021/10/25.
20:23:58 [11]: Processing /gome2b/offline/2021/10/25...
20:23:58 [0]: Processed 117/365
20:24:01 [0]: Processed 118/365
20:24:05 [6]: Finished: /gome2b/offline/2021/08/08.
20:24:07 [11]: Processing /gome2b/offline/2021/08/08...
20:24:09 [1]: Finished: /gome2b/offline/2021/01/16.
20:24:10 [10]: Processing /gome2b/offline/2021/01/16...
20:24:10 [0]: Processed 119/365
20:24:13 [4]: Finished: /gome2b/offline/2021/05/17.
20:24:14 [11]: Processing /gome2b/offline/2021/05/17...
20:24:14 [0]: Processed 120/365
20:24:17 [0]: Processed 121/365
20:24:23 [5]: Finished: /gome2b/offline/2021/06/26.
20:24:24 [9]: Finished: /gome2b/offline/2021/12/05.
20:24:25 [2]: Finished: /gome2b/offline/2021/02/25.
20:24:26 [10]: Processing /gome2b/offline/2021/06/26...
20:24:26 [11]: Processing /gome2b/offline/2021/12/05...
20:24:28 [3]: Finished: /gome2b/offline/2021/04/04.
20:24:29 [8]: Finished: /gome2b/offline/2021/10/26.
20:24:29 [10]: Processing /gome2b/offline/2021/02/25...
20:24:29 [0]: Processed 122/365
20:24:30 [0]: Processed 123/365
20:24:30 [11]: Processing /gome2b/offline/2021/04/04...
20:24:33 [11]: Processing /gome2b/offline/2021/10/26...
20:24:33 [0]: Processed 124/365
20:24:33 [0]: Processed 125/365
20:24:36 [0]: Processed 126/365
20:24:49 [6]: Finished: /gome2b/offline/2021/08/09.
20:24:51 [10]: Processing /gome2b/offline/2021/08/09...
20:24:53 [7]: Finished: /gome2b/offline/2021/09/16.
20:24:54 [11]: Processing /gome2b/offline/2021/09/16...
20:24:55 [0]: Processed 127/365
20:24:57 [4]: Finished: /gome2b/offline/2021/05/18.
20:24:58 [10]: Processing /gome2b/offline/2021/05/18...
20:24:58 [0]: Processed 128/365
20:25:01 [0]: Processed 129/365
20:25:01 [1]: Finished: /gome2b/offline/2021/01/17.
20:25:02 [9]: Finished: /gome2b/offline/2021/12/06.
20:25:04 [11]: Processing /gome2b/offline/2021/01/17...
20:25:04 [10]: Processing /gome2b/offline/2021/12/06...
20:25:05 [3]: Finished: /gome2b/offline/2021/04/05.
20:25:08 [11]: Processing /gome2b/offline/2021/04/05...
20:25:08 [0]: Processed 130/365
20:25:08 [0]: Processed 131/365
20:25:11 [0]: Processed 132/365
20:25:20 [8]: Finished: /gome2b/offline/2021/10/27.
20:25:23 [10]: Processing /gome2b/offline/2021/10/27...
20:25:26 [4]: Finished: /gome2b/offline/2021/05/19.
20:25:26 [11]: Processing /gome2b/offline/2021/05/19...
20:25:26 [0]: Processed 133/365
20:25:29 [0]: Processed 134/365
20:25:38 [6]: Finished: /gome2b/offline/2021/08/10.
20:25:38 [10]: Processing /gome2b/offline/2021/08/10...
20:25:42 [0]: Processed 135/365
20:25:42 [2]: Finished: /gome2b/offline/2021/02/26.
20:25:43 [1]: Finished: /gome2b/offline/2021/01/18.
20:25:44 [11]: Processing /gome2b/offline/2021/02/26...
20:25:45 [10]: Processing /gome2b/offline/2021/01/18...
20:25:48 [0]: Processed 136/365
20:25:48 [0]: Processed 137/365
20:25:50 [7]: Finished: /gome2b/offline/2021/09/17.
20:25:51 [11]: Processing /gome2b/offline/2021/09/17...
20:25:54 [9]: Finished: /gome2b/offline/2021/12/07.
20:25:54 [0]: Processed 138/365
20:25:54 [11]: Processing /gome2b/offline/2021/12/07...
20:25:58 [0]: Processed 139/365
20:26:02 [8]: Finished: /gome2b/offline/2021/10/28.
20:26:03 [10]: Processing /gome2b/offline/2021/10/28...
20:26:03 [5]: Finished: /gome2b/offline/2021/06/27.
20:26:04 [11]: Processing /gome2b/offline/2021/06/27...
20:26:07 [0]: Processed 140/365
20:26:07 [0]: Processed 141/365
20:26:09 [3]: Finished: /gome2b/offline/2021/04/06.
20:26:10 [10]: Processing /gome2b/offline/2021/04/06...
20:26:14 [0]: Processed 142/365
20:26:14 [4]: Finished: /gome2b/offline/2021/05/20.
20:26:16 [11]: Processing /gome2b/offline/2021/05/20...
20:26:20 [0]: Processed 143/365
20:26:21 [2]: Finished: /gome2b/offline/2021/02/27.
20:26:21 [6]: Finished: /gome2b/offline/2021/08/11.
20:26:23 [10]: Processing /gome2b/offline/2021/02/27...
20:26:23 [11]: Processing /gome2b/offline/2021/08/11...
20:26:26 [0]: Processed 144/365
20:26:26 [0]: Processed 145/365
20:26:31 [5]: Finished: /gome2b/offline/2021/06/28.
20:26:32 [10]: Processing /gome2b/offline/2021/06/28...
20:26:36 [0]: Processed 146/365
20:26:36 [1]: Finished: /gome2b/offline/2021/01/19.
20:26:36 [8]: Finished: /gome2b/offline/2021/10/29.
20:26:38 [11]: Processing /gome2b/offline/2021/01/19...
20:26:39 [10]: Processing /gome2b/offline/2021/10/29...
20:26:41 [9]: Finished: /gome2b/offline/2021/12/08.
20:26:42 [0]: Processed 147/365
20:26:42 [11]: Processing /gome2b/offline/2021/12/08...
20:26:42 [0]: Processed 148/365
20:26:46 [0]: Processed 149/365
20:26:50 [6]: Finished: /gome2b/offline/2021/08/12.
20:26:51 [10]: Processing /gome2b/offline/2021/08/12...
20:26:55 [0]: Processed 150/365
20:27:00 [7]: Finished: /gome2b/offline/2021/09/18.
20:27:01 [11]: Processing /gome2b/offline/2021/09/18...
20:27:04 [0]: Processed 151/365
20:27:06 [3]: Finished: /gome2b/offline/2021/04/07.
20:27:07 [10]: Processing /gome2b/offline/2021/04/07...
20:27:09 [8]: Finished: /gome2b/offline/2021/10/30.
20:27:10 [11]: Processing /gome2b/offline/2021/10/30...
20:27:11 [0]: Processed 152/365
20:27:14 [0]: Processed 153/365
20:27:14 [1]: Finished: /gome2b/offline/2021/01/20.
20:27:14 [2]: Finished: /gome2b/offline/2021/02/28.
20:27:17 [11]: Processing /gome2b/offline/2021/01/20...
20:27:17 [10]: Processing /gome2b/offline/2021/02/28...
20:27:17 [5]: Finished: /gome2b/offline/2021/06/29.
20:27:20 [11]: Processing /gome2b/offline/2021/06/29...
20:27:20 [0]: Processed 154/365
20:27:21 [0]: Processed 155/365
20:27:23 [0]: Processed 156/365
20:27:36 [6]: Finished: /gome2b/offline/2021/08/13.
20:27:36 [10]: Processing /gome2b/offline/2021/08/13...
20:27:37 [9]: Finished: /gome2b/offline/2021/12/09.
20:27:38 [4]: Finished: /gome2b/offline/2021/05/21.
20:27:38 [11]: Processing /gome2b/offline/2021/12/09...
20:27:39 [10]: Processing /gome2b/offline/2021/05/21...
20:27:39 [0]: Processed 157/365
20:27:40 [7]: Finished: /gome2b/offline/2021/09/19.
20:27:42 [11]: Processing /gome2b/offline/2021/09/19...
20:27:42 [0]: Processed 158/365
20:27:43 [0]: Processed 159/365
20:27:43 [3]: Finished: /gome2b/offline/2021/04/08.
20:27:46 [0]: Processed 160/365
20:27:46 [11]: Processing /gome2b/offline/2021/04/08...
20:27:49 [0]: Processed 161/365
20:27:51 [1]: Finished: /gome2b/offline/2021/01/21.
20:27:52 [10]: Processing /gome2b/offline/2021/01/21...
20:27:52 [8]: Finished: /gome2b/offline/2021/10/31.
20:27:55 [11]: Processing /gome2b/offline/2021/10/31...
20:27:56 [0]: Processed 162/365
20:27:58 [0]: Processed 163/365
20:28:04 [5]: Finished: /gome2b/offline/2021/06/30.
20:28:05 [11]: Processing /gome2b/offline/2021/06/30...
20:28:08 [0]: Processed 164/365
20:28:10 [4]: Finished: /gome2b/offline/2021/05/22.
20:28:11 [11]: Processing /gome2b/offline/2021/05/22...
20:28:14 [0]: Processed 165/365
20:28:16 [7]: Finished: /gome2b/offline/2021/09/20.
20:28:16 [6]: Finished: /gome2b/offline/2021/08/14.
20:28:17 [10]: Processing /gome2b/offline/2021/09/20...
20:28:17 [11]: Processing /gome2b/offline/2021/08/14...
20:28:20 [0]: Processed 166/365
20:28:21 [0]: Processed 167/365
20:28:31 [1]: Finished: /gome2b/offline/2021/01/22.
20:28:32 [10]: Processing /gome2b/offline/2021/01/22...
20:28:33 [2]: Finished: /gome2b/offline/2021/03/01.
20:28:36 [11]: Processing /gome2b/offline/2021/03/01...
20:28:36 [0]: Processed 168/365
20:28:39 [0]: Processed 169/365
20:28:51 [6]: Finished: /gome2b/offline/2021/08/15.
20:28:51 [8]: Finished: /gome2b/offline/2021/11/01.
20:28:51 [11]: Processing /gome2b/offline/2021/08/15...
20:28:51 [5]: Finished: /gome2b/offline/2021/07/01.
20:28:51 [10]: Processing /gome2b/offline/2021/11/01...
20:28:54 [11]: Processing /gome2b/offline/2021/07/01...
20:28:54 [0]: Processed 170/365
20:28:55 [0]: Processed 171/365
20:28:57 [9]: Finished: /gome2b/offline/2021/12/10.
20:28:58 [11]: Processing /gome2b/offline/2021/12/10...
20:28:58 [0]: Processed 172/365
20:29:01 [0]: Processed 173/365
20:29:02 [3]: Finished: /gome2b/offline/2021/04/09.
20:29:04 [11]: Processing /gome2b/offline/2021/04/09...
20:29:08 [0]: Processed 174/365
20:29:17 [2]: Finished: /gome2b/offline/2021/03/02.
20:29:19 [10]: Processing /gome2b/offline/2021/03/02...
20:29:22 [1]: Finished: /gome2b/offline/2021/01/23.
20:29:23 [11]: Processing /gome2b/offline/2021/01/23...
20:29:23 [0]: Processed 175/365
20:29:23 [7]: Finished: /gome2b/offline/2021/09/21.
20:29:26 [10]: Processing /gome2b/offline/2021/09/21...
20:29:26 [6]: Finished: /gome2b/offline/2021/08/16.
20:29:26 [0]: Processed 176/365
20:29:28 [4]: Finished: /gome2b/offline/2021/05/23.
20:29:29 [0]: Processed 177/365
20:29:29 [10]: Processing /gome2b/offline/2021/08/16...
20:29:29 [11]: Processing /gome2b/offline/2021/05/23...
20:29:33 [0]: Processed 178/365
20:29:33 [0]: Processed 179/365
20:29:39 [5]: Finished: /gome2b/offline/2021/07/02.
20:29:39 [11]: Processing /gome2b/offline/2021/07/02...
20:29:42 [0]: Processed 180/365
20:29:45 [9]: Finished: /gome2b/offline/2021/12/11.
20:29:46 [11]: Processing /gome2b/offline/2021/12/11...
20:29:47 [3]: Finished: /gome2b/offline/2021/04/10.
20:29:48 [10]: Processing /gome2b/offline/2021/04/10...
20:29:49 [0]: Processed 181/365
20:29:52 [0]: Processed 182/365
20:30:08 [2]: Finished: /gome2b/offline/2021/03/03.
20:30:10 [10]: Processing /gome2b/offline/2021/03/03...
20:30:11 [4]: Finished: /gome2b/offline/2021/05/24.
20:30:13 [11]: Processing /gome2b/offline/2021/05/24...
20:30:13 [0]: Processed 183/365
20:30:14 [5]: Finished: /gome2b/offline/2021/07/03.
20:30:16 [6]: Finished: /gome2b/offline/2021/08/17.
20:30:16 [10]: Processing /gome2b/offline/2021/07/03...
20:30:16 [0]: Processed 184/365
20:30:16 [11]: Processing /gome2b/offline/2021/08/17...
20:30:20 [0]: Processed 185/365
20:30:20 [0]: Processed 186/365
20:30:22 [8]: Finished: /gome2b/offline/2021/11/02.
20:30:23 [11]: Processing /gome2b/offline/2021/11/02...
20:30:23 [1]: Finished: /gome2b/offline/2021/01/24.
20:30:26 [10]: Processing /gome2b/offline/2021/01/24...
20:30:26 [0]: Processed 187/365
20:30:30 [0]: Processed 188/365
20:30:34 [9]: Finished: /gome2b/offline/2021/12/12.
20:30:35 [11]: Processing /gome2b/offline/2021/12/12...
20:30:39 [0]: Processed 189/365
20:30:47 [3]: Finished: /gome2b/offline/2021/04/11.
20:30:48 [10]: Processing /gome2b/offline/2021/04/11...
20:30:51 [0]: Processed 190/365
20:30:52 [6]: Finished: /gome2b/offline/2021/08/18.
20:30:54 [11]: Processing /gome2b/offline/2021/08/18...
20:30:55 [7]: Finished: /gome2b/offline/2021/09/22.
20:30:57 [10]: Processing /gome2b/offline/2021/09/22...
20:30:57 [0]: Processed 191/365
20:31:00 [5]: Finished: /gome2b/offline/2021/07/04.
20:31:00 [11]: Processing /gome2b/offline/2021/07/04...
20:31:01 [0]: Processed 192/365
20:31:04 [0]: Processed 193/365
20:31:04 [4]: Finished: /gome2b/offline/2021/05/25.
20:31:05 [2]: Finished: /gome2b/offline/2021/03/04.
20:31:06 [1]: Finished: /gome2b/offline/2021/01/25.
20:31:07 [11]: Processing /gome2b/offline/2021/05/25...
20:31:07 [10]: Processing /gome2b/offline/2021/03/04...
20:31:10 [10]: Processing /gome2b/offline/2021/01/25...
20:31:10 [0]: Processed 194/365
20:31:10 [0]: Processed 195/365
20:31:14 [0]: Processed 196/365
20:31:16 [8]: Finished: /gome2b/offline/2021/11/03.
20:31:16 [11]: Processing /gome2b/offline/2021/11/03...
20:31:20 [0]: Processed 197/365
20:31:25 [9]: Finished: /gome2b/offline/2021/12/13.
20:31:26 [11]: Processing /gome2b/offline/2021/12/13...
20:31:29 [0]: Processed 198/365
20:31:30 [6]: Finished: /gome2b/offline/2021/08/19.
20:31:31 [5]: Finished: /gome2b/offline/2021/07/05.
20:31:32 [10]: Processing /gome2b/offline/2021/08/19...
20:31:32 [11]: Processing /gome2b/offline/2021/07/05...
20:31:36 [0]: Processed 199/365
20:31:36 [0]: Processed 200/365
20:31:42 [3]: Finished: /gome2b/offline/2021/04/12.
20:31:45 [10]: Processing /gome2b/offline/2021/04/12...
20:31:48 [0]: Processed 201/365
20:31:52 [2]: Finished: /gome2b/offline/2021/03/05.
20:31:54 [11]: Processing /gome2b/offline/2021/03/05...
20:31:54 [4]: Finished: /gome2b/offline/2021/05/26.
20:31:54 [10]: Processing /gome2b/offline/2021/05/26...
20:31:55 [7]: Finished: /gome2b/offline/2021/09/23.
20:31:57 [0]: Processed 202/365
20:31:57 [11]: Processing /gome2b/offline/2021/09/23...
20:31:58 [0]: Processed 203/365
20:32:00 [8]: Finished: /gome2b/offline/2021/11/04.
20:32:01 [11]: Processing /gome2b/offline/2021/11/04...
20:32:01 [0]: Processed 204/365
20:32:04 [0]: Processed 205/365
20:32:10 [5]: Finished: /gome2b/offline/2021/07/06.
20:32:10 [11]: Processing /gome2b/offline/2021/07/06...
20:32:12 [1]: Finished: /gome2b/offline/2021/01/26.
20:32:13 [10]: Processing /gome2b/offline/2021/01/26...
20:32:14 [0]: Processed 206/365
20:32:17 [0]: Processed 207/365
20:32:22 [9]: Finished: /gome2b/offline/2021/12/14.
20:32:23 [10]: Processing /gome2b/offline/2021/12/14...
20:32:26 [0]: Processed 208/365
20:32:29 [2]: Finished: /gome2b/offline/2021/03/06.
20:32:32 [11]: Processing /gome2b/offline/2021/03/06...
20:32:34 [3]: Finished: /gome2b/offline/2021/04/13.
20:32:35 [0]: Processed 209/365
20:32:35 [11]: Processing /gome2b/offline/2021/04/13...
20:32:37 [4]: Finished: /gome2b/offline/2021/05/27.
20:32:38 [10]: Processing /gome2b/offline/2021/05/27...
20:32:38 [0]: Processed 210/365
20:32:40 [1]: Finished: /gome2b/offline/2021/01/27.
20:32:41 [11]: Processing /gome2b/offline/2021/01/27...
20:32:42 [0]: Processed 211/365
20:32:45 [0]: Processed 212/365
20:32:48 [7]: Finished: /gome2b/offline/2021/09/24.
20:32:51 [11]: Processing /gome2b/offline/2021/09/24...
20:32:53 [6]: Finished: /gome2b/offline/2021/08/20.
20:32:54 [10]: Processing /gome2b/offline/2021/08/20...
20:32:54 [0]: Processed 213/365
20:32:57 [0]: Processed 214/365
20:32:58 [8]: Finished: /gome2b/offline/2021/11/05.
20:33:00 [11]: Processing /gome2b/offline/2021/11/05...
20:33:00 [3]: Finished: /gome2b/offline/2021/04/14.
20:33:01 [10]: Processing /gome2b/offline/2021/04/14...
20:33:01 [5]: Finished: /gome2b/offline/2021/07/07.
20:33:04 [11]: Processing /gome2b/offline/2021/07/07...
20:33:04 [0]: Processed 215/365
20:33:04 [0]: Processed 216/365
20:33:07 [0]: Processed 217/365
20:33:12 [9]: Finished: /gome2b/offline/2021/12/15.
20:33:13 [10]: Processing /gome2b/offline/2021/12/15...
20:33:17 [0]: Processed 218/365
20:33:18 [7]: Finished: /gome2b/offline/2021/09/25.
20:33:19 [11]: Processing /gome2b/offline/2021/09/25...
20:33:22 [0]: Processed 219/365
20:33:28 [4]: Finished: /gome2b/offline/2021/05/28.
20:33:28 [11]: Processing /gome2b/offline/2021/05/28...
20:33:29 [2]: Finished: /gome2b/offline/2021/03/07.
20:33:32 [10]: Processing /gome2b/offline/2021/03/07...
20:33:32 [0]: Processed 220/365
20:33:34 [3]: Finished: /gome2b/offline/2021/04/15.
20:33:35 [11]: Processing /gome2b/offline/2021/04/15...
20:33:35 [0]: Processed 221/365
20:33:38 [0]: Processed 222/365
20:33:43 [1]: Finished: /gome2b/offline/2021/01/28.
20:33:44 [10]: Processing /gome2b/offline/2021/01/28...
20:33:47 [6]: Finished: /gome2b/offline/2021/08/21.
20:33:47 [11]: Processing /gome2b/offline/2021/08/21...
20:33:48 [0]: Processed 223/365
20:33:49 [5]: Finished: /gome2b/offline/2021/07/08.
20:33:51 [10]: Processing /gome2b/offline/2021/07/08...
20:33:51 [0]: Processed 224/365
20:33:54 [0]: Processed 225/365
20:33:56 [9]: Finished: /gome2b/offline/2021/12/16.
20:33:57 [11]: Processing /gome2b/offline/2021/12/16...
20:33:59 [8]: Finished: /gome2b/offline/2021/11/06.
20:34:00 [11]: Processing /gome2b/offline/2021/11/06...
20:34:00 [0]: Processed 226/365
20:34:02 [7]: Finished: /gome2b/offline/2021/09/26.
20:34:03 [10]: Processing /gome2b/offline/2021/09/26...
20:34:04 [0]: Processed 227/365
20:34:07 [0]: Processed 228/365
20:34:10 [4]: Finished: /gome2b/offline/2021/05/29.
20:34:13 [10]: Processing /gome2b/offline/2021/05/29...
20:34:16 [0]: Processed 229/365
20:34:17 [7]: Finished: /gome2b/offline/2021/09/27.
20:34:18 [2]: Finished: /gome2b/offline/2021/03/08.
20:34:19 [11]: Processing /gome2b/offline/2021/09/27...
20:34:19 [10]: Processing /gome2b/offline/2021/03/08...
20:34:21 [0]: Processed 230/365
20:34:23 [0]: Processed 231/365
20:34:30 [1]: Finished: /gome2b/offline/2021/01/29.
20:34:32 [10]: Processing /gome2b/offline/2021/01/29...
20:34:35 [0]: Processed 232/365
20:34:40 [3]: Finished: /gome2b/offline/2021/04/16.
20:34:41 [10]: Processing /gome2b/offline/2021/04/16...
20:34:45 [0]: Processed 233/365
20:34:45 [2]: Finished: /gome2b/offline/2021/03/09.
20:34:45 [9]: Finished: /gome2b/offline/2021/12/17.
20:34:48 [10]: Processing /gome2b/offline/2021/03/09...
20:34:48 [11]: Processing /gome2b/offline/2021/12/17...
20:34:48 [6]: Finished: /gome2b/offline/2021/08/22.
20:34:51 [0]: Processed 234/365
20:34:51 [11]: Processing /gome2b/offline/2021/08/22...
20:34:51 [0]: Processed 235/365
20:34:55 [0]: Processed 236/365
20:34:55 [7]: Finished: /gome2b/offline/2021/09/28.
20:34:56 [5]: Finished: /gome2b/offline/2021/07/09.
20:34:58 [10]: Processing /gome2b/offline/2021/09/28...
20:34:58 [11]: Processing /gome2b/offline/2021/07/09...
20:34:59 [0]: Processed 237/365
20:35:01 [0]: Processed 238/365
20:35:01 [4]: Finished: /gome2b/offline/2021/05/30.
20:35:02 [10]: Processing /gome2b/offline/2021/05/30...
20:35:04 [8]: Finished: /gome2b/offline/2021/11/07.
20:35:06 [0]: Processed 239/365
20:35:06 [10]: Processing /gome2b/offline/2021/11/07...
20:35:10 [0]: Processed 240/365
20:35:16 [1]: Finished: /gome2b/offline/2021/01/30.
20:35:19 [10]: Processing /gome2b/offline/2021/01/30...
20:35:22 [0]: Processed 241/365
20:35:24 [2]: Finished: /gome2b/offline/2021/03/10.
20:35:25 [11]: Processing /gome2b/offline/2021/03/10...
20:35:28 [0]: Processed 242/365
20:35:30 [3]: Finished: /gome2b/offline/2021/04/17.
20:35:31 [10]: Processing /gome2b/offline/2021/04/17...
20:35:35 [0]: Processed 243/365
20:35:40 [5]: Finished: /gome2b/offline/2021/07/10.
20:35:41 [11]: Processing /gome2b/offline/2021/07/10...
20:35:41 [4]: Finished: /gome2b/offline/2021/05/31.
20:35:41 [10]: Processing /gome2b/offline/2021/05/31...
20:35:44 [0]: Processed 244/365
20:35:45 [7]: Finished: /gome2b/offline/2021/09/29.
20:35:45 [0]: Processed 245/365
20:35:45 [10]: Processing /gome2b/offline/2021/09/29...
20:35:46 [9]: Finished: /gome2b/offline/2021/12/18.
20:35:46 [1]: Finished: /gome2b/offline/2021/01/31.
20:35:47 [11]: Processing /gome2b/offline/2021/12/18...
20:35:48 [0]: Processed 246/365
20:35:48 [10]: Processing /gome2b/offline/2021/01/31...
20:35:50 [0]: Processed 247/365
20:35:52 [0]: Processed 248/365
20:35:53 [6]: Finished: /gome2b/offline/2021/08/23.
20:35:53 [11]: Processing /gome2b/offline/2021/08/23...
20:35:57 [2]: Finished: /gome2b/offline/2021/03/11.
20:35:57 [0]: Processed 249/365
20:35:58 [10]: Processing /gome2b/offline/2021/03/11...
20:36:01 [0]: Processed 250/365
20:36:10 [5]: Finished: /gome2b/offline/2021/07/11.
20:36:10 [10]: Processing /gome2b/offline/2021/07/11...
20:36:14 [0]: Processed 251/365
20:36:14 [8]: Finished: /gome2b/offline/2021/11/08.
20:36:15 [3]: Finished: /gome2b/offline/2021/04/18.
20:36:15 [11]: Processing /gome2b/offline/2021/11/08...
20:36:17 [10]: Processing /gome2b/offline/2021/04/18...
20:36:18 [9]: Finished: /gome2b/offline/2021/12/19.
20:36:18 [0]: Processed 252/365
20:36:18 [11]: Processing /gome2b/offline/2021/12/19...
20:36:20 [4]: Finished: /gome2b/offline/2021/06/01.
20:36:21 [10]: Processing /gome2b/offline/2021/06/01...
20:36:21 [0]: Processed 253/365
20:36:22 [0]: Processed 254/365
20:36:24 [0]: Processed 255/365
20:36:29 [2]: Finished: /gome2b/offline/2021/03/12.
20:36:30 [10]: Processing /gome2b/offline/2021/03/12...
20:36:34 [0]: Processed 256/365
20:36:34 [1]: Finished: /gome2b/offline/2021/02/01.
20:36:37 [10]: Processing /gome2b/offline/2021/02/01...
20:36:40 [0]: Processed 257/365
20:36:41 [7]: Finished: /gome2b/offline/2021/09/30.
20:36:43 [11]: Processing /gome2b/offline/2021/09/30...
20:36:46 [0]: Processed 258/365
20:36:49 [9]: Finished: /gome2b/offline/2021/12/20.
20:36:49 [10]: Processing /gome2b/offline/2021/12/20...
20:36:53 [0]: Processed 259/365
20:36:58 [6]: Finished: /gome2b/offline/2021/08/24.
20:36:58 [11]: Processing /gome2b/offline/2021/08/24...
20:37:00 [8]: Finished: /gome2b/offline/2021/11/09.
20:37:02 [0]: Processed 260/365
20:37:02 [11]: Processing /gome2b/offline/2021/11/09...
20:37:05 [0]: Processed 261/365
20:37:06 [2]: Finished: /gome2b/offline/2021/03/13.
20:37:08 [10]: Processing /gome2b/offline/2021/03/13...
20:37:11 [0]: Processed 262/365
20:37:14 [3]: Finished: /gome2b/offline/2021/04/19.
20:37:14 [10]: Processing /gome2b/offline/2021/04/19...
20:37:18 [0]: Processed 263/365
20:37:20 [5]: Finished: /gome2b/offline/2021/07/12.
20:37:20 [1]: Finished: /gome2b/offline/2021/02/02.
20:37:20 [11]: Processing /gome2b/offline/2021/07/12...
20:37:21 [10]: Processing /gome2b/offline/2021/02/02...
20:37:24 [0]: Processed 264/365
20:37:24 [0]: Processed 265/365
20:37:31 [6]: Finished: /gome2b/offline/2021/08/25.
20:37:33 [11]: Processing /gome2b/offline/2021/08/25...
20:37:34 [4]: Finished: /gome2b/offline/2021/06/02.
20:37:36 [0]: Processed 266/365
20:37:36 [11]: Processing /gome2b/offline/2021/06/02...
20:37:37 [9]: Finished: /gome2b/offline/2021/12/21.
20:37:39 [10]: Processing /gome2b/offline/2021/12/21...
20:37:40 [0]: Processed 267/365
20:37:43 [0]: Processed 268/365
20:37:47 [7]: Finished: /gome2b/offline/2021/10/01.
20:37:49 [10]: Processing /gome2b/offline/2021/10/01...
20:37:52 [0]: Processed 269/365
20:37:56 [1]: Finished: /gome2b/offline/2021/02/03.
20:37:58 [11]: Processing /gome2b/offline/2021/02/03...
20:37:58 [8]: Finished: /gome2b/offline/2021/11/10.
20:37:58 [10]: Processing /gome2b/offline/2021/11/10...
20:38:01 [0]: Processed 270/365
20:38:02 [0]: Processed 271/365
20:38:03 [6]: Finished: /gome2b/offline/2021/08/26.
20:38:04 [11]: Processing /gome2b/offline/2021/08/26...
20:38:08 [0]: Processed 272/365
20:38:12 [3]: Finished: /gome2b/offline/2021/04/20.
20:38:14 [11]: Processing /gome2b/offline/2021/04/20...
20:38:17 [5]: Finished: /gome2b/offline/2021/07/13.
20:38:17 [11]: Processing /gome2b/offline/2021/07/13...
20:38:17 [0]: Processed 273/365
20:38:22 [4]: Finished: /gome2b/offline/2021/06/03.
20:38:23 [10]: Processing /gome2b/offline/2021/06/03...
20:38:23 [9]: Finished: /gome2b/offline/2021/12/22.
20:38:23 [0]: Processed 274/365
20:38:23 [11]: Processing /gome2b/offline/2021/12/22...
20:38:24 [2]: Finished: /gome2b/offline/2021/03/14.
20:38:26 [0]: Processed 275/365
20:38:26 [11]: Processing /gome2b/offline/2021/03/14...
20:38:26 [0]: Processed 276/365
20:38:30 [0]: Processed 277/365
20:38:41 [1]: Finished: /gome2b/offline/2021/02/04.
20:38:41 [10]: Processing /gome2b/offline/2021/02/04...
20:38:45 [0]: Processed 278/365
20:38:47 [7]: Finished: /gome2b/offline/2021/10/02.
20:38:48 [11]: Processing /gome2b/offline/2021/10/02...
20:38:51 [8]: Finished: /gome2b/offline/2021/11/11.
20:38:52 [0]: Processed 279/365
20:38:52 [11]: Processing /gome2b/offline/2021/11/11...
20:38:54 [5]: Finished: /gome2b/offline/2021/07/14.
20:38:54 [10]: Processing /gome2b/offline/2021/07/14...
20:38:55 [0]: Processed 280/365
20:38:56 [6]: Finished: /gome2b/offline/2021/08/27.
20:38:58 [11]: Processing /gome2b/offline/2021/08/27...
20:39:00 [0]: Processed 281/365
20:39:01 [0]: Processed 282/365
20:39:03 [3]: Finished: /gome2b/offline/2021/04/21.
20:39:03 [10]: Processing /gome2b/offline/2021/04/21...
20:39:06 [0]: Processed 283/365
20:39:10 [9]: Finished: /gome2b/offline/2021/12/23.
20:39:10 [11]: Processing /gome2b/offline/2021/12/23...
20:39:14 [0]: Processed 284/365
20:39:16 [4]: Finished: /gome2b/offline/2021/06/04.
20:39:17 [11]: Processing /gome2b/offline/2021/06/04...
20:39:21 [0]: Processed 285/365
20:39:23 [2]: Finished: /gome2b/offline/2021/03/15.
20:39:24 [11]: Processing /gome2b/offline/2021/03/15...
20:39:24 [1]: Finished: /gome2b/offline/2021/02/05.
20:39:25 [7]: Finished: /gome2b/offline/2021/10/03.
20:39:27 [0]: Processed 286/365
20:39:27 [11]: Processing /gome2b/offline/2021/02/05...
20:39:27 [10]: Processing /gome2b/offline/2021/10/03...
20:39:30 [0]: Processed 287/365
20:39:31 [0]: Processed 288/365
20:39:38 [8]: Finished: /gome2b/offline/2021/11/12.
20:39:39 [11]: Processing /gome2b/offline/2021/11/12...
20:39:43 [0]: Processed 289/365
20:39:43 [6]: Finished: /gome2b/offline/2021/08/28.
20:39:46 [11]: Processing /gome2b/offline/2021/08/28...
20:39:49 [0]: Processed 290/365
20:39:53 [5]: Finished: /gome2b/offline/2021/07/15.
20:39:55 [10]: Processing /gome2b/offline/2021/07/15...
20:39:57 [3]: Finished: /gome2b/offline/2021/04/22.
20:39:58 [11]: Processing /gome2b/offline/2021/04/22...
20:40:01 [0]: Processed 291/365
20:40:02 [4]: Finished: /gome2b/offline/2021/06/05.
20:40:02 [0]: Processed 292/365
20:40:02 [11]: Processing /gome2b/offline/2021/06/05...
20:40:05 [2]: Finished: /gome2b/offline/2021/03/16.
20:40:05 [0]: Processed 293/365
20:40:07 [10]: Processing /gome2b/offline/2021/03/16...
20:40:11 [0]: Processed 294/365
20:40:17 [9]: Finished: /gome2b/offline/2021/12/24.
20:40:17 [8]: Finished: /gome2b/offline/2021/11/13.
20:40:17 [11]: Processing /gome2b/offline/2021/12/24...
20:40:18 [6]: Finished: /gome2b/offline/2021/08/29.
20:40:20 [10]: Processing /gome2b/offline/2021/11/13...
20:40:21 [0]: Processed 295/365
20:40:21 [11]: Processing /gome2b/offline/2021/08/29...
20:40:23 [0]: Processed 296/365
20:40:24 [0]: Processed 297/365
20:40:42 [3]: Finished: /gome2b/offline/2021/04/23.
20:40:44 [7]: Finished: /gome2b/offline/2021/10/04.
20:40:44 [10]: Processing /gome2b/offline/2021/04/23...
20:40:45 [2]: Finished: /gome2b/offline/2021/03/17.
20:40:45 [11]: Processing /gome2b/offline/2021/10/04...
20:40:47 [0]: Processed 298/365
20:40:47 [10]: Processing /gome2b/offline/2021/03/17...
20:40:49 [0]: Processed 299/365
20:40:49 [1]: Finished: /gome2b/offline/2021/02/06.
20:40:50 [4]: Finished: /gome2b/offline/2021/06/06.
20:40:51 [10]: Processing /gome2b/offline/2021/02/06...
20:40:51 [0]: Processed 300/365
20:40:52 [11]: Processing /gome2b/offline/2021/06/06...
20:40:54 [0]: Processed 301/365
20:40:55 [0]: Processed 302/365
20:41:02 [8]: Finished: /gome2b/offline/2021/11/14.
20:41:03 [10]: Processing /gome2b/offline/2021/11/14...
20:41:04 [5]: Finished: /gome2b/offline/2021/07/16.
20:41:07 [6]: Finished: /gome2b/offline/2021/08/30.
20:41:07 [10]: Processing /gome2b/offline/2021/07/16...
20:41:07 [0]: Processed 303/365
20:41:07 [11]: Processing /gome2b/offline/2021/08/30...
20:41:11 [0]: Processed 304/365
20:41:14 [0]: Processed 305/365
20:41:20 [9]: Finished: /gome2b/offline/2021/12/25.
20:41:23 [10]: Processing /gome2b/offline/2021/12/25...
20:41:26 [0]: Processed 306/365
20:41:28 [4]: Finished: /gome2b/offline/2021/06/07.
20:41:29 [11]: Processing /gome2b/offline/2021/06/07...
20:41:32 [0]: Processed 307/365
20:41:34 [3]: Finished: /gome2b/offline/2021/04/24.
20:41:35 [11]: Processing /gome2b/offline/2021/04/24...
20:41:38 [2]: Finished: /gome2b/offline/2021/03/18.
20:41:38 [10]: Processing /gome2b/offline/2021/03/18...
20:41:39 [0]: Processed 308/365
20:41:42 [0]: Processed 309/365
20:41:49 [6]: Finished: /gome2b/offline/2021/08/31.
20:41:51 [11]: Processing /gome2b/offline/2021/08/31...
20:41:52 [9]: Finished: /gome2b/offline/2021/12/26.
20:41:52 [1]: Finished: /gome2b/offline/2021/02/07.
20:41:54 [10]: Processing /gome2b/offline/2021/12/26...
20:41:54 [0]: Processed 310/365
20:41:54 [11]: Processing /gome2b/offline/2021/02/07...
20:41:56 [5]: Finished: /gome2b/offline/2021/07/17.
20:41:58 [0]: Processed 311/365
20:41:58 [10]: Processing /gome2b/offline/2021/07/17...
20:41:58 [0]: Processed 312/365
20:42:00 [7]: Finished: /gome2b/offline/2021/10/05.
20:42:01 [11]: Processing /gome2b/offline/2021/10/05...
20:42:04 [0]: Processed 313/365
20:42:04 [0]: Processed 314/365
20:42:06 [8]: Finished: /gome2b/offline/2021/11/15.
20:42:07 [10]: Processing /gome2b/offline/2021/11/15...
20:42:10 [0]: Processed 315/365
20:42:18 [3]: Finished: /gome2b/offline/2021/04/25.
20:42:19 [10]: Processing /gome2b/offline/2021/04/25...
20:42:23 [0]: Processed 316/365
20:42:31 [6]: Finished: /gome2b/offline/2021/09/01.
20:42:31 [4]: Finished: /gome2b/offline/2021/06/08.
20:42:31 [11]: Processing /gome2b/offline/2021/09/01...
20:42:32 [10]: Processing /gome2b/offline/2021/06/08...
20:42:35 [1]: Finished: /gome2b/offline/2021/02/08.
20:42:35 [0]: Processed 317/365
20:42:35 [11]: Processing /gome2b/offline/2021/02/08...
20:42:35 [0]: Processed 318/365
20:42:38 [7]: Finished: /gome2b/offline/2021/10/06.
20:42:38 [11]: Processing /gome2b/offline/2021/10/06...
20:42:38 [0]: Processed 319/365
20:42:41 [8]: Finished: /gome2b/offline/2021/11/16.
20:42:41 [0]: Processed 320/365
20:42:42 [9]: Finished: /gome2b/offline/2021/12/27.
20:42:44 [2]: Finished: /gome2b/offline/2021/03/19.
20:42:44 [10]: Processing /gome2b/offline/2021/11/16...
20:42:44 [11]: Processing /gome2b/offline/2021/12/27...
20:42:48 [11]: Processing /gome2b/offline/2021/03/19...
20:42:48 [0]: Processed 321/365
20:42:48 [0]: Processed 322/365
20:42:51 [0]: Processed 323/365
20:43:11 [5]: Finished: /gome2b/offline/2021/07/18.
20:43:12 [10]: Processing /gome2b/offline/2021/07/18...
20:43:16 [6]: Finished: /gome2b/offline/2021/09/02.
20:43:16 [6]: Closed FTP and signaled Rank 0.
20:43:16 [0]: A-worker retired (1/9)
20:43:18 [1]: Finished: /gome2b/offline/2021/02/09.
20:43:18 [0]: Processed 324/365
20:43:18 [10]: Processing /gome2b/offline/2021/09/02...
20:43:19 [11]: Processing /gome2b/offline/2021/02/09...
20:43:19 [9]: Finished: /gome2b/offline/2021/12/28.
20:43:20 [2]: Finished: /gome2b/offline/2021/03/20.
20:43:22 [10]: Processing /gome2b/offline/2021/12/28...
20:43:22 [0]: Processed 325/365
20:43:22 [11]: Processing /gome2b/offline/2021/03/20...
20:43:22 [0]: Processed 326/365
20:43:22 [8]: Finished: /gome2b/offline/2021/11/17.
20:43:25 [0]: Processed 327/365
20:43:25 [10]: Processing /gome2b/offline/2021/11/17...
20:43:26 [0]: Processed 328/365
20:43:28 [0]: Processed 329/365
20:43:28 [4]: Finished: /gome2b/offline/2021/06/09.
20:43:29 [11]: Processing /gome2b/offline/2021/06/09...
20:43:30 [3]: Finished: /gome2b/offline/2021/04/26.
20:43:31 [10]: Processing /gome2b/offline/2021/04/26...
20:43:32 [0]: Processed 330/365
20:43:33 [7]: Finished: /gome2b/offline/2021/10/07.
20:43:35 [0]: Processed 331/365
20:43:35 [10]: Processing /gome2b/offline/2021/10/07...
20:43:39 [0]: Processed 332/365
20:43:52 [8]: Finished: /gome2b/offline/2021/11/18.
20:43:53 [11]: Processing /gome2b/offline/2021/11/18...
20:43:57 [0]: Processed 333/365
20:44:02 [2]: Finished: /gome2b/offline/2021/03/21.
20:44:03 [10]: Processing /gome2b/offline/2021/03/21...
20:44:06 [9]: Finished: /gome2b/offline/2021/12/29.
20:44:06 [0]: Processed 334/365
20:44:06 [10]: Processing /gome2b/offline/2021/12/29...
20:44:10 [0]: Processed 335/365
20:44:12 [3]: Finished: /gome2b/offline/2021/04/27.
20:44:13 [10]: Processing /gome2b/offline/2021/04/27...
20:44:14 [5]: Finished: /gome2b/offline/2021/07/19.
20:44:15 [11]: Processing /gome2b/offline/2021/07/19...
20:44:16 [0]: Processed 336/365
20:44:20 [1]: Finished: /gome2b/offline/2021/02/10.
20:44:21 [1]: Closed FTP and signaled Rank 0.
20:44:21 [0]: A-worker retired (2/9)
20:44:21 [7]: Finished: /gome2b/offline/2021/10/08.
20:44:21 [11]: Processing /gome2b/offline/2021/02/10...
20:44:21 [0]: Processed 337/365
20:44:22 [10]: Processing /gome2b/offline/2021/10/08...
20:44:24 [0]: Processed 338/365
20:44:26 [8]: Finished: /gome2b/offline/2021/11/19.
20:44:26 [10]: Processing /gome2b/offline/2021/11/19...
20:44:26 [0]: Processed 339/365
20:44:29 [0]: Processed 340/365
20:44:42 [4]: Finished: /gome2b/offline/2021/06/10.
20:44:44 [10]: Processing /gome2b/offline/2021/06/10...
20:44:45 [9]: Finished: /gome2b/offline/2021/12/30.
20:44:48 [10]: Processing /gome2b/offline/2021/12/30...
20:44:48 [0]: Processed 341/365
20:44:50 [2]: Finished: /gome2b/offline/2021/03/22.
20:44:51 [5]: Finished: /gome2b/offline/2021/07/20.
20:44:51 [11]: Processing /gome2b/offline/2021/03/22...
20:44:51 [10]: Processing /gome2b/offline/2021/07/20...
20:44:51 [0]: Processed 342/365
20:44:55 [0]: Processed 343/365
20:44:58 [0]: Processed 344/365
20:45:03 [8]: Finished: /gome2b/offline/2021/11/20.
20:45:04 [10]: Processing /gome2b/offline/2021/11/20...
20:45:05 [7]: Finished: /gome2b/offline/2021/10/09.
20:45:07 [11]: Processing /gome2b/offline/2021/10/09...
20:45:07 [0]: Processed 345/365
20:45:10 [0]: Processed 346/365
20:45:15 [3]: Finished: /gome2b/offline/2021/04/28.
20:45:16 [10]: Processing /gome2b/offline/2021/04/28...
20:45:20 [0]: Processed 347/365
20:45:24 [9]: Finished: /gome2b/offline/2021/12/31.
20:45:25 [9]: Closed FTP and signaled Rank 0.
20:45:25 [0]: A-worker retired (3/9)
20:45:25 [11]: Processing /gome2b/offline/2021/12/31...
20:45:27 [4]: Finished: /gome2b/offline/2021/06/11.
20:45:29 [10]: Processing /gome2b/offline/2021/06/11...
20:45:29 [0]: Processed 348/365
20:45:30 [2]: Finished: /gome2b/offline/2021/03/23.
20:45:30 [2]: Closed FTP and signaled Rank 0.
20:45:30 [0]: A-worker retired (4/9)
20:45:32 [11]: Processing /gome2b/offline/2021/03/23...
20:45:32 [0]: Processed 349/365
20:45:35 [0]: Processed 350/365
20:45:38 [7]: Finished: /gome2b/offline/2021/10/10.
20:45:38 [11]: Processing /gome2b/offline/2021/10/10...
20:45:40 [5]: Finished: /gome2b/offline/2021/07/21.
20:45:40 [3]: Finished: /gome2b/offline/2021/04/29.
20:45:41 [10]: Processing /gome2b/offline/2021/07/21...
20:45:42 [11]: Processing /gome2b/offline/2021/04/29...
20:45:42 [0]: Processed 351/365
20:45:45 [0]: Processed 352/365
20:45:47 [0]: Processed 353/365
20:45:48 [8]: Finished: /gome2b/offline/2021/11/21.
20:45:48 [8]: Closed FTP and signaled Rank 0.
20:45:48 [0]: A-worker retired (5/9)
20:45:48 [11]: Processing /gome2b/offline/2021/11/21...
20:45:52 [0]: Processed 354/365
20:46:02 [7]: Finished: /gome2b/offline/2021/10/11.
20:46:03 [3]: Finished: /gome2b/offline/2021/04/30.
20:46:04 [11]: Processing /gome2b/offline/2021/10/11...
20:46:05 [10]: Processing /gome2b/offline/2021/04/30...
20:46:07 [0]: Processed 355/365
20:46:08 [0]: Processed 356/365
20:46:19 [5]: Finished: /gome2b/offline/2021/07/22.
20:46:20 [10]: Processing /gome2b/offline/2021/07/22...
20:46:26 [4]: Finished: /gome2b/offline/2021/06/12.
20:46:27 [0]: Processed 357/365
20:46:27 [10]: Processing /gome2b/offline/2021/06/12...
20:46:29 [7]: Finished: /gome2b/offline/2021/10/12.
20:46:29 [7]: Closed FTP and signaled Rank 0.
20:46:29 [0]: A-worker retired (6/9)
20:46:31 [10]: Processing /gome2b/offline/2021/10/12...
20:46:31 [0]: Processed 358/365
20:46:34 [0]: Processed 359/365
20:46:36 [3]: Finished: /gome2b/offline/2021/05/01.
20:46:37 [11]: Processing /gome2b/offline/2021/05/01...
20:46:41 [0]: Processed 360/365
20:46:56 [3]: Finished: /gome2b/offline/2021/05/02.
20:46:56 [11]: Processing /gome2b/offline/2021/05/02...
20:47:00 [0]: Processed 361/365
20:47:01 [5]: Finished: /gome2b/offline/2021/07/23.
20:47:01 [10]: Processing /gome2b/offline/2021/07/23...
20:47:07 [0]: Processed 362/365
20:47:10 [4]: Finished: /gome2b/offline/2021/06/13.
20:47:10 [4]: Closed FTP and signaled Rank 0.
20:47:10 [0]: A-worker retired (7/9)
20:47:10 [10]: Processing /gome2b/offline/2021/06/13...
20:47:14 [0]: Processed 363/365
20:47:22 [3]: Finished: /gome2b/offline/2021/05/03.
20:47:22 [3]: Closed FTP and signaled Rank 0.
20:47:22 [0]: A-worker retired (8/9)
20:47:23 [10]: Processing /gome2b/offline/2021/05/03...
20:47:26 [0]: Processed 364/365
20:47:29 [5]: Finished: /gome2b/offline/2021/07/24.
20:47:29 [5]: Closed FTP and signaled Rank 0.
20:47:29 [0]: A-worker retired (9/9)
20:47:29 [10]: Processing /gome2b/offline/2021/07/24...
20:47:30 [11]: Received STOP signal. Exiting.
20:47:35 [10]: Received STOP signal. Exiting.
20:47:35 [0]: Processed 365/365
20:47:35 [0]: All workers finished. Breaking loop.
20:47:35 [0]: All tasks processed. Sending shutdown signal.
20:47:35 [0]: Merging 730 files into master CSV...
<function now at 0x152e57f4fd90> [0]: Until merge run duration: 2099.5766718387604 s
