23:00:58 [10]: B-Worker ready for processing.
23:00:58 [10]: B-Worker active.
23:00:58 [11]: B-Worker ready for processing.
23:00:58 [9]: A-Worker received 40 days to fetch.
23:00:58 [11]: B-Worker active.
23:00:58 [0]: Prepared 365 total daily links.
23:00:58 [0]: Orchestrator active. Pool is live.
23:00:58 [1]: A-Worker received 41 days to fetch.
23:00:58 [2]: A-Worker received 41 days to fetch.
23:00:58 [3]: A-Worker received 41 days to fetch.
23:00:58 [4]: A-Worker received 41 days to fetch.
23:00:58 [5]: A-Worker received 41 days to fetch.
23:00:58 [6]: A-Worker received 40 days to fetch.
23:00:58 [7]: A-Worker received 40 days to fetch.
23:00:58 [8]: A-Worker received 40 days to fetch.
23:00:58 [8]: FTP Connected.
23:00:58 [9]: FTP Connected.
23:00:58 [7]: FTP Connected.
23:00:58 [1]: FTP Connected.
23:00:58 [4]: FTP Connected.
23:00:58 [3]: FTP Connected.
23:00:58 [5]: FTP Connected.
23:00:58 [6]: FTP Connected.
23:00:58 [2]: FTP Connected.
23:01:59 [5]: Finished: /gome2b/offline/2018/06/14.
23:02:01 [6]: Finished: /gome2b/offline/2018/07/25.
23:02:01 [10]: Processing /gome2b/offline/2018/06/14...
23:02:01 [11]: Processing /gome2b/offline/2018/07/25...
23:02:05 [0]: Processed 1/365
23:02:05 [0]: Processed 2/365
23:02:07 [9]: Finished: /gome2b/offline/2018/11/22.
23:02:08 [10]: Processing /gome2b/offline/2018/11/22...
23:02:11 [0]: Processed 3/365
23:02:14 [7]: Finished: /gome2b/offline/2018/09/03.
23:02:14 [11]: Processing /gome2b/offline/2018/09/03...
23:02:18 [0]: Processed 4/365
23:02:18 [8]: Finished: /gome2b/offline/2018/10/13.
23:02:20 [10]: Processing /gome2b/offline/2018/10/13...
23:02:22 [1]: Finished: /gome2b/offline/2018/01/01.
23:02:22 [3]: Finished: /gome2b/offline/2018/03/24.
23:02:24 [11]: Processing /gome2b/offline/2018/01/01...
23:02:24 [0]: Processed 5/365
23:02:24 [10]: Processing /gome2b/offline/2018/03/24...
23:02:27 [0]: Processed 6/365
23:02:27 [0]: Processed 7/365
23:02:37 [2]: Finished: /gome2b/offline/2018/02/11.
23:02:38 [4]: Finished: /gome2b/offline/2018/05/04.
23:02:39 [11]: Processing /gome2b/offline/2018/02/11...
23:02:39 [10]: Processing /gome2b/offline/2018/05/04...
23:02:42 [0]: Processed 8/365
23:02:43 [0]: Processed 9/365
23:03:05 [6]: Finished: /gome2b/offline/2018/07/26.
23:03:06 [11]: Processing /gome2b/offline/2018/07/26...
23:03:10 [0]: Processed 10/365
23:03:20 [9]: Finished: /gome2b/offline/2018/11/23.
23:03:22 [10]: Processing /gome2b/offline/2018/11/23...
23:03:24 [5]: Finished: /gome2b/offline/2018/06/15.
23:03:25 [11]: Processing /gome2b/offline/2018/06/15...
23:03:25 [0]: Processed 11/365
23:03:29 [0]: Processed 12/365
23:03:44 [1]: Finished: /gome2b/offline/2018/01/02.
23:03:44 [11]: Processing /gome2b/offline/2018/01/02...
23:03:46 [3]: Finished: /gome2b/offline/2018/03/25.
23:03:46 [10]: Processing /gome2b/offline/2018/03/25...
23:03:47 [0]: Processed 13/365
23:03:49 [7]: Finished: /gome2b/offline/2018/09/04.
23:03:50 [10]: Processing /gome2b/offline/2018/09/04...
23:03:50 [0]: Processed 14/365
23:03:53 [8]: Finished: /gome2b/offline/2018/10/14.
23:03:53 [0]: Processed 15/365
23:03:53 [10]: Processing /gome2b/offline/2018/10/14...
23:03:57 [0]: Processed 16/365
23:04:02 [4]: Finished: /gome2b/offline/2018/05/05.
23:04:03 [11]: Processing /gome2b/offline/2018/05/05...
23:04:06 [9]: Finished: /gome2b/offline/2018/11/24.
23:04:06 [11]: Processing /gome2b/offline/2018/11/24...
23:04:06 [0]: Processed 17/365
23:04:10 [0]: Processed 18/365
23:04:18 [2]: Finished: /gome2b/offline/2018/02/12.
23:04:19 [11]: Processing /gome2b/offline/2018/02/12...
23:04:23 [0]: Processed 19/365
23:04:35 [5]: Finished: /gome2b/offline/2018/06/16.
23:04:36 [10]: Processing /gome2b/offline/2018/06/16...
23:04:39 [6]: Finished: /gome2b/offline/2018/07/27.
23:04:39 [10]: Processing /gome2b/offline/2018/07/27...
23:04:39 [0]: Processed 20/365
23:04:43 [0]: Processed 21/365
23:04:53 [1]: Finished: /gome2b/offline/2018/01/03.
23:04:55 [10]: Processing /gome2b/offline/2018/01/03...
23:04:57 [9]: Finished: /gome2b/offline/2018/11/25.
23:04:58 [10]: Processing /gome2b/offline/2018/11/25...
23:04:58 [0]: Processed 22/365
23:05:02 [0]: Processed 23/365
23:05:07 [8]: Finished: /gome2b/offline/2018/10/15.
23:05:08 [10]: Processing /gome2b/offline/2018/10/15...
23:05:09 [7]: Finished: /gome2b/offline/2018/09/05.
23:05:11 [11]: Processing /gome2b/offline/2018/09/05...
23:05:11 [0]: Processed 24/365
23:05:14 [0]: Processed 25/365
23:05:17 [3]: Finished: /gome2b/offline/2018/03/26.
23:05:17 [11]: Processing /gome2b/offline/2018/03/26...
23:05:17 [2]: Finished: /gome2b/offline/2018/02/13.
23:05:20 [10]: Processing /gome2b/offline/2018/02/13...
23:05:21 [0]: Processed 26/365
23:05:23 [0]: Processed 27/365
23:05:33 [4]: Finished: /gome2b/offline/2018/05/06.
23:05:35 [10]: Processing /gome2b/offline/2018/05/06...
23:05:37 [5]: Finished: /gome2b/offline/2018/06/17.
23:05:39 [11]: Processing /gome2b/offline/2018/06/17...
23:05:39 [0]: Processed 28/365
23:05:42 [0]: Processed 29/365
23:05:49 [6]: Finished: /gome2b/offline/2018/07/28.
23:05:51 [10]: Processing /gome2b/offline/2018/07/28...
23:05:54 [0]: Processed 30/365
23:06:06 [2]: Finished: /gome2b/offline/2018/02/14.
23:06:06 [11]: Processing /gome2b/offline/2018/02/14...
23:06:10 [0]: Processed 31/365
23:06:18 [9]: Finished: /gome2b/offline/2018/11/26.
23:06:18 [10]: Processing /gome2b/offline/2018/11/26...
23:06:21 [1]: Finished: /gome2b/offline/2018/01/04.
23:06:22 [11]: Processing /gome2b/offline/2018/01/04...
23:06:22 [0]: Processed 32/365
23:06:24 [8]: Finished: /gome2b/offline/2018/10/16.
23:06:25 [10]: Processing /gome2b/offline/2018/10/16...
23:06:26 [0]: Processed 33/365
23:06:28 [0]: Processed 34/365
23:06:42 [4]: Finished: /gome2b/offline/2018/05/07.
23:06:43 [10]: Processing /gome2b/offline/2018/05/07...
23:06:47 [0]: Processed 35/365
23:06:47 [7]: Finished: /gome2b/offline/2018/09/06.
23:06:50 [3]: Finished: /gome2b/offline/2018/03/27.
23:06:50 [11]: Processing /gome2b/offline/2018/09/06...
23:06:50 [10]: Processing /gome2b/offline/2018/03/27...
23:06:53 [0]: Processed 36/365
23:06:54 [0]: Processed 37/365
23:07:10 [5]: Finished: /gome2b/offline/2018/06/18.
23:07:11 [11]: Processing /gome2b/offline/2018/06/18...
23:07:15 [0]: Processed 38/365
23:07:28 [6]: Finished: /gome2b/offline/2018/07/29.
23:07:30 [11]: Processing /gome2b/offline/2018/07/29...
23:07:31 [8]: Finished: /gome2b/offline/2018/10/17.
23:07:31 [3]: Finished: /gome2b/offline/2018/03/28.
23:07:33 [10]: Processing /gome2b/offline/2018/10/17...
23:07:33 [11]: Processing /gome2b/offline/2018/03/28...
23:07:33 [0]: Processed 39/365
23:07:34 [2]: Finished: /gome2b/offline/2018/02/15.
23:07:34 [1]: Finished: /gome2b/offline/2018/01/05.
23:07:36 [0]: Processed 40/365
23:07:36 [10]: Processing /gome2b/offline/2018/02/15...
23:07:37 [11]: Processing /gome2b/offline/2018/01/05...
23:07:37 [0]: Processed 41/365
23:07:40 [0]: Processed 42/365
23:07:40 [0]: Processed 43/365
23:07:49 [4]: Finished: /gome2b/offline/2018/05/08.
23:07:50 [9]: Finished: /gome2b/offline/2018/11/27.
23:07:52 [10]: Processing /gome2b/offline/2018/05/08...
23:07:52 [11]: Processing /gome2b/offline/2018/11/27...
23:07:55 [0]: Processed 44/365
23:07:56 [0]: Processed 45/365
23:07:59 [3]: Finished: /gome2b/offline/2018/03/29.
23:08:01 [7]: Finished: /gome2b/offline/2018/09/07.
23:08:01 [10]: Processing /gome2b/offline/2018/03/29...
23:08:02 [11]: Processing /gome2b/offline/2018/09/07...
23:08:05 [0]: Processed 46/365
23:08:05 [8]: Finished: /gome2b/offline/2018/10/18.
23:08:05 [11]: Processing /gome2b/offline/2018/10/18...
23:08:05 [0]: Processed 47/365
23:08:09 [0]: Processed 48/365
23:08:20 [2]: Finished: /gome2b/offline/2018/02/16.
23:08:21 [1]: Finished: /gome2b/offline/2018/01/06.
23:08:21 [11]: Processing /gome2b/offline/2018/02/16...
23:08:21 [4]: Finished: /gome2b/offline/2018/05/09.
23:08:23 [10]: Processing /gome2b/offline/2018/01/06...
23:08:23 [6]: Finished: /gome2b/offline/2018/07/30.
23:08:24 [11]: Processing /gome2b/offline/2018/05/09...
23:08:24 [0]: Processed 49/365
23:08:25 [5]: Finished: /gome2b/offline/2018/06/19.
23:08:26 [0]: Processed 50/365
23:08:26 [10]: Processing /gome2b/offline/2018/07/30...
23:08:28 [0]: Processed 51/365
23:08:28 [11]: Processing /gome2b/offline/2018/06/19...
23:08:30 [0]: Processed 52/365
23:08:32 [0]: Processed 53/365
23:08:34 [9]: Finished: /gome2b/offline/2018/11/28.
23:08:35 [11]: Processing /gome2b/offline/2018/11/28...
23:08:38 [0]: Processed 54/365
23:08:39 [3]: Finished: /gome2b/offline/2018/03/30.
23:08:41 [11]: Processing /gome2b/offline/2018/03/30...
23:08:45 [0]: Processed 55/365
23:09:00 [7]: Finished: /gome2b/offline/2018/09/08.
23:09:03 [10]: Processing /gome2b/offline/2018/09/08...
23:09:06 [0]: Processed 56/365
23:09:08 [5]: Finished: /gome2b/offline/2018/06/20.
23:09:09 [11]: Processing /gome2b/offline/2018/06/20...
23:09:10 [9]: Finished: /gome2b/offline/2018/11/29.
23:09:11 [1]: Finished: /gome2b/offline/2018/01/07.
23:09:11 [2]: Finished: /gome2b/offline/2018/02/17.
23:09:12 [10]: Processing /gome2b/offline/2018/11/29...
23:09:12 [0]: Processed 57/365
23:09:12 [11]: Processing /gome2b/offline/2018/01/07...
23:09:13 [8]: Finished: /gome2b/offline/2018/10/19.
23:09:16 [11]: Processing /gome2b/offline/2018/02/17...
23:09:16 [0]: Processed 58/365
23:09:16 [10]: Processing /gome2b/offline/2018/10/19...
23:09:16 [0]: Processed 59/365
23:09:19 [0]: Processed 60/365
23:09:20 [0]: Processed 61/365
23:09:20 [4]: Finished: /gome2b/offline/2018/05/10.
23:09:21 [6]: Finished: /gome2b/offline/2018/07/31.
23:09:22 [10]: Processing /gome2b/offline/2018/05/10...
23:09:23 [11]: Processing /gome2b/offline/2018/07/31...
23:09:26 [0]: Processed 62/365
23:09:26 [0]: Processed 63/365
23:09:36 [7]: Finished: /gome2b/offline/2018/09/09.
23:09:38 [10]: Processing /gome2b/offline/2018/09/09...
23:09:42 [0]: Processed 64/365
23:09:51 [9]: Finished: /gome2b/offline/2018/11/30.
23:09:53 [8]: Finished: /gome2b/offline/2018/10/20.
23:09:54 [11]: Processing /gome2b/offline/2018/11/30...
23:09:54 [10]: Processing /gome2b/offline/2018/10/20...
23:09:54 [4]: Finished: /gome2b/offline/2018/05/11.
23:09:56 [3]: Finished: /gome2b/offline/2018/03/31.
23:09:57 [0]: Processed 65/365
23:09:57 [11]: Processing /gome2b/offline/2018/05/11...
23:09:57 [0]: Processed 66/365
23:09:57 [10]: Processing /gome2b/offline/2018/03/31...
23:10:00 [0]: Processed 67/365
23:10:01 [0]: Processed 68/365
23:10:06 [2]: Finished: /gome2b/offline/2018/02/18.
23:10:06 [11]: Processing /gome2b/offline/2018/02/18...
23:10:07 [1]: Finished: /gome2b/offline/2018/01/08.
23:10:10 [10]: Processing /gome2b/offline/2018/01/08...
23:10:10 [5]: Finished: /gome2b/offline/2018/06/21.
23:10:10 [0]: Processed 69/365
23:10:10 [11]: Processing /gome2b/offline/2018/06/21...
23:10:13 [0]: Processed 70/365
23:10:13 [0]: Processed 71/365
23:10:23 [6]: Finished: /gome2b/offline/2018/08/01.
23:10:25 [10]: Processing /gome2b/offline/2018/08/01...
23:10:26 [7]: Finished: /gome2b/offline/2018/09/10.
23:10:26 [4]: Finished: /gome2b/offline/2018/05/12.
23:10:29 [11]: Processing /gome2b/offline/2018/09/10...
23:10:29 [10]: Processing /gome2b/offline/2018/05/12...
23:10:29 [0]: Processed 72/365
23:10:32 [0]: Processed 73/365
23:10:32 [0]: Processed 74/365
23:10:39 [2]: Finished: /gome2b/offline/2018/02/19.
23:10:41 [11]: Processing /gome2b/offline/2018/02/19...
23:10:45 [0]: Processed 75/365
23:10:46 [3]: Finished: /gome2b/offline/2018/04/01.
23:10:46 [9]: Finished: /gome2b/offline/2018/12/01.
23:10:47 [10]: Processing /gome2b/offline/2018/04/01...
23:10:48 [11]: Processing /gome2b/offline/2018/12/01...
23:10:51 [0]: Processed 76/365
23:10:51 [0]: Processed 77/365
23:11:00 [8]: Finished: /gome2b/offline/2018/10/21.
23:11:00 [10]: Processing /gome2b/offline/2018/10/21...
23:11:02 [6]: Finished: /gome2b/offline/2018/08/02.
23:11:03 [11]: Processing /gome2b/offline/2018/08/02...
23:11:04 [0]: Processed 78/365
23:11:07 [0]: Processed 79/365
23:11:09 [1]: Finished: /gome2b/offline/2018/01/09.
23:11:10 [10]: Processing /gome2b/offline/2018/01/09...
23:11:13 [0]: Processed 80/365
23:11:14 [5]: Finished: /gome2b/offline/2018/06/22.
23:11:16 [11]: Processing /gome2b/offline/2018/06/22...
23:11:19 [0]: Processed 81/365
23:11:20 [3]: Finished: /gome2b/offline/2018/04/02.
23:11:20 [4]: Finished: /gome2b/offline/2018/05/13.
23:11:21 [7]: Finished: /gome2b/offline/2018/09/11.
23:11:22 [10]: Processing /gome2b/offline/2018/04/02...
23:11:22 [11]: Processing /gome2b/offline/2018/05/13...
23:11:26 [0]: Processed 82/365
23:11:26 [10]: Processing /gome2b/offline/2018/09/11...
23:11:26 [0]: Processed 83/365
23:11:29 [0]: Processed 84/365
23:11:36 [2]: Finished: /gome2b/offline/2018/02/20.
23:11:38 [10]: Processing /gome2b/offline/2018/02/20...
23:11:41 [0]: Processed 85/365
23:11:45 [1]: Finished: /gome2b/offline/2018/01/10.
23:11:47 [11]: Processing /gome2b/offline/2018/01/10...
23:11:48 [8]: Finished: /gome2b/offline/2018/10/22.
23:11:49 [5]: Finished: /gome2b/offline/2018/06/23.
23:11:50 [10]: Processing /gome2b/offline/2018/10/22...
23:11:51 [0]: Processed 86/365
23:11:51 [11]: Processing /gome2b/offline/2018/06/23...
23:11:54 [0]: Processed 87/365
23:11:54 [0]: Processed 88/365
23:11:58 [6]: Finished: /gome2b/offline/2018/08/03.
23:12:00 [10]: Processing /gome2b/offline/2018/08/03...
23:12:03 [0]: Processed 89/365
23:12:13 [9]: Finished: /gome2b/offline/2018/12/02.
23:12:15 [10]: Processing /gome2b/offline/2018/12/02...
23:12:18 [4]: Finished: /gome2b/offline/2018/05/14.
23:12:18 [11]: Processing /gome2b/offline/2018/05/14...
23:12:19 [0]: Processed 90/365
23:12:22 [0]: Processed 91/365
23:12:23 [3]: Finished: /gome2b/offline/2018/04/03.
23:12:25 [10]: Processing /gome2b/offline/2018/04/03...
23:12:28 [0]: Processed 92/365
23:12:29 [7]: Finished: /gome2b/offline/2018/09/12.
23:12:31 [11]: Processing /gome2b/offline/2018/09/12...
23:12:35 [0]: Processed 93/365
23:12:40 [2]: Finished: /gome2b/offline/2018/02/21.
23:12:40 [6]: Finished: /gome2b/offline/2018/08/04.
23:12:40 [10]: Processing /gome2b/offline/2018/02/21...
23:12:41 [11]: Processing /gome2b/offline/2018/08/04...
23:12:43 [5]: Finished: /gome2b/offline/2018/06/24.
23:12:44 [0]: Processed 94/365
23:12:44 [10]: Processing /gome2b/offline/2018/06/24...
23:12:44 [0]: Processed 95/365
23:12:47 [0]: Processed 96/365
23:12:54 [9]: Finished: /gome2b/offline/2018/12/03.
23:12:56 [10]: Processing /gome2b/offline/2018/12/03...
23:12:59 [1]: Finished: /gome2b/offline/2018/01/11.
23:13:00 [11]: Processing /gome2b/offline/2018/01/11...
23:13:00 [0]: Processed 97/365
23:13:02 [8]: Finished: /gome2b/offline/2018/10/23.
23:13:03 [10]: Processing /gome2b/offline/2018/10/23...
23:13:03 [0]: Processed 98/365
23:13:06 [0]: Processed 99/365
23:13:09 [7]: Finished: /gome2b/offline/2018/09/13.
23:13:09 [3]: Finished: /gome2b/offline/2018/04/04.
23:13:09 [10]: Processing /gome2b/offline/2018/09/13...
23:13:12 [11]: Processing /gome2b/offline/2018/04/04...
23:13:13 [0]: Processed 100/365
23:13:15 [0]: Processed 101/365
23:13:36 [4]: Finished: /gome2b/offline/2018/05/15.
23:13:37 [10]: Processing /gome2b/offline/2018/05/15...
23:13:40 [2]: Finished: /gome2b/offline/2018/02/22.
23:13:41 [10]: Processing /gome2b/offline/2018/02/22...
23:13:41 [0]: Processed 102/365
23:13:44 [0]: Processed 103/365
23:13:46 [8]: Finished: /gome2b/offline/2018/10/24.
23:13:47 [10]: Processing /gome2b/offline/2018/10/24...
23:13:51 [0]: Processed 104/365
23:13:57 [9]: Finished: /gome2b/offline/2018/12/04.
23:13:57 [11]: Processing /gome2b/offline/2018/12/04...
23:14:00 [6]: Finished: /gome2b/offline/2018/08/05.
23:14:01 [11]: Processing /gome2b/offline/2018/08/05...
23:14:01 [0]: Processed 105/365
23:14:04 [3]: Finished: /gome2b/offline/2018/04/05.
23:14:05 [0]: Processed 106/365
23:14:05 [11]: Processing /gome2b/offline/2018/04/05...
23:14:06 [5]: Finished: /gome2b/offline/2018/06/25.
23:14:08 [0]: Processed 107/365
23:14:08 [11]: Processing /gome2b/offline/2018/06/25...
23:14:11 [1]: Finished: /gome2b/offline/2018/01/12.
23:14:12 [11]: Processing /gome2b/offline/2018/01/12...
23:14:12 [0]: Processed 108/365
23:14:15 [0]: Processed 109/365
23:14:24 [2]: Finished: /gome2b/offline/2018/02/23.
23:14:24 [10]: Processing /gome2b/offline/2018/02/23...
23:14:27 [0]: Processed 110/365
23:14:28 [7]: Finished: /gome2b/offline/2018/09/14.
23:14:30 [11]: Processing /gome2b/offline/2018/09/14...
23:14:33 [8]: Finished: /gome2b/offline/2018/10/25.
23:14:33 [10]: Processing /gome2b/offline/2018/10/25...
23:14:33 [0]: Processed 111/365
23:14:34 [4]: Finished: /gome2b/offline/2018/05/16.
23:14:36 [11]: Processing /gome2b/offline/2018/05/16...
23:14:37 [0]: Processed 112/365
23:14:40 [0]: Processed 113/365
23:14:44 [9]: Finished: /gome2b/offline/2018/12/05.
23:14:46 [10]: Processing /gome2b/offline/2018/12/05...
23:14:49 [0]: Processed 114/365
23:14:57 [1]: Finished: /gome2b/offline/2018/01/13.
23:14:58 [10]: Processing /gome2b/offline/2018/01/13...
23:15:01 [0]: Processed 115/365
23:15:06 [6]: Finished: /gome2b/offline/2018/08/06.
23:15:07 [11]: Processing /gome2b/offline/2018/08/06...
23:15:11 [0]: Processed 116/365
23:15:18 [2]: Finished: /gome2b/offline/2018/02/24.
23:15:19 [10]: Processing /gome2b/offline/2018/02/24...
23:15:22 [5]: Finished: /gome2b/offline/2018/06/26.
23:15:23 [11]: Processing /gome2b/offline/2018/06/26...
23:15:23 [0]: Processed 117/365
23:15:25 [3]: Finished: /gome2b/offline/2018/04/06.
23:15:26 [10]: Processing /gome2b/offline/2018/04/06...
23:15:26 [0]: Processed 118/365
23:15:29 [0]: Processed 119/365
23:15:31 [7]: Finished: /gome2b/offline/2018/09/15.
23:15:32 [11]: Processing /gome2b/offline/2018/09/15...
23:15:36 [0]: Processed 120/365
23:15:36 [9]: Finished: /gome2b/offline/2018/12/06.
23:15:38 [10]: Processing /gome2b/offline/2018/12/06...
23:15:42 [0]: Processed 121/365
23:15:47 [4]: Finished: /gome2b/offline/2018/05/17.
23:15:48 [11]: Processing /gome2b/offline/2018/05/17...
23:15:51 [0]: Processed 122/365
23:16:05 [1]: Finished: /gome2b/offline/2018/01/14.
23:16:05 [8]: Finished: /gome2b/offline/2018/10/26.
23:16:06 [10]: Processing /gome2b/offline/2018/10/26...
23:16:06 [11]: Processing /gome2b/offline/2018/01/14...
23:16:10 [0]: Processed 123/365
23:16:10 [0]: Processed 124/365
23:16:14 [6]: Finished: /gome2b/offline/2018/08/07.
23:16:16 [10]: Processing /gome2b/offline/2018/08/07...
23:16:19 [0]: Processed 125/365
23:16:26 [2]: Finished: /gome2b/offline/2018/02/25.
23:16:28 [11]: Processing /gome2b/offline/2018/02/25...
23:16:31 [0]: Processed 126/365
23:16:36 [5]: Finished: /gome2b/offline/2018/06/27.
23:16:37 [10]: Processing /gome2b/offline/2018/06/27...
23:16:37 [4]: Finished: /gome2b/offline/2018/05/18.
23:16:37 [11]: Processing /gome2b/offline/2018/05/18...
23:16:40 [3]: Finished: /gome2b/offline/2018/04/07.
23:16:41 [0]: Processed 127/365
23:16:41 [10]: Processing /gome2b/offline/2018/04/07...
23:16:41 [0]: Processed 128/365
23:16:44 [0]: Processed 129/365
23:16:46 [7]: Finished: /gome2b/offline/2018/09/16.
23:16:47 [11]: Processing /gome2b/offline/2018/09/16...
23:16:50 [0]: Processed 130/365
23:16:52 [9]: Finished: /gome2b/offline/2018/12/07.
23:16:53 [10]: Processing /gome2b/offline/2018/12/07...
23:16:57 [0]: Processed 131/365
23:17:05 [1]: Finished: /gome2b/offline/2018/01/15.
23:17:06 [10]: Processing /gome2b/offline/2018/01/15...
23:17:09 [0]: Processed 132/365
23:17:12 [6]: Finished: /gome2b/offline/2018/08/08.
23:17:14 [11]: Processing /gome2b/offline/2018/08/08...
23:17:18 [0]: Processed 133/365
23:17:32 [5]: Finished: /gome2b/offline/2018/06/28.
23:17:33 [11]: Processing /gome2b/offline/2018/06/28...
23:17:34 [8]: Finished: /gome2b/offline/2018/10/27.
23:17:36 [10]: Processing /gome2b/offline/2018/10/27...
23:17:36 [0]: Processed 134/365
23:17:39 [0]: Processed 135/365
23:17:46 [3]: Finished: /gome2b/offline/2018/04/08.
23:17:48 [11]: Processing /gome2b/offline/2018/04/08...
23:17:49 [2]: Finished: /gome2b/offline/2018/02/26.
23:17:51 [10]: Processing /gome2b/offline/2018/02/26...
23:17:52 [0]: Processed 136/365
23:17:55 [0]: Processed 137/365
23:18:00 [4]: Finished: /gome2b/offline/2018/05/19.
23:18:01 [11]: Processing /gome2b/offline/2018/05/19...
23:18:01 [7]: Finished: /gome2b/offline/2018/09/17.
23:18:01 [10]: Processing /gome2b/offline/2018/09/17...
23:18:04 [0]: Processed 138/365
23:18:04 [9]: Finished: /gome2b/offline/2018/12/08.
23:18:05 [0]: Processed 139/365
23:18:05 [10]: Processing /gome2b/offline/2018/12/08...
23:18:08 [0]: Processed 140/365
23:18:13 [1]: Finished: /gome2b/offline/2018/01/16.
23:18:13 [11]: Processing /gome2b/offline/2018/01/16...
23:18:17 [0]: Processed 141/365
23:18:36 [3]: Finished: /gome2b/offline/2018/04/09.
23:18:38 [11]: Processing /gome2b/offline/2018/04/09...
23:18:41 [0]: Processed 142/365
23:18:42 [5]: Finished: /gome2b/offline/2018/06/29.
23:18:42 [2]: Finished: /gome2b/offline/2018/02/27.
23:18:44 [10]: Processing /gome2b/offline/2018/06/29...
23:18:44 [11]: Processing /gome2b/offline/2018/02/27...
23:18:47 [0]: Processed 143/365
23:18:48 [0]: Processed 144/365
23:18:54 [9]: Finished: /gome2b/offline/2018/12/09.
23:18:56 [6]: Finished: /gome2b/offline/2018/08/09.
23:18:56 [10]: Processing /gome2b/offline/2018/12/09...
23:18:57 [11]: Processing /gome2b/offline/2018/08/09...
23:19:00 [0]: Processed 145/365
23:19:01 [0]: Processed 146/365
23:19:03 [7]: Finished: /gome2b/offline/2018/09/18.
23:19:03 [10]: Processing /gome2b/offline/2018/09/18...
23:19:05 [8]: Finished: /gome2b/offline/2018/10/28.
23:19:07 [0]: Processed 147/365
23:19:07 [11]: Processing /gome2b/offline/2018/10/28...
23:19:08 [4]: Finished: /gome2b/offline/2018/05/20.
23:19:10 [10]: Processing /gome2b/offline/2018/05/20...
23:19:10 [0]: Processed 148/365
23:19:13 [0]: Processed 149/365
23:19:38 [1]: Finished: /gome2b/offline/2018/01/17.
23:19:40 [7]: Finished: /gome2b/offline/2018/09/19.
23:19:40 [10]: Processing /gome2b/offline/2018/01/17...
23:19:40 [11]: Processing /gome2b/offline/2018/09/19...
23:19:42 [3]: Finished: /gome2b/offline/2018/04/10.
23:19:43 [11]: Processing /gome2b/offline/2018/04/10...
23:19:43 [0]: Processed 150/365
23:19:43 [0]: Processed 151/365
23:19:44 [2]: Finished: /gome2b/offline/2018/02/28.
23:19:46 [11]: Processing /gome2b/offline/2018/02/28...
23:19:46 [0]: Processed 152/365
23:19:49 [0]: Processed 153/365
23:19:50 [6]: Finished: /gome2b/offline/2018/08/10.
23:19:52 [11]: Processing /gome2b/offline/2018/08/10...
23:19:56 [0]: Processed 154/365
23:20:12 [5]: Finished: /gome2b/offline/2018/06/30.
23:20:14 [10]: Processing /gome2b/offline/2018/06/30...
23:20:17 [0]: Processed 155/365
23:20:20 [4]: Finished: /gome2b/offline/2018/05/21.
23:20:23 [8]: Finished: /gome2b/offline/2018/10/29.
23:20:23 [11]: Processing /gome2b/offline/2018/05/21...
23:20:23 [10]: Processing /gome2b/offline/2018/10/29...
23:20:24 [9]: Finished: /gome2b/offline/2018/12/10.
23:20:26 [10]: Processing /gome2b/offline/2018/12/10...
23:20:26 [0]: Processed 156/365
23:20:26 [0]: Processed 157/365
23:20:30 [0]: Processed 158/365
23:20:41 [2]: Finished: /gome2b/offline/2018/03/01.
23:20:42 [11]: Processing /gome2b/offline/2018/03/01...
23:20:45 [0]: Processed 159/365
23:20:59 [1]: Finished: /gome2b/offline/2018/01/18.
23:21:00 [10]: Processing /gome2b/offline/2018/01/18...
23:21:01 [3]: Finished: /gome2b/offline/2018/04/11.
23:21:02 [7]: Finished: /gome2b/offline/2018/09/20.
23:21:03 [11]: Processing /gome2b/offline/2018/04/11...
23:21:03 [0]: Processed 160/365
23:21:03 [10]: Processing /gome2b/offline/2018/09/20...
23:21:07 [0]: Processed 161/365
23:21:07 [0]: Processed 162/365
23:21:18 [5]: Finished: /gome2b/offline/2018/07/01.
23:21:19 [10]: Processing /gome2b/offline/2018/07/01...
23:21:19 [6]: Finished: /gome2b/offline/2018/08/11.
23:21:22 [11]: Processing /gome2b/offline/2018/08/11...
23:21:22 [0]: Processed 163/365
23:21:23 [8]: Finished: /gome2b/offline/2018/10/30.
23:21:25 [10]: Processing /gome2b/offline/2018/10/30...
23:21:25 [0]: Processed 164/365
23:21:28 [0]: Processed 165/365
23:21:39 [4]: Finished: /gome2b/offline/2018/05/22.
23:21:40 [11]: Processing /gome2b/offline/2018/05/22...
23:21:43 [0]: Processed 166/365
23:21:48 [9]: Finished: /gome2b/offline/2018/12/11.
23:21:49 [10]: Processing /gome2b/offline/2018/12/11...
23:21:53 [0]: Processed 167/365
23:22:12 [7]: Finished: /gome2b/offline/2018/09/21.
23:22:14 [11]: Processing /gome2b/offline/2018/09/21...
23:22:17 [0]: Processed 168/365
23:22:17 [3]: Finished: /gome2b/offline/2018/04/12.
23:22:20 [8]: Finished: /gome2b/offline/2018/10/31.
23:22:20 [10]: Processing /gome2b/offline/2018/04/12...
23:22:20 [11]: Processing /gome2b/offline/2018/10/31...
23:22:23 [0]: Processed 169/365
23:22:23 [0]: Processed 170/365
23:22:24 [1]: Finished: /gome2b/offline/2018/01/19.
23:22:26 [11]: Processing /gome2b/offline/2018/01/19...
23:22:27 [2]: Finished: /gome2b/offline/2018/03/02.
23:22:29 [10]: Processing /gome2b/offline/2018/03/02...
23:22:30 [0]: Processed 171/365
23:22:33 [0]: Processed 172/365
23:22:39 [6]: Finished: /gome2b/offline/2018/08/12.
23:22:42 [10]: Processing /gome2b/offline/2018/08/12...
23:22:44 [4]: Finished: /gome2b/offline/2018/05/23.
23:22:45 [11]: Processing /gome2b/offline/2018/05/23...
23:22:45 [0]: Processed 173/365
23:22:48 [0]: Processed 174/365
23:22:49 [5]: Finished: /gome2b/offline/2018/07/02.
23:22:51 [10]: Processing /gome2b/offline/2018/07/02...
23:22:55 [0]: Processed 175/365
23:22:56 [9]: Finished: /gome2b/offline/2018/12/12.
23:22:57 [11]: Processing /gome2b/offline/2018/12/12...
23:23:00 [0]: Processed 176/365
23:23:31 [1]: Finished: /gome2b/offline/2018/01/20.
23:23:34 [11]: Processing /gome2b/offline/2018/01/20...
23:23:36 [3]: Finished: /gome2b/offline/2018/04/13.
23:23:37 [10]: Processing /gome2b/offline/2018/04/13...
23:23:37 [0]: Processed 177/365
23:23:40 [0]: Processed 178/365
23:23:47 [8]: Finished: /gome2b/offline/2018/11/01.
23:23:49 [11]: Processing /gome2b/offline/2018/11/01...
23:23:52 [0]: Processed 179/365
23:23:54 [7]: Finished: /gome2b/offline/2018/09/22.
23:23:55 [10]: Processing /gome2b/offline/2018/09/22...
23:23:59 [0]: Processed 180/365
23:24:03 [4]: Finished: /gome2b/offline/2018/05/24.
23:24:04 [11]: Processing /gome2b/offline/2018/05/24...
23:24:08 [0]: Processed 181/365
23:24:09 [2]: Finished: /gome2b/offline/2018/03/03.
23:24:10 [9]: Finished: /gome2b/offline/2018/12/13.
23:24:11 [10]: Processing /gome2b/offline/2018/03/03...
23:24:11 [11]: Processing /gome2b/offline/2018/12/13...
23:24:12 [5]: Finished: /gome2b/offline/2018/07/03.
23:24:14 [0]: Processed 182/365
23:24:14 [10]: Processing /gome2b/offline/2018/07/03...
23:24:14 [0]: Processed 183/365
23:24:18 [0]: Processed 184/365
23:24:35 [6]: Finished: /gome2b/offline/2018/08/13.
23:24:36 [11]: Processing /gome2b/offline/2018/08/13...
23:24:39 [0]: Processed 185/365
23:24:50 [3]: Finished: /gome2b/offline/2018/04/14.
23:24:51 [10]: Processing /gome2b/offline/2018/04/14...
23:24:54 [0]: Processed 186/365
23:25:10 [8]: Finished: /gome2b/offline/2018/11/02.
23:25:11 [1]: Finished: /gome2b/offline/2018/01/21.
23:25:12 [10]: Processing /gome2b/offline/2018/11/02...
23:25:12 [11]: Processing /gome2b/offline/2018/01/21...
23:25:16 [0]: Processed 187/365
23:25:16 [0]: Processed 188/365
23:25:25 [9]: Finished: /gome2b/offline/2018/12/14.
23:25:27 [4]: Finished: /gome2b/offline/2018/05/25.
23:25:28 [10]: Processing /gome2b/offline/2018/12/14...
23:25:28 [11]: Processing /gome2b/offline/2018/05/25...
23:25:31 [2]: Finished: /gome2b/offline/2018/03/04.
23:25:31 [0]: Processed 189/365
23:25:31 [10]: Processing /gome2b/offline/2018/03/04...
23:25:31 [0]: Processed 190/365
23:25:35 [0]: Processed 191/365
23:25:46 [7]: Finished: /gome2b/offline/2018/09/23.
23:25:47 [11]: Processing /gome2b/offline/2018/09/23...
23:25:50 [5]: Finished: /gome2b/offline/2018/07/04.
23:25:50 [11]: Processing /gome2b/offline/2018/07/04...
23:25:50 [0]: Processed 192/365
23:25:53 [0]: Processed 193/365
23:26:01 [3]: Finished: /gome2b/offline/2018/04/15.
23:26:02 [10]: Processing /gome2b/offline/2018/04/15...
23:26:05 [0]: Processed 194/365
23:26:14 [8]: Finished: /gome2b/offline/2018/11/03.
23:26:14 [10]: Processing /gome2b/offline/2018/11/03...
23:26:17 [0]: Processed 195/365
23:26:27 [6]: Finished: /gome2b/offline/2018/08/14.
23:26:30 [10]: Processing /gome2b/offline/2018/08/14...
23:26:33 [0]: Processed 196/365
23:26:34 [2]: Finished: /gome2b/offline/2018/03/05.
23:26:34 [1]: Finished: /gome2b/offline/2018/01/22.
23:26:36 [11]: Processing /gome2b/offline/2018/03/05...
23:26:36 [10]: Processing /gome2b/offline/2018/01/22...
23:26:39 [0]: Processed 197/365
23:26:40 [0]: Processed 198/365
23:26:45 [4]: Finished: /gome2b/offline/2018/05/26.
23:26:46 [10]: Processing /gome2b/offline/2018/05/26...
23:26:49 [0]: Processed 199/365
23:26:59 [7]: Finished: /gome2b/offline/2018/09/24.
23:26:59 [9]: Finished: /gome2b/offline/2018/12/15.
23:26:59 [5]: Finished: /gome2b/offline/2018/07/05.
23:27:00 [11]: Processing /gome2b/offline/2018/09/24...
23:27:01 [10]: Processing /gome2b/offline/2018/12/15...
23:27:03 [11]: Processing /gome2b/offline/2018/07/05...
23:27:03 [0]: Processed 200/365
23:27:04 [0]: Processed 201/365
23:27:07 [0]: Processed 202/365
23:27:25 [3]: Finished: /gome2b/offline/2018/04/16.
23:27:28 [10]: Processing /gome2b/offline/2018/04/16...
23:27:32 [0]: Processed 203/365
23:27:37 [6]: Finished: /gome2b/offline/2018/08/15.
23:27:38 [10]: Processing /gome2b/offline/2018/08/15...
23:27:38 [2]: Finished: /gome2b/offline/2018/03/06.
23:27:40 [11]: Processing /gome2b/offline/2018/03/06...
23:27:41 [0]: Processed 204/365
23:27:43 [8]: Finished: /gome2b/offline/2018/11/04.
23:27:44 [11]: Processing /gome2b/offline/2018/11/04...
23:27:44 [0]: Processed 205/365
23:27:44 [1]: Finished: /gome2b/offline/2018/01/23.
23:27:46 [4]: Finished: /gome2b/offline/2018/05/27.
23:27:47 [0]: Processed 206/365
23:27:47 [11]: Processing /gome2b/offline/2018/01/23...
23:27:47 [10]: Processing /gome2b/offline/2018/05/27...
23:27:51 [0]: Processed 207/365
23:27:51 [0]: Processed 208/365
23:28:09 [9]: Finished: /gome2b/offline/2018/12/16.
23:28:09 [3]: Finished: /gome2b/offline/2018/04/17.
23:28:12 [11]: Processing /gome2b/offline/2018/12/16...
23:28:12 [10]: Processing /gome2b/offline/2018/04/17...
23:28:14 [7]: Finished: /gome2b/offline/2018/09/25.
23:28:15 [10]: Processing /gome2b/offline/2018/09/25...
23:28:15 [0]: Processed 209/365
23:28:15 [0]: Processed 210/365
23:28:16 [5]: Finished: /gome2b/offline/2018/07/06.
23:28:18 [11]: Processing /gome2b/offline/2018/07/06...
23:28:18 [0]: Processed 211/365
23:28:22 [0]: Processed 212/365
23:28:31 [2]: Finished: /gome2b/offline/2018/03/07.
23:28:33 [10]: Processing /gome2b/offline/2018/03/07...
23:28:37 [0]: Processed 213/365
23:28:40 [6]: Finished: /gome2b/offline/2018/08/16.
23:28:40 [8]: Finished: /gome2b/offline/2018/11/05.
23:28:43 [11]: Processing /gome2b/offline/2018/08/16...
23:28:43 [10]: Processing /gome2b/offline/2018/11/05...
23:28:46 [0]: Processed 214/365
23:28:46 [0]: Processed 215/365
23:28:50 [1]: Finished: /gome2b/offline/2018/01/24.
23:28:52 [11]: Processing /gome2b/offline/2018/01/24...
23:28:56 [0]: Processed 216/365
23:28:58 [9]: Finished: /gome2b/offline/2018/12/17.
23:28:59 [10]: Processing /gome2b/offline/2018/12/17...
23:29:02 [0]: Processed 217/365
23:29:10 [4]: Finished: /gome2b/offline/2018/05/28.
23:29:11 [11]: Processing /gome2b/offline/2018/05/28...
23:29:14 [0]: Processed 218/365
23:29:27 [3]: Finished: /gome2b/offline/2018/04/18.
23:29:29 [10]: Processing /gome2b/offline/2018/04/18...
23:29:31 [5]: Finished: /gome2b/offline/2018/07/07.
23:29:32 [0]: Processed 219/365
23:29:32 [10]: Processing /gome2b/offline/2018/07/07...
23:29:36 [0]: Processed 220/365
23:29:39 [2]: Finished: /gome2b/offline/2018/03/08.
23:29:39 [10]: Processing /gome2b/offline/2018/03/08...
23:29:40 [7]: Finished: /gome2b/offline/2018/09/26.
23:29:41 [11]: Processing /gome2b/offline/2018/09/26...
23:29:43 [0]: Processed 221/365
23:29:45 [8]: Finished: /gome2b/offline/2018/11/06.
23:29:45 [0]: Processed 222/365
23:29:45 [11]: Processing /gome2b/offline/2018/11/06...
23:29:48 [0]: Processed 223/365
23:29:59 [6]: Finished: /gome2b/offline/2018/08/17.
23:30:00 [11]: Processing /gome2b/offline/2018/08/17...
23:30:04 [0]: Processed 224/365
23:30:04 [9]: Finished: /gome2b/offline/2018/12/18.
23:30:07 [10]: Processing /gome2b/offline/2018/12/18...
23:30:10 [0]: Processed 225/365
23:30:17 [3]: Finished: /gome2b/offline/2018/04/19.
23:30:19 [11]: Processing /gome2b/offline/2018/04/19...
23:30:22 [0]: Processed 226/365
23:30:22 [1]: Finished: /gome2b/offline/2018/01/25.
23:30:25 [10]: Processing /gome2b/offline/2018/01/25...
23:30:28 [4]: Finished: /gome2b/offline/2018/05/29.
23:30:28 [11]: Processing /gome2b/offline/2018/05/29...
23:30:28 [0]: Processed 227/365
23:30:32 [0]: Processed 228/365
23:30:40 [2]: Finished: /gome2b/offline/2018/03/09.
23:30:40 [10]: Processing /gome2b/offline/2018/03/09...
23:30:44 [0]: Processed 229/365
23:30:47 [7]: Finished: /gome2b/offline/2018/09/27.
23:30:47 [11]: Processing /gome2b/offline/2018/09/27...
23:30:51 [0]: Processed 230/365
23:30:56 [5]: Finished: /gome2b/offline/2018/07/08.
23:30:56 [10]: Processing /gome2b/offline/2018/07/08...
23:30:59 [0]: Processed 231/365
23:31:02 [8]: Finished: /gome2b/offline/2018/11/07.
23:31:02 [10]: Processing /gome2b/offline/2018/11/07...
23:31:06 [0]: Processed 232/365
23:31:11 [6]: Finished: /gome2b/offline/2018/08/18.
23:31:12 [11]: Processing /gome2b/offline/2018/08/18...
23:31:15 [0]: Processed 233/365
23:31:24 [1]: Finished: /gome2b/offline/2018/01/26.
23:31:24 [11]: Processing /gome2b/offline/2018/01/26...
23:31:27 [3]: Finished: /gome2b/offline/2018/04/20.
23:31:28 [0]: Processed 234/365
23:31:28 [11]: Processing /gome2b/offline/2018/04/20...
23:31:31 [0]: Processed 235/365
23:31:40 [4]: Finished: /gome2b/offline/2018/05/30.
23:31:40 [11]: Processing /gome2b/offline/2018/05/30...
23:31:42 [9]: Finished: /gome2b/offline/2018/12/19.
23:31:44 [0]: Processed 236/365
23:31:44 [11]: Processing /gome2b/offline/2018/12/19...
23:31:46 [2]: Finished: /gome2b/offline/2018/03/10.
23:31:47 [11]: Processing /gome2b/offline/2018/03/10...
23:31:47 [0]: Processed 237/365
23:31:49 [8]: Finished: /gome2b/offline/2018/11/08.
23:31:51 [11]: Processing /gome2b/offline/2018/11/08...
23:31:51 [0]: Processed 238/365
23:31:54 [0]: Processed 239/365
23:31:54 [7]: Finished: /gome2b/offline/2018/09/28.
23:31:55 [5]: Finished: /gome2b/offline/2018/07/09.
23:31:57 [10]: Processing /gome2b/offline/2018/09/28...
23:31:57 [11]: Processing /gome2b/offline/2018/07/09...
23:32:00 [0]: Processed 240/365
23:32:01 [0]: Processed 241/365
23:32:20 [6]: Finished: /gome2b/offline/2018/08/19.
23:32:21 [10]: Processing /gome2b/offline/2018/08/19...
23:32:25 [0]: Processed 242/365
23:32:26 [1]: Finished: /gome2b/offline/2018/01/27.
23:32:27 [3]: Finished: /gome2b/offline/2018/04/21.
23:32:28 [11]: Processing /gome2b/offline/2018/01/27...
23:32:28 [10]: Processing /gome2b/offline/2018/04/21...
23:32:30 [4]: Finished: /gome2b/offline/2018/05/31.
23:32:31 [0]: Processed 243/365
23:32:31 [11]: Processing /gome2b/offline/2018/05/31...
23:32:32 [0]: Processed 244/365
23:32:35 [0]: Processed 245/365
23:32:42 [2]: Finished: /gome2b/offline/2018/03/11.
23:32:43 [8]: Finished: /gome2b/offline/2018/11/09.
23:32:44 [10]: Processing /gome2b/offline/2018/03/11...
23:32:44 [11]: Processing /gome2b/offline/2018/11/09...
23:32:47 [0]: Processed 246/365
23:32:47 [0]: Processed 247/365
23:32:49 [7]: Finished: /gome2b/offline/2018/09/29.
23:32:50 [10]: Processing /gome2b/offline/2018/09/29...
23:32:50 [9]: Finished: /gome2b/offline/2018/12/20.
23:32:50 [11]: Processing /gome2b/offline/2018/12/20...
23:32:53 [0]: Processed 248/365
23:32:54 [0]: Processed 249/365
23:32:57 [5]: Finished: /gome2b/offline/2018/07/10.
23:32:59 [10]: Processing /gome2b/offline/2018/07/10...
23:33:03 [0]: Processed 250/365
23:33:21 [1]: Finished: /gome2b/offline/2018/01/28.
23:33:23 [4]: Finished: /gome2b/offline/2018/06/01.
23:33:24 [11]: Processing /gome2b/offline/2018/01/28...
23:33:24 [10]: Processing /gome2b/offline/2018/06/01...
23:33:27 [0]: Processed 251/365
23:33:27 [0]: Processed 252/365
23:33:28 [6]: Finished: /gome2b/offline/2018/08/20.
23:33:30 [11]: Processing /gome2b/offline/2018/08/20...
23:33:34 [0]: Processed 253/365
23:33:37 [7]: Finished: /gome2b/offline/2018/09/30.
23:33:39 [10]: Processing /gome2b/offline/2018/09/30...
23:33:42 [2]: Finished: /gome2b/offline/2018/03/12.
23:33:43 [11]: Processing /gome2b/offline/2018/03/12...
23:33:43 [0]: Processed 254/365
23:33:46 [0]: Processed 255/365
23:33:50 [8]: Finished: /gome2b/offline/2018/11/10.
23:33:52 [10]: Processing /gome2b/offline/2018/11/10...
23:33:52 [9]: Finished: /gome2b/offline/2018/12/21.
23:33:53 [3]: Finished: /gome2b/offline/2018/04/22.
23:33:55 [11]: Processing /gome2b/offline/2018/12/21...
23:33:56 [0]: Processed 256/365
23:33:56 [10]: Processing /gome2b/offline/2018/04/22...
23:33:59 [0]: Processed 257/365
23:33:59 [0]: Processed 258/365
23:34:09 [5]: Finished: /gome2b/offline/2018/07/11.
23:34:11 [11]: Processing /gome2b/offline/2018/07/11...
23:34:14 [0]: Processed 259/365
23:34:20 [4]: Finished: /gome2b/offline/2018/06/02.
23:34:21 [1]: Finished: /gome2b/offline/2018/01/29.
23:34:23 [6]: Finished: /gome2b/offline/2018/08/21.
23:34:23 [10]: Processing /gome2b/offline/2018/06/02...
23:34:23 [11]: Processing /gome2b/offline/2018/01/29...
23:34:27 [0]: Processed 260/365
23:34:27 [10]: Processing /gome2b/offline/2018/08/21...
23:34:27 [0]: Processed 261/365
23:34:30 [0]: Processed 262/365
23:34:32 [7]: Finished: /gome2b/offline/2018/10/01.
23:34:33 [10]: Processing /gome2b/offline/2018/10/01...
23:34:34 [9]: Finished: /gome2b/offline/2018/12/22.
23:34:36 [11]: Processing /gome2b/offline/2018/12/22...
23:34:36 [0]: Processed 263/365
23:34:40 [0]: Processed 264/365
23:34:42 [3]: Finished: /gome2b/offline/2018/04/23.
23:34:42 [10]: Processing /gome2b/offline/2018/04/23...
23:34:44 [2]: Finished: /gome2b/offline/2018/03/13.
23:34:46 [11]: Processing /gome2b/offline/2018/03/13...
23:34:46 [0]: Processed 265/365
23:34:49 [0]: Processed 266/365
23:35:02 [8]: Finished: /gome2b/offline/2018/11/11.
23:35:04 [10]: Processing /gome2b/offline/2018/11/11...
23:35:07 [0]: Processed 267/365
23:35:09 [1]: Finished: /gome2b/offline/2018/01/30.
23:35:10 [10]: Processing /gome2b/offline/2018/01/30...
23:35:13 [0]: Processed 268/365
23:35:26 [6]: Finished: /gome2b/offline/2018/08/22.
23:35:28 [9]: Finished: /gome2b/offline/2018/12/23.
23:35:28 [11]: Processing /gome2b/offline/2018/08/22...
23:35:29 [10]: Processing /gome2b/offline/2018/12/23...
23:35:32 [0]: Processed 269/365
23:35:32 [0]: Processed 270/365
23:35:37 [3]: Finished: /gome2b/offline/2018/04/24.
23:35:38 [11]: Processing /gome2b/offline/2018/04/24...
23:35:38 [5]: Finished: /gome2b/offline/2018/07/12.
23:35:38 [10]: Processing /gome2b/offline/2018/07/12...
23:35:41 [0]: Processed 271/365
23:35:42 [0]: Processed 272/365
23:35:43 [2]: Finished: /gome2b/offline/2018/03/14.
23:35:44 [11]: Processing /gome2b/offline/2018/03/14...
23:35:48 [0]: Processed 273/365
23:35:50 [4]: Finished: /gome2b/offline/2018/06/03.
23:35:51 [10]: Processing /gome2b/offline/2018/06/03...
23:35:54 [0]: Processed 274/365
23:36:02 [8]: Finished: /gome2b/offline/2018/11/12.
23:36:02 [1]: Finished: /gome2b/offline/2018/01/31.
23:36:03 [11]: Processing /gome2b/offline/2018/11/12...
23:36:03 [10]: Processing /gome2b/offline/2018/01/31...
23:36:04 [7]: Finished: /gome2b/offline/2018/10/02.
23:36:06 [0]: Processed 275/365
23:36:06 [11]: Processing /gome2b/offline/2018/10/02...
23:36:07 [0]: Processed 276/365
23:36:10 [0]: Processed 277/365
23:36:22 [6]: Finished: /gome2b/offline/2018/08/23.
23:36:25 [10]: Processing /gome2b/offline/2018/08/23...
23:36:28 [0]: Processed 278/365
23:36:44 [9]: Finished: /gome2b/offline/2018/12/24.
23:36:45 [3]: Finished: /gome2b/offline/2018/04/25.
23:36:46 [11]: Processing /gome2b/offline/2018/12/24...
23:36:46 [2]: Finished: /gome2b/offline/2018/03/15.
23:36:46 [10]: Processing /gome2b/offline/2018/04/25...
23:36:49 [0]: Processed 279/365
23:36:49 [11]: Processing /gome2b/offline/2018/03/15...
23:36:50 [0]: Processed 280/365
23:36:53 [0]: Processed 281/365
23:36:53 [7]: Finished: /gome2b/offline/2018/10/03.
23:36:53 [10]: Processing /gome2b/offline/2018/10/03...
23:36:55 [4]: Finished: /gome2b/offline/2018/06/04.
23:36:56 [11]: Processing /gome2b/offline/2018/06/04...
23:36:57 [0]: Processed 282/365
23:36:58 [5]: Finished: /gome2b/offline/2018/07/13.
23:36:58 [8]: Finished: /gome2b/offline/2018/11/13.
23:36:59 [11]: Processing /gome2b/offline/2018/07/13...
23:36:59 [0]: Processed 283/365
23:37:00 [10]: Processing /gome2b/offline/2018/11/13...
23:37:03 [0]: Processed 284/365
23:37:03 [0]: Processed 285/365
23:37:12 [6]: Finished: /gome2b/offline/2018/08/24.
23:37:12 [11]: Processing /gome2b/offline/2018/08/24...
23:37:12 [1]: Finished: /gome2b/offline/2018/02/01.
23:37:12 [10]: Processing /gome2b/offline/2018/02/01...
23:37:16 [0]: Processed 286/365
23:37:16 [0]: Processed 287/365
23:37:26 [3]: Finished: /gome2b/offline/2018/04/26.
23:37:28 [10]: Processing /gome2b/offline/2018/04/26...
23:37:28 [9]: Finished: /gome2b/offline/2018/12/25.
23:37:31 [11]: Processing /gome2b/offline/2018/12/25...
23:37:31 [0]: Processed 288/365
23:37:34 [0]: Processed 289/365
23:37:41 [2]: Finished: /gome2b/offline/2018/03/16.
23:37:43 [10]: Processing /gome2b/offline/2018/03/16...
23:37:46 [4]: Finished: /gome2b/offline/2018/06/05.
23:37:46 [11]: Processing /gome2b/offline/2018/06/05...
23:37:46 [0]: Processed 290/365
23:37:50 [0]: Processed 291/365
23:37:57 [3]: Finished: /gome2b/offline/2018/04/27.
23:37:58 [10]: Processing /gome2b/offline/2018/04/27...
23:37:59 [8]: Finished: /gome2b/offline/2018/11/14.
23:38:02 [0]: Processed 292/365
23:38:02 [10]: Processing /gome2b/offline/2018/11/14...
23:38:03 [5]: Finished: /gome2b/offline/2018/07/14.
23:38:05 [11]: Processing /gome2b/offline/2018/07/14...
23:38:05 [0]: Processed 293/365
23:38:06 [1]: Finished: /gome2b/offline/2018/02/02.
23:38:08 [10]: Processing /gome2b/offline/2018/02/02...
23:38:08 [0]: Processed 294/365
23:38:12 [0]: Processed 295/365
23:38:13 [6]: Finished: /gome2b/offline/2018/08/25.
23:38:14 [11]: Processing /gome2b/offline/2018/08/25...
23:38:18 [0]: Processed 296/365
23:38:22 [9]: Finished: /gome2b/offline/2018/12/26.
23:38:24 [10]: Processing /gome2b/offline/2018/12/26...
23:38:27 [0]: Processed 297/365
23:38:30 [2]: Finished: /gome2b/offline/2018/03/17.
23:38:30 [11]: Processing /gome2b/offline/2018/03/17...
23:38:33 [0]: Processed 298/365
23:38:46 [3]: Finished: /gome2b/offline/2018/04/28.
23:38:46 [4]: Finished: /gome2b/offline/2018/06/06.
23:38:48 [10]: Processing /gome2b/offline/2018/04/28...
23:38:48 [11]: Processing /gome2b/offline/2018/06/06...
23:38:52 [0]: Processed 299/365
23:38:52 [0]: Processed 300/365
23:38:57 [7]: Finished: /gome2b/offline/2018/10/04.
23:38:58 [10]: Processing /gome2b/offline/2018/10/04...
23:39:01 [0]: Processed 301/365
23:39:05 [6]: Finished: /gome2b/offline/2018/08/26.
23:39:07 [11]: Processing /gome2b/offline/2018/08/26...
23:39:10 [0]: Processed 302/365
23:39:12 [5]: Finished: /gome2b/offline/2018/07/15.
23:39:13 [10]: Processing /gome2b/offline/2018/07/15...
23:39:14 [8]: Finished: /gome2b/offline/2018/11/15.
23:39:16 [0]: Processed 303/365
23:39:16 [10]: Processing /gome2b/offline/2018/11/15...
23:39:20 [0]: Processed 304/365
23:39:27 [1]: Finished: /gome2b/offline/2018/02/03.
23:39:28 [11]: Processing /gome2b/offline/2018/02/03...
23:39:32 [9]: Finished: /gome2b/offline/2018/12/27.
23:39:32 [10]: Processing /gome2b/offline/2018/12/27...
23:39:32 [0]: Processed 305/365
23:39:36 [0]: Processed 306/365
23:39:40 [2]: Finished: /gome2b/offline/2018/03/18.
23:39:41 [11]: Processing /gome2b/offline/2018/03/18...
23:39:45 [0]: Processed 307/365
23:39:49 [6]: Finished: /gome2b/offline/2018/08/27.
23:39:51 [10]: Processing /gome2b/offline/2018/08/27...
23:39:54 [0]: Processed 308/365
23:39:54 [4]: Finished: /gome2b/offline/2018/06/07.
23:39:57 [11]: Processing /gome2b/offline/2018/06/07...
23:39:59 [8]: Finished: /gome2b/offline/2018/11/16.
23:40:00 [10]: Processing /gome2b/offline/2018/11/16...
23:40:00 [0]: Processed 309/365
23:40:03 [0]: Processed 310/365
23:40:09 [7]: Finished: /gome2b/offline/2018/10/05.
23:40:09 [10]: Processing /gome2b/offline/2018/10/05...
23:40:11 [3]: Finished: /gome2b/offline/2018/04/29.
23:40:12 [11]: Processing /gome2b/offline/2018/04/29...
23:40:13 [0]: Processed 311/365
23:40:16 [0]: Processed 312/365
23:40:17 [5]: Finished: /gome2b/offline/2018/07/16.
23:40:19 [10]: Processing /gome2b/offline/2018/07/16...
23:40:22 [0]: Processed 313/365
23:40:28 [8]: Finished: /gome2b/offline/2018/11/17.
23:40:28 [10]: Processing /gome2b/offline/2018/11/17...
23:40:29 [1]: Finished: /gome2b/offline/2018/02/04.
23:40:31 [11]: Processing /gome2b/offline/2018/02/04...
23:40:32 [0]: Processed 314/365
23:40:34 [0]: Processed 315/365
23:40:36 [2]: Finished: /gome2b/offline/2018/03/19.
23:40:37 [11]: Processing /gome2b/offline/2018/03/19...
23:40:41 [0]: Processed 316/365
23:40:55 [9]: Finished: /gome2b/offline/2018/12/28.
23:40:56 [11]: Processing /gome2b/offline/2018/12/28...
23:40:59 [6]: Finished: /gome2b/offline/2018/08/28.
23:40:59 [0]: Processed 317/365
23:40:59 [11]: Processing /gome2b/offline/2018/08/28...
23:41:03 [0]: Processed 318/365
23:41:04 [3]: Finished: /gome2b/offline/2018/04/30.
23:41:05 [10]: Processing /gome2b/offline/2018/04/30...
23:41:08 [0]: Processed 319/365
23:41:10 [7]: Finished: /gome2b/offline/2018/10/06.
23:41:11 [10]: Processing /gome2b/offline/2018/10/06...
23:41:15 [0]: Processed 320/365
23:41:26 [4]: Finished: /gome2b/offline/2018/06/08.
23:41:27 [11]: Processing /gome2b/offline/2018/06/08...
23:41:27 [1]: Finished: /gome2b/offline/2018/02/05.
23:41:30 [2]: Finished: /gome2b/offline/2018/03/20.
23:41:30 [10]: Processing /gome2b/offline/2018/02/05...
23:41:30 [0]: Processed 321/365
23:41:30 [11]: Processing /gome2b/offline/2018/03/20...
23:41:33 [0]: Processed 322/365
23:41:34 [0]: Processed 323/365
23:41:37 [5]: Finished: /gome2b/offline/2018/07/17.
23:41:39 [10]: Processing /gome2b/offline/2018/07/17...
23:41:43 [0]: Processed 324/365
23:41:52 [8]: Finished: /gome2b/offline/2018/11/18.
23:41:52 [10]: Processing /gome2b/offline/2018/11/18...
23:41:53 [9]: Finished: /gome2b/offline/2018/12/29.
23:41:55 [11]: Processing /gome2b/offline/2018/12/29...
23:41:55 [0]: Processed 325/365
23:41:58 [0]: Processed 326/365
23:42:19 [3]: Finished: /gome2b/offline/2018/05/01.
23:42:19 [10]: Processing /gome2b/offline/2018/05/01...
23:42:23 [0]: Processed 327/365
23:42:26 [2]: Finished: /gome2b/offline/2018/03/21.
23:42:28 [11]: Processing /gome2b/offline/2018/03/21...
23:42:32 [1]: Finished: /gome2b/offline/2018/02/06.
23:42:32 [10]: Processing /gome2b/offline/2018/02/06...
23:42:32 [0]: Processed 328/365
23:42:35 [0]: Processed 329/365
23:42:37 [6]: Finished: /gome2b/offline/2018/08/29.
23:42:38 [11]: Processing /gome2b/offline/2018/08/29...
23:42:42 [0]: Processed 330/365
23:42:44 [4]: Finished: /gome2b/offline/2018/06/09.
23:42:44 [10]: Processing /gome2b/offline/2018/06/09...
23:42:47 [5]: Finished: /gome2b/offline/2018/07/18.
23:42:48 [11]: Processing /gome2b/offline/2018/07/18...
23:42:48 [0]: Processed 331/365
23:42:51 [7]: Finished: /gome2b/offline/2018/10/07.
23:42:51 [11]: Processing /gome2b/offline/2018/10/07...
23:42:51 [0]: Processed 332/365
23:42:55 [0]: Processed 333/365
23:42:59 [8]: Finished: /gome2b/offline/2018/11/19.
23:43:00 [10]: Processing /gome2b/offline/2018/11/19...
23:43:03 [0]: Processed 334/365
23:43:05 [9]: Finished: /gome2b/offline/2018/12/30.
23:43:06 [10]: Processing /gome2b/offline/2018/12/30...
23:43:09 [0]: Processed 335/365
23:43:27 [1]: Finished: /gome2b/offline/2018/02/07.
23:43:27 [10]: Processing /gome2b/offline/2018/02/07...
23:43:29 [3]: Finished: /gome2b/offline/2018/05/02.
23:43:30 [2]: Finished: /gome2b/offline/2018/03/22.
23:43:31 [11]: Processing /gome2b/offline/2018/05/02...
23:43:31 [0]: Processed 336/365
23:43:31 [10]: Processing /gome2b/offline/2018/03/22...
23:43:34 [0]: Processed 337/365
23:43:35 [0]: Processed 338/365
23:43:43 [6]: Finished: /gome2b/offline/2018/08/30.
23:43:43 [4]: Finished: /gome2b/offline/2018/06/10.
23:43:43 [11]: Processing /gome2b/offline/2018/08/30...
23:43:44 [10]: Processing /gome2b/offline/2018/06/10...
23:43:47 [0]: Processed 339/365
23:43:47 [0]: Processed 340/365
23:43:53 [8]: Finished: /gome2b/offline/2018/11/20.
23:43:53 [10]: Processing /gome2b/offline/2018/11/20...
23:43:57 [0]: Processed 341/365
23:43:59 [5]: Finished: /gome2b/offline/2018/07/19.
23:43:59 [9]: Finished: /gome2b/offline/2018/12/31.
23:43:59 [9]: Closed FTP and signaled Rank 0.
23:43:59 [0]: A-worker retired (1/9)
23:44:00 [10]: Processing /gome2b/offline/2018/07/19...
23:44:02 [11]: Processing /gome2b/offline/2018/12/31...
23:44:03 [0]: Processed 342/365
23:44:05 [0]: Processed 343/365
23:44:17 [1]: Finished: /gome2b/offline/2018/02/08.
23:44:18 [10]: Processing /gome2b/offline/2018/02/08...
23:44:22 [0]: Processed 344/365
23:44:27 [4]: Finished: /gome2b/offline/2018/06/11.
23:44:28 [10]: Processing /gome2b/offline/2018/06/11...
23:44:28 [3]: Finished: /gome2b/offline/2018/05/03.
23:44:28 [3]: Closed FTP and signaled Rank 0.
23:44:28 [0]: A-worker retired (2/9)
23:44:29 [11]: Processing /gome2b/offline/2018/05/03...
23:44:31 [0]: Processed 345/365
23:44:32 [7]: Finished: /gome2b/offline/2018/10/08.
23:44:33 [11]: Processing /gome2b/offline/2018/10/08...
23:44:33 [0]: Processed 346/365
23:44:36 [0]: Processed 347/365
23:44:40 [2]: Finished: /gome2b/offline/2018/03/23.
23:44:41 [2]: Closed FTP and signaled Rank 0.
23:44:41 [0]: A-worker retired (3/9)
23:44:42 [11]: Processing /gome2b/offline/2018/03/23...
23:44:46 [0]: Processed 348/365
23:44:49 [8]: Finished: /gome2b/offline/2018/11/21.
23:44:50 [8]: Closed FTP and signaled Rank 0.
23:44:50 [0]: A-worker retired (4/9)
23:44:52 [11]: Processing /gome2b/offline/2018/11/21...
23:44:54 [6]: Finished: /gome2b/offline/2018/08/31.
23:44:55 [10]: Processing /gome2b/offline/2018/08/31...
23:44:55 [0]: Processed 349/365
23:44:59 [0]: Processed 350/365
23:45:01 [1]: Finished: /gome2b/offline/2018/02/09.
23:45:01 [11]: Processing /gome2b/offline/2018/02/09...
23:45:05 [0]: Processed 351/365
23:45:10 [5]: Finished: /gome2b/offline/2018/07/20.
23:45:11 [10]: Processing /gome2b/offline/2018/07/20...
23:45:14 [4]: Finished: /gome2b/offline/2018/06/12.
23:45:14 [11]: Processing /gome2b/offline/2018/06/12...
23:45:14 [0]: Processed 352/365
23:45:17 [7]: Finished: /gome2b/offline/2018/10/09.
23:45:17 [10]: Processing /gome2b/offline/2018/10/09...
23:45:18 [0]: Processed 353/365
23:45:21 [0]: Processed 354/365
23:45:40 [1]: Finished: /gome2b/offline/2018/02/10.
23:45:40 [1]: Closed FTP and signaled Rank 0.
23:45:40 [0]: A-worker retired (5/9)
23:45:42 [11]: Processing /gome2b/offline/2018/02/10...
23:45:45 [0]: Processed 355/365
23:45:46 [6]: Finished: /gome2b/offline/2018/09/01.
23:45:47 [4]: Finished: /gome2b/offline/2018/06/13.
23:45:47 [4]: Closed FTP and signaled Rank 0.
23:45:47 [0]: A-worker retired (6/9)
23:45:48 [10]: Processing /gome2b/offline/2018/09/01...
23:45:48 [11]: Processing /gome2b/offline/2018/06/13...
23:45:49 [5]: Finished: /gome2b/offline/2018/07/21.
23:45:51 [0]: Processed 356/365
23:45:51 [10]: Processing /gome2b/offline/2018/07/21...
23:45:52 [0]: Processed 357/365
23:45:55 [0]: Processed 358/365
23:46:02 [7]: Finished: /gome2b/offline/2018/10/10.
23:46:04 [11]: Processing /gome2b/offline/2018/10/10...
23:46:07 [0]: Processed 359/365
23:46:15 [6]: Finished: /gome2b/offline/2018/09/02.
23:46:16 [6]: Closed FTP and signaled Rank 0.
23:46:16 [0]: A-worker retired (7/9)
23:46:16 [11]: Processing /gome2b/offline/2018/09/02...
23:46:19 [5]: Finished: /gome2b/offline/2018/07/22.
23:46:20 [11]: Processing /gome2b/offline/2018/07/22...
23:46:20 [0]: Processed 360/365
23:46:23 [0]: Processed 361/365
23:46:39 [7]: Finished: /gome2b/offline/2018/10/11.
23:46:40 [5]: Finished: /gome2b/offline/2018/07/23.
23:46:40 [10]: Processing /gome2b/offline/2018/10/11...
23:46:41 [11]: Processing /gome2b/offline/2018/07/23...
23:46:44 [0]: Processed 362/365
23:46:45 [0]: Processed 363/365
23:47:05 [5]: Finished: /gome2b/offline/2018/07/24.
23:47:05 [5]: Closed FTP and signaled Rank 0.
23:47:05 [0]: A-worker retired (8/9)
23:47:06 [11]: Processing /gome2b/offline/2018/07/24...
23:47:07 [7]: Finished: /gome2b/offline/2018/10/12.
23:47:07 [7]: Closed FTP and signaled Rank 0.
23:47:07 [0]: A-worker retired (9/9)
23:47:08 [10]: Processing /gome2b/offline/2018/10/12...
23:47:09 [11]: Received STOP signal. Exiting.
23:47:09 [0]: Processed 364/365
23:47:12 [0]: Processed 365/365
23:47:12 [10]: Received STOP signal. Exiting.
23:47:12 [0]: All workers finished. Breaking loop.
23:47:12 [0]: All tasks processed. Sending shutdown signal.
23:47:12 [0]: Merging 365 files into master CSV...
<function now at 0x154c62207d90> [0]: Until merge run duration: 2773.647775411606 s
23:47:18 [0]: Cleanup complete. Master file saved.
<function now at 0x154c62207d90> [0]: Total run duration: 2780.318723678589 s
