22:22:23 [0]: Prepared 365 total daily links.
22:22:23 [1]: A-Worker received 41 days to fetch.
22:22:23 [0]: Orchestrator active. Pool is live.
22:22:23 [11]: B-Worker ready for processing.
22:22:23 [11]: B-Worker active.
22:22:23 [8]: A-Worker received 40 days to fetch.
22:22:23 [9]: A-Worker received 40 days to fetch.
22:22:23 [10]: B-Worker ready for processing.
22:22:23 [10]: B-Worker active.
22:22:23 [3]: A-Worker received 41 days to fetch.
22:22:23 [4]: A-Worker received 41 days to fetch.
22:22:23 [5]: A-Worker received 41 days to fetch.
22:22:23 [6]: A-Worker received 40 days to fetch.
22:22:23 [7]: A-Worker received 40 days to fetch.
22:22:23 [2]: A-Worker received 41 days to fetch.
22:22:23 [4]: FTP Connected.
22:22:23 [9]: FTP Connected.
22:22:23 [7]: FTP Connected.
22:22:23 [1]: FTP Connected.
22:22:23 [3]: FTP Connected.
22:22:23 [2]: FTP Connected.
22:22:23 [5]: FTP Connected.
22:22:23 [6]: FTP Connected.
22:22:23 [8]: FTP Connected.
22:22:50 [2]: Finished: /gome2b/offline/2019/02/11.
22:22:53 [11]: Processing /gome2b/offline/2019/02/11...
22:22:56 [0]: Processed 1/365
22:23:01 [4]: Finished: /gome2b/offline/2019/05/04.
22:23:01 [7]: Finished: /gome2b/offline/2019/09/03.
22:23:02 [10]: Processing /gome2b/offline/2019/05/04...
22:23:02 [11]: Processing /gome2b/offline/2019/09/03...
22:23:05 [0]: Processed 2/365
22:23:05 [0]: Processed 3/365
22:23:17 [1]: Finished: /gome2b/offline/2019/01/01.
22:23:17 [10]: Processing /gome2b/offline/2019/01/01...
22:23:21 [0]: Processed 4/365
22:23:21 [3]: Finished: /gome2b/offline/2019/03/24.
22:23:23 [5]: Finished: /gome2b/offline/2019/06/14.
22:23:23 [11]: Processing /gome2b/offline/2019/03/24...
22:23:24 [10]: Processing /gome2b/offline/2019/06/14...
22:23:25 [8]: Finished: /gome2b/offline/2019/10/13.
22:23:27 [0]: Processed 5/365
22:23:27 [11]: Processing /gome2b/offline/2019/10/13...
22:23:27 [0]: Processed 6/365
22:23:31 [0]: Processed 7/365
22:23:39 [9]: Finished: /gome2b/offline/2019/11/22.
22:23:39 [10]: Processing /gome2b/offline/2019/11/22...
22:23:40 [7]: Finished: /gome2b/offline/2019/09/04.
22:23:40 [4]: Finished: /gome2b/offline/2019/05/05.
22:23:43 [11]: Processing /gome2b/offline/2019/09/04...
22:23:43 [10]: Processing /gome2b/offline/2019/05/05...
22:23:43 [0]: Processed 8/365
22:23:46 [0]: Processed 9/365
22:23:47 [0]: Processed 10/365
22:23:51 [8]: Finished: /gome2b/offline/2019/10/14.
22:23:52 [11]: Processing /gome2b/offline/2019/10/14...
22:23:55 [6]: Finished: /gome2b/offline/2019/07/25.
22:23:55 [1]: Finished: /gome2b/offline/2019/01/02.
22:23:56 [0]: Processed 11/365
22:23:56 [11]: Processing /gome2b/offline/2019/07/25...
22:23:56 [10]: Processing /gome2b/offline/2019/01/02...
22:23:59 [0]: Processed 12/365
22:23:59 [0]: Processed 13/365
22:24:02 [3]: Finished: /gome2b/offline/2019/03/25.
22:24:02 [11]: Processing /gome2b/offline/2019/03/25...
22:24:03 [2]: Finished: /gome2b/offline/2019/02/12.
22:24:05 [5]: Finished: /gome2b/offline/2019/06/15.
22:24:05 [10]: Processing /gome2b/offline/2019/02/12...
22:24:06 [0]: Processed 14/365
22:24:06 [11]: Processing /gome2b/offline/2019/06/15...
22:24:09 [0]: Processed 15/365
22:24:10 [0]: Processed 16/365
22:24:31 [9]: Finished: /gome2b/offline/2019/11/23.
22:24:33 [10]: Processing /gome2b/offline/2019/11/23...
22:24:36 [0]: Processed 17/365
22:24:38 [7]: Finished: /gome2b/offline/2019/09/05.
22:24:39 [10]: Processing /gome2b/offline/2019/09/05...
22:24:40 [1]: Finished: /gome2b/offline/2019/01/03.
22:24:43 [11]: Processing /gome2b/offline/2019/01/03...
22:24:43 [0]: Processed 18/365
22:24:43 [4]: Finished: /gome2b/offline/2019/05/06.
22:24:45 [2]: Finished: /gome2b/offline/2019/02/13.
22:24:46 [11]: Processing /gome2b/offline/2019/05/06...
22:24:46 [0]: Processed 19/365
22:24:46 [10]: Processing /gome2b/offline/2019/02/13...
22:24:50 [6]: Finished: /gome2b/offline/2019/07/26.
22:24:50 [0]: Processed 20/365
22:24:50 [10]: Processing /gome2b/offline/2019/07/26...
22:24:50 [0]: Processed 21/365
22:24:50 [8]: Finished: /gome2b/offline/2019/10/15.
22:24:53 [11]: Processing /gome2b/offline/2019/10/15...
22:24:53 [0]: Processed 22/365
22:24:56 [0]: Processed 23/365
22:25:04 [5]: Finished: /gome2b/offline/2019/06/16.
22:25:05 [11]: Processing /gome2b/offline/2019/06/16...
22:25:09 [0]: Processed 24/365
22:25:10 [3]: Finished: /gome2b/offline/2019/03/26.
22:25:11 [10]: Processing /gome2b/offline/2019/03/26...
22:25:14 [1]: Finished: /gome2b/offline/2019/01/04.
22:25:15 [11]: Processing /gome2b/offline/2019/01/04...
22:25:15 [0]: Processed 25/365
22:25:18 [0]: Processed 26/365
22:25:18 [7]: Finished: /gome2b/offline/2019/09/06.
22:25:21 [10]: Processing /gome2b/offline/2019/09/06...
22:25:21 [8]: Finished: /gome2b/offline/2019/10/16.
22:25:21 [11]: Processing /gome2b/offline/2019/10/16...
22:25:24 [0]: Processed 27/365
22:25:24 [0]: Processed 28/365
22:25:29 [4]: Finished: /gome2b/offline/2019/05/07.
22:25:30 [6]: Finished: /gome2b/offline/2019/07/27.
22:25:30 [11]: Processing /gome2b/offline/2019/05/07...
22:25:30 [10]: Processing /gome2b/offline/2019/07/27...
22:25:31 [9]: Finished: /gome2b/offline/2019/11/24.
22:25:34 [10]: Processing /gome2b/offline/2019/11/24...
22:25:34 [0]: Processed 29/365
22:25:34 [0]: Processed 30/365
22:25:37 [0]: Processed 31/365
22:25:40 [5]: Finished: /gome2b/offline/2019/06/17.
22:25:40 [10]: Processing /gome2b/offline/2019/06/17...
22:25:44 [0]: Processed 32/365
22:25:49 [1]: Finished: /gome2b/offline/2019/01/05.
22:25:49 [11]: Processing /gome2b/offline/2019/01/05...
22:25:52 [0]: Processed 33/365
22:26:04 [3]: Finished: /gome2b/offline/2019/03/27.
22:26:04 [11]: Processing /gome2b/offline/2019/03/27...
22:26:08 [0]: Processed 34/365
22:26:08 [8]: Finished: /gome2b/offline/2019/10/17.
22:26:11 [11]: Processing /gome2b/offline/2019/10/17...
22:26:12 [7]: Finished: /gome2b/offline/2019/09/07.
22:26:14 [10]: Processing /gome2b/offline/2019/09/07...
22:26:14 [0]: Processed 35/365
22:26:15 [4]: Finished: /gome2b/offline/2019/05/08.
22:26:17 [2]: Finished: /gome2b/offline/2019/02/14.
22:26:17 [11]: Processing /gome2b/offline/2019/05/08...
22:26:17 [10]: Processing /gome2b/offline/2019/02/14...
22:26:17 [0]: Processed 36/365
22:26:19 [1]: Finished: /gome2b/offline/2019/01/06.
22:26:20 [11]: Processing /gome2b/offline/2019/01/06...
22:26:20 [0]: Processed 37/365
22:26:21 [0]: Processed 38/365
22:26:24 [0]: Processed 39/365
22:26:32 [3]: Finished: /gome2b/offline/2019/03/28.
22:26:33 [10]: Processing /gome2b/offline/2019/03/28...
22:26:36 [0]: Processed 40/365
22:26:43 [7]: Finished: /gome2b/offline/2019/09/08.
22:26:45 [11]: Processing /gome2b/offline/2019/09/08...
22:26:45 [4]: Finished: /gome2b/offline/2019/05/09.
22:26:45 [10]: Processing /gome2b/offline/2019/05/09...
22:26:48 [0]: Processed 41/365
22:26:49 [0]: Processed 42/365
22:26:51 [5]: Finished: /gome2b/offline/2019/06/18.
22:26:51 [11]: Processing /gome2b/offline/2019/06/18...
22:26:53 [6]: Finished: /gome2b/offline/2019/07/28.
22:26:55 [10]: Processing /gome2b/offline/2019/07/28...
22:26:55 [0]: Processed 43/365
22:26:58 [9]: Finished: /gome2b/offline/2019/11/25.
22:26:58 [11]: Processing /gome2b/offline/2019/11/25...
22:26:58 [0]: Processed 44/365
22:26:59 [8]: Finished: /gome2b/offline/2019/10/18.
22:27:01 [2]: Finished: /gome2b/offline/2019/02/15.
22:27:01 [10]: Processing /gome2b/offline/2019/10/18...
22:27:01 [0]: Processed 45/365
22:27:01 [11]: Processing /gome2b/offline/2019/02/15...
22:27:05 [0]: Processed 46/365
22:27:05 [0]: Processed 47/365
22:27:06 [3]: Finished: /gome2b/offline/2019/03/29.
22:27:08 [11]: Processing /gome2b/offline/2019/03/29...
22:27:11 [0]: Processed 48/365
22:27:20 [7]: Finished: /gome2b/offline/2019/09/09.
22:27:23 [10]: Processing /gome2b/offline/2019/09/09...
22:27:26 [0]: Processed 49/365
22:27:31 [6]: Finished: /gome2b/offline/2019/07/29.
22:27:32 [11]: Processing /gome2b/offline/2019/07/29...
22:27:35 [3]: Finished: /gome2b/offline/2019/03/30.
22:27:35 [10]: Processing /gome2b/offline/2019/03/30...
22:27:36 [0]: Processed 50/365
22:27:37 [9]: Finished: /gome2b/offline/2019/11/26.
22:27:39 [11]: Processing /gome2b/offline/2019/11/26...
22:27:39 [0]: Processed 51/365
22:27:42 [0]: Processed 52/365
22:27:43 [4]: Finished: /gome2b/offline/2019/05/10.
22:27:45 [10]: Processing /gome2b/offline/2019/05/10...
22:27:47 [1]: Finished: /gome2b/offline/2019/01/07.
22:27:48 [11]: Processing /gome2b/offline/2019/01/07...
22:27:49 [0]: Processed 53/365
22:27:52 [0]: Processed 54/365
22:27:55 [8]: Finished: /gome2b/offline/2019/10/19.
22:27:55 [11]: Processing /gome2b/offline/2019/10/19...
22:27:59 [0]: Processed 55/365
22:28:01 [5]: Finished: /gome2b/offline/2019/06/19.
22:28:02 [11]: Processing /gome2b/offline/2019/06/19...
22:28:05 [0]: Processed 56/365
22:28:12 [7]: Finished: /gome2b/offline/2019/09/10.
22:28:13 [10]: Processing /gome2b/offline/2019/09/10...
22:28:16 [9]: Finished: /gome2b/offline/2019/11/27.
22:28:16 [3]: Finished: /gome2b/offline/2019/03/31.
22:28:16 [10]: Processing /gome2b/offline/2019/11/27...
22:28:16 [0]: Processed 57/365
22:28:17 [6]: Finished: /gome2b/offline/2019/07/30.
22:28:18 [11]: Processing /gome2b/offline/2019/03/31...
22:28:20 [10]: Processing /gome2b/offline/2019/07/30...
22:28:20 [0]: Processed 58/365
22:28:21 [0]: Processed 59/365
22:28:24 [0]: Processed 60/365
22:28:27 [2]: Finished: /gome2b/offline/2019/02/16.
22:28:30 [10]: Processing /gome2b/offline/2019/02/16...
22:28:33 [0]: Processed 61/365
22:28:37 [4]: Finished: /gome2b/offline/2019/05/11.
22:28:39 [10]: Processing /gome2b/offline/2019/05/11...
22:28:42 [0]: Processed 62/365
22:28:44 [5]: Finished: /gome2b/offline/2019/06/20.
22:28:45 [11]: Processing /gome2b/offline/2019/06/20...
22:28:46 [1]: Finished: /gome2b/offline/2019/01/08.
22:28:47 [3]: Finished: /gome2b/offline/2019/04/01.
22:28:49 [10]: Processing /gome2b/offline/2019/01/08...
22:28:49 [11]: Processing /gome2b/offline/2019/04/01...
22:28:49 [0]: Processed 63/365
22:28:52 [0]: Processed 64/365
22:28:52 [0]: Processed 65/365
22:28:56 [8]: Finished: /gome2b/offline/2019/10/20.
22:28:58 [10]: Processing /gome2b/offline/2019/10/20...
22:28:58 [9]: Finished: /gome2b/offline/2019/11/28.
22:28:58 [11]: Processing /gome2b/offline/2019/11/28...
22:29:01 [0]: Processed 66/365
22:29:02 [0]: Processed 67/365
22:29:08 [2]: Finished: /gome2b/offline/2019/02/17.
22:29:11 [10]: Processing /gome2b/offline/2019/02/17...
22:29:13 [4]: Finished: /gome2b/offline/2019/05/12.
22:29:14 [11]: Processing /gome2b/offline/2019/05/12...
22:29:14 [0]: Processed 68/365
22:29:18 [0]: Processed 69/365
22:29:26 [7]: Finished: /gome2b/offline/2019/09/11.
22:29:26 [10]: Processing /gome2b/offline/2019/09/11...
22:29:26 [6]: Finished: /gome2b/offline/2019/07/31.
22:29:27 [11]: Processing /gome2b/offline/2019/07/31...
22:29:27 [3]: Finished: /gome2b/offline/2019/04/02.
22:29:28 [5]: Finished: /gome2b/offline/2019/06/21.
22:29:29 [0]: Processed 70/365
22:29:29 [10]: Processing /gome2b/offline/2019/04/02...
22:29:30 [0]: Processed 71/365
22:29:30 [11]: Processing /gome2b/offline/2019/06/21...
22:29:33 [0]: Processed 72/365
22:29:34 [0]: Processed 73/365
22:29:36 [1]: Finished: /gome2b/offline/2019/01/09.
22:29:36 [10]: Processing /gome2b/offline/2019/01/09...
22:29:39 [0]: Processed 74/365
22:29:43 [4]: Finished: /gome2b/offline/2019/05/13.
22:29:44 [8]: Finished: /gome2b/offline/2019/10/21.
22:29:45 [10]: Processing /gome2b/offline/2019/05/13...
22:29:46 [11]: Processing /gome2b/offline/2019/10/21...
22:29:49 [0]: Processed 75/365
22:29:49 [0]: Processed 76/365
22:29:53 [2]: Finished: /gome2b/offline/2019/02/18.
22:29:55 [10]: Processing /gome2b/offline/2019/02/18...
22:29:58 [0]: Processed 77/365
22:30:05 [6]: Finished: /gome2b/offline/2019/08/01.
22:30:07 [11]: Processing /gome2b/offline/2019/08/01...
22:30:09 [8]: Finished: /gome2b/offline/2019/10/22.
22:30:10 [10]: Processing /gome2b/offline/2019/10/22...
22:30:11 [0]: Processed 78/365
22:30:12 [9]: Finished: /gome2b/offline/2019/11/29.
22:30:13 [3]: Finished: /gome2b/offline/2019/04/03.
22:30:14 [11]: Processing /gome2b/offline/2019/11/29...
22:30:14 [10]: Processing /gome2b/offline/2019/04/03...
22:30:14 [0]: Processed 79/365
22:30:17 [0]: Processed 80/365
22:30:17 [0]: Processed 81/365
22:30:19 [7]: Finished: /gome2b/offline/2019/09/12.
22:30:20 [5]: Finished: /gome2b/offline/2019/06/22.
22:30:20 [11]: Processing /gome2b/offline/2019/09/12...
22:30:20 [10]: Processing /gome2b/offline/2019/06/22...
22:30:24 [0]: Processed 82/365
22:30:24 [0]: Processed 83/365
22:30:29 [1]: Finished: /gome2b/offline/2019/01/10.
22:30:30 [11]: Processing /gome2b/offline/2019/01/10...
22:30:32 [4]: Finished: /gome2b/offline/2019/05/14.
22:30:33 [10]: Processing /gome2b/offline/2019/05/14...
22:30:33 [0]: Processed 84/365
22:30:36 [0]: Processed 85/365
22:30:52 [2]: Finished: /gome2b/offline/2019/02/19.
22:30:53 [9]: Finished: /gome2b/offline/2019/11/30.
22:30:54 [11]: Processing /gome2b/offline/2019/02/19...
22:30:55 [10]: Processing /gome2b/offline/2019/11/30...
22:30:55 [7]: Finished: /gome2b/offline/2019/09/13.
22:30:58 [0]: Processed 86/365
22:30:58 [10]: Processing /gome2b/offline/2019/09/13...
22:30:58 [0]: Processed 87/365
22:31:02 [0]: Processed 88/365
22:31:02 [6]: Finished: /gome2b/offline/2019/08/02.
22:31:03 [1]: Finished: /gome2b/offline/2019/01/11.
22:31:04 [11]: Processing /gome2b/offline/2019/08/02...
22:31:05 [10]: Processing /gome2b/offline/2019/01/11...
22:31:05 [5]: Finished: /gome2b/offline/2019/06/23.
22:31:08 [11]: Processing /gome2b/offline/2019/06/23...
22:31:08 [0]: Processed 89/365
22:31:08 [0]: Processed 90/365
22:31:11 [8]: Finished: /gome2b/offline/2019/10/23.
22:31:11 [0]: Processed 91/365
22:31:11 [11]: Processing /gome2b/offline/2019/10/23...
22:31:13 [3]: Finished: /gome2b/offline/2019/04/04.
22:31:14 [4]: Finished: /gome2b/offline/2019/05/15.
22:31:14 [10]: Processing /gome2b/offline/2019/04/04...
22:31:15 [11]: Processing /gome2b/offline/2019/05/15...
22:31:15 [0]: Processed 92/365
22:31:18 [0]: Processed 93/365
22:31:18 [0]: Processed 94/365
22:31:25 [7]: Finished: /gome2b/offline/2019/09/14.
22:31:27 [10]: Processing /gome2b/offline/2019/09/14...
22:31:30 [0]: Processed 95/365
22:31:35 [9]: Finished: /gome2b/offline/2019/12/01.
22:31:36 [10]: Processing /gome2b/offline/2019/12/01...
22:31:40 [0]: Processed 96/365
22:31:54 [4]: Finished: /gome2b/offline/2019/05/16.
22:31:54 [8]: Finished: /gome2b/offline/2019/10/24.
22:31:54 [11]: Processing /gome2b/offline/2019/05/16...
22:31:55 [10]: Processing /gome2b/offline/2019/10/24...
22:31:56 [1]: Finished: /gome2b/offline/2019/01/12.
22:31:58 [0]: Processed 97/365
22:31:58 [11]: Processing /gome2b/offline/2019/01/12...
22:31:59 [0]: Processed 98/365
22:32:02 [2]: Finished: /gome2b/offline/2019/02/20.
22:32:02 [0]: Processed 99/365
22:32:02 [11]: Processing /gome2b/offline/2019/02/20...
22:32:05 [0]: Processed 100/365
22:32:07 [5]: Finished: /gome2b/offline/2019/06/24.
22:32:07 [7]: Finished: /gome2b/offline/2019/09/15.
22:32:08 [10]: Processing /gome2b/offline/2019/06/24...
22:32:08 [11]: Processing /gome2b/offline/2019/09/15...
22:32:11 [0]: Processed 101/365
22:32:12 [0]: Processed 102/365
22:32:19 [6]: Finished: /gome2b/offline/2019/08/03.
22:32:20 [10]: Processing /gome2b/offline/2019/08/03...
22:32:23 [3]: Finished: /gome2b/offline/2019/04/05.
22:32:24 [10]: Processing /gome2b/offline/2019/04/05...
22:32:24 [0]: Processed 103/365
22:32:27 [0]: Processed 104/365
22:32:32 [9]: Finished: /gome2b/offline/2019/12/02.
22:32:33 [11]: Processing /gome2b/offline/2019/12/02...
22:32:34 [1]: Finished: /gome2b/offline/2019/01/13.
22:32:36 [10]: Processing /gome2b/offline/2019/01/13...
22:32:37 [0]: Processed 105/365
22:32:39 [7]: Finished: /gome2b/offline/2019/09/16.
22:32:40 [0]: Processed 106/365
22:32:40 [10]: Processing /gome2b/offline/2019/09/16...
22:32:40 [5]: Finished: /gome2b/offline/2019/06/25.
22:32:43 [11]: Processing /gome2b/offline/2019/06/25...
22:32:43 [0]: Processed 107/365
22:32:46 [4]: Finished: /gome2b/offline/2019/05/17.
22:32:46 [10]: Processing /gome2b/offline/2019/05/17...
22:32:46 [0]: Processed 108/365
22:32:50 [0]: Processed 109/365
22:32:52 [2]: Finished: /gome2b/offline/2019/02/21.
22:32:53 [10]: Processing /gome2b/offline/2019/02/21...
22:32:56 [0]: Processed 110/365
22:33:01 [9]: Finished: /gome2b/offline/2019/12/03.
22:33:01 [11]: Processing /gome2b/offline/2019/12/03...
22:33:02 [8]: Finished: /gome2b/offline/2019/10/25.
22:33:02 [10]: Processing /gome2b/offline/2019/10/25...
22:33:05 [0]: Processed 111/365
22:33:05 [6]: Finished: /gome2b/offline/2019/08/04.
22:33:06 [0]: Processed 112/365
22:33:06 [10]: Processing /gome2b/offline/2019/08/04...
22:33:09 [0]: Processed 113/365
22:33:13 [4]: Finished: /gome2b/offline/2019/05/18.
22:33:14 [11]: Processing /gome2b/offline/2019/05/18...
22:33:17 [0]: Processed 114/365
22:33:18 [7]: Finished: /gome2b/offline/2019/09/17.
22:33:20 [11]: Processing /gome2b/offline/2019/09/17...
22:33:21 [2]: Finished: /gome2b/offline/2019/02/22.
22:33:21 [10]: Processing /gome2b/offline/2019/02/22...
22:33:24 [0]: Processed 115/365
22:33:25 [0]: Processed 116/365
22:33:37 [5]: Finished: /gome2b/offline/2019/06/26.
22:33:37 [3]: Finished: /gome2b/offline/2019/04/06.
22:33:39 [4]: Finished: /gome2b/offline/2019/05/19.
22:33:39 [11]: Processing /gome2b/offline/2019/06/26...
22:33:40 [10]: Processing /gome2b/offline/2019/04/06...
22:33:42 [0]: Processed 117/365
22:33:42 [11]: Processing /gome2b/offline/2019/05/19...
22:33:43 [0]: Processed 118/365
22:33:45 [8]: Finished: /gome2b/offline/2019/10/26.
22:33:46 [11]: Processing /gome2b/offline/2019/10/26...
22:33:46 [0]: Processed 119/365
22:33:49 [0]: Processed 120/365
22:33:57 [1]: Finished: /gome2b/offline/2019/01/14.
22:33:58 [11]: Processing /gome2b/offline/2019/01/14...
22:34:00 [9]: Finished: /gome2b/offline/2019/12/04.
22:34:00 [6]: Finished: /gome2b/offline/2019/08/05.
22:34:01 [10]: Processing /gome2b/offline/2019/12/04...
22:34:02 [11]: Processing /gome2b/offline/2019/08/05...
22:34:02 [0]: Processed 121/365
22:34:05 [0]: Processed 122/365
22:34:05 [0]: Processed 123/365
22:34:05 [7]: Finished: /gome2b/offline/2019/09/18.
22:34:08 [10]: Processing /gome2b/offline/2019/09/18...
22:34:11 [0]: Processed 124/365
22:34:20 [8]: Finished: /gome2b/offline/2019/10/27.
22:34:20 [10]: Processing /gome2b/offline/2019/10/27...
22:34:24 [0]: Processed 125/365
22:34:25 [2]: Finished: /gome2b/offline/2019/02/23.
22:34:26 [11]: Processing /gome2b/offline/2019/02/23...
22:34:27 [3]: Finished: /gome2b/offline/2019/04/07.
22:34:29 [11]: Processing /gome2b/offline/2019/04/07...
22:34:29 [0]: Processed 126/365
22:34:33 [4]: Finished: /gome2b/offline/2019/05/20.
22:34:33 [0]: Processed 127/365
22:34:35 [5]: Finished: /gome2b/offline/2019/06/27.
22:34:36 [11]: Processing /gome2b/offline/2019/05/20...
22:34:36 [10]: Processing /gome2b/offline/2019/06/27...
22:34:39 [1]: Finished: /gome2b/offline/2019/01/15.
22:34:39 [11]: Processing /gome2b/offline/2019/01/15...
22:34:39 [0]: Processed 128/365
22:34:40 [0]: Processed 129/365
22:34:40 [9]: Finished: /gome2b/offline/2019/12/05.
22:34:43 [10]: Processing /gome2b/offline/2019/12/05...
22:34:43 [0]: Processed 130/365
22:34:46 [0]: Processed 131/365
22:34:58 [6]: Finished: /gome2b/offline/2019/08/06.
22:34:58 [10]: Processing /gome2b/offline/2019/08/06...
22:34:59 [7]: Finished: /gome2b/offline/2019/09/19.
22:35:01 [11]: Processing /gome2b/offline/2019/09/19...
22:35:02 [0]: Processed 132/365
22:35:04 [0]: Processed 133/365
22:35:09 [4]: Finished: /gome2b/offline/2019/05/21.
22:35:10 [11]: Processing /gome2b/offline/2019/05/21...
22:35:14 [0]: Processed 134/365
22:35:19 [9]: Finished: /gome2b/offline/2019/12/06.
22:35:20 [10]: Processing /gome2b/offline/2019/12/06...
22:35:21 [5]: Finished: /gome2b/offline/2019/06/28.
22:35:23 [11]: Processing /gome2b/offline/2019/06/28...
22:35:23 [0]: Processed 135/365
22:35:23 [8]: Finished: /gome2b/offline/2019/10/28.
22:35:25 [2]: Finished: /gome2b/offline/2019/02/24.
22:35:26 [10]: Processing /gome2b/offline/2019/10/28...
22:35:26 [0]: Processed 136/365
22:35:26 [11]: Processing /gome2b/offline/2019/02/24...
22:35:30 [0]: Processed 137/365
22:35:30 [0]: Processed 138/365
22:35:30 [7]: Finished: /gome2b/offline/2019/09/20.
22:35:32 [1]: Finished: /gome2b/offline/2019/01/16.
22:35:33 [10]: Processing /gome2b/offline/2019/09/20...
22:35:33 [11]: Processing /gome2b/offline/2019/01/16...
22:35:37 [0]: Processed 139/365
22:35:37 [0]: Processed 140/365
22:35:49 [5]: Finished: /gome2b/offline/2019/06/29.
22:35:52 [11]: Processing /gome2b/offline/2019/06/29...
22:35:52 [4]: Finished: /gome2b/offline/2019/05/22.
22:35:52 [3]: Finished: /gome2b/offline/2019/04/08.
22:35:55 [10]: Processing /gome2b/offline/2019/05/22...
22:35:55 [0]: Processed 141/365
22:35:55 [11]: Processing /gome2b/offline/2019/04/08...
22:35:58 [0]: Processed 142/365
22:35:59 [0]: Processed 143/365
22:36:03 [6]: Finished: /gome2b/offline/2019/08/07.
22:36:04 [10]: Processing /gome2b/offline/2019/08/07...
22:36:07 [8]: Finished: /gome2b/offline/2019/10/29.
22:36:08 [11]: Processing /gome2b/offline/2019/10/29...
22:36:08 [0]: Processed 144/365
22:36:12 [0]: Processed 145/365
22:36:15 [1]: Finished: /gome2b/offline/2019/01/17.
22:36:17 [10]: Processing /gome2b/offline/2019/01/17...
22:36:21 [0]: Processed 146/365
22:36:21 [9]: Finished: /gome2b/offline/2019/12/07.
22:36:24 [11]: Processing /gome2b/offline/2019/12/07...
22:36:25 [7]: Finished: /gome2b/offline/2019/09/21.
22:36:27 [10]: Processing /gome2b/offline/2019/09/21...
22:36:27 [0]: Processed 147/365
22:36:30 [0]: Processed 148/365
22:36:34 [4]: Finished: /gome2b/offline/2019/05/23.
22:36:36 [10]: Processing /gome2b/offline/2019/05/23...
22:36:40 [0]: Processed 149/365
22:36:42 [2]: Finished: /gome2b/offline/2019/02/25.
22:36:42 [11]: Processing /gome2b/offline/2019/02/25...
22:36:45 [5]: Finished: /gome2b/offline/2019/06/30.
22:36:46 [10]: Processing /gome2b/offline/2019/06/30...
22:36:46 [0]: Processed 150/365
22:36:49 [0]: Processed 151/365
22:36:49 [3]: Finished: /gome2b/offline/2019/04/09.
22:36:52 [11]: Processing /gome2b/offline/2019/04/09...
22:36:53 [9]: Finished: /gome2b/offline/2019/12/08.
22:36:55 [10]: Processing /gome2b/offline/2019/12/08...
22:36:55 [0]: Processed 152/365
22:36:59 [0]: Processed 153/365
22:37:02 [8]: Finished: /gome2b/offline/2019/10/30.
22:37:04 [11]: Processing /gome2b/offline/2019/10/30...
22:37:08 [0]: Processed 154/365
22:37:10 [6]: Finished: /gome2b/offline/2019/08/08.
22:37:11 [11]: Processing /gome2b/offline/2019/08/08...
22:37:12 [3]: Finished: /gome2b/offline/2019/04/10.
22:37:14 [10]: Processing /gome2b/offline/2019/04/10...
22:37:14 [0]: Processed 155/365
22:37:17 [0]: Processed 156/365
22:37:17 [1]: Finished: /gome2b/offline/2019/01/18.
22:37:20 [11]: Processing /gome2b/offline/2019/01/18...
22:37:20 [4]: Finished: /gome2b/offline/2019/05/24.
22:37:23 [10]: Processing /gome2b/offline/2019/05/24...
22:37:23 [0]: Processed 157/365
22:37:27 [2]: Finished: /gome2b/offline/2019/02/26.
22:37:27 [0]: Processed 158/365
22:37:27 [10]: Processing /gome2b/offline/2019/02/26...
22:37:30 [5]: Finished: /gome2b/offline/2019/07/01.
22:37:30 [0]: Processed 159/365
22:37:30 [10]: Processing /gome2b/offline/2019/07/01...
22:37:34 [0]: Processed 160/365
22:37:42 [1]: Finished: /gome2b/offline/2019/01/19.
22:37:43 [10]: Processing /gome2b/offline/2019/01/19...
22:37:43 [9]: Finished: /gome2b/offline/2019/12/09.
22:37:45 [11]: Processing /gome2b/offline/2019/12/09...
22:37:46 [7]: Finished: /gome2b/offline/2019/09/22.
22:37:47 [10]: Processing /gome2b/offline/2019/09/22...
22:37:47 [0]: Processed 161/365
22:37:48 [0]: Processed 162/365
22:37:50 [0]: Processed 163/365
22:37:56 [4]: Finished: /gome2b/offline/2019/05/25.
22:37:57 [11]: Processing /gome2b/offline/2019/05/25...
22:37:58 [6]: Finished: /gome2b/offline/2019/08/09.
22:37:59 [10]: Processing /gome2b/offline/2019/08/09...
22:38:00 [0]: Processed 164/365
22:38:03 [0]: Processed 165/365
22:38:03 [3]: Finished: /gome2b/offline/2019/04/11.
22:38:03 [8]: Finished: /gome2b/offline/2019/10/31.
22:38:03 [11]: Processing /gome2b/offline/2019/04/11...
22:38:06 [10]: Processing /gome2b/offline/2019/10/31...
22:38:07 [0]: Processed 166/365
22:38:09 [0]: Processed 167/365
22:38:11 [9]: Finished: /gome2b/offline/2019/12/10.
22:38:12 [10]: Processing /gome2b/offline/2019/12/10...
22:38:14 [5]: Finished: /gome2b/offline/2019/07/02.
22:38:16 [10]: Processing /gome2b/offline/2019/07/02...
22:38:16 [0]: Processed 168/365
22:38:19 [0]: Processed 169/365
22:38:37 [9]: Finished: /gome2b/offline/2019/12/11.
22:38:37 [11]: Processing /gome2b/offline/2019/12/11...
22:38:40 [2]: Finished: /gome2b/offline/2019/02/27.
22:38:40 [10]: Processing /gome2b/offline/2019/02/27...
22:38:41 [0]: Processed 170/365
22:38:42 [1]: Finished: /gome2b/offline/2019/01/20.
22:38:43 [0]: Processed 171/365
22:38:43 [10]: Processing /gome2b/offline/2019/01/20...
22:38:44 [7]: Finished: /gome2b/offline/2019/09/23.
22:38:45 [6]: Finished: /gome2b/offline/2019/08/10.
22:38:47 [11]: Processing /gome2b/offline/2019/09/23...
22:38:47 [0]: Processed 172/365
22:38:47 [10]: Processing /gome2b/offline/2019/08/10...
22:38:50 [0]: Processed 173/365
22:38:50 [0]: Processed 174/365
22:38:57 [8]: Finished: /gome2b/offline/2019/11/01.
22:38:58 [4]: Finished: /gome2b/offline/2019/05/26.
22:38:59 [11]: Processing /gome2b/offline/2019/11/01...
22:38:59 [10]: Processing /gome2b/offline/2019/05/26...
22:38:59 [3]: Finished: /gome2b/offline/2019/04/12.
22:39:03 [11]: Processing /gome2b/offline/2019/04/12...
22:39:03 [0]: Processed 175/365
22:39:03 [0]: Processed 176/365
22:39:06 [0]: Processed 177/365
22:39:07 [5]: Finished: /gome2b/offline/2019/07/03.
22:39:09 [11]: Processing /gome2b/offline/2019/07/03...
22:39:13 [0]: Processed 178/365
22:39:20 [9]: Finished: /gome2b/offline/2019/12/12.
22:39:21 [10]: Processing /gome2b/offline/2019/12/12...
22:39:22 [6]: Finished: /gome2b/offline/2019/08/11.
22:39:22 [3]: Finished: /gome2b/offline/2019/04/13.
22:39:25 [11]: Processing /gome2b/offline/2019/08/11...
22:39:25 [10]: Processing /gome2b/offline/2019/04/13...
22:39:25 [0]: Processed 179/365
22:39:28 [0]: Processed 180/365
22:39:29 [0]: Processed 181/365
22:39:42 [7]: Finished: /gome2b/offline/2019/09/24.
22:39:43 [11]: Processing /gome2b/offline/2019/09/24...
22:39:44 [4]: Finished: /gome2b/offline/2019/05/27.
22:39:47 [0]: Processed 182/365
22:39:47 [11]: Processing /gome2b/offline/2019/05/27...
22:39:50 [0]: Processed 183/365
22:39:54 [5]: Finished: /gome2b/offline/2019/07/04.
22:39:54 [1]: Finished: /gome2b/offline/2019/01/21.
22:39:56 [10]: Processing /gome2b/offline/2019/07/04...
22:39:56 [11]: Processing /gome2b/offline/2019/01/21...
22:40:00 [0]: Processed 184/365
22:40:00 [0]: Processed 185/365
22:40:01 [8]: Finished: /gome2b/offline/2019/11/02.
22:40:03 [10]: Processing /gome2b/offline/2019/11/02...
22:40:06 [9]: Finished: /gome2b/offline/2019/12/13.
22:40:06 [11]: Processing /gome2b/offline/2019/12/13...
22:40:06 [0]: Processed 186/365
22:40:06 [6]: Finished: /gome2b/offline/2019/08/12.
22:40:09 [10]: Processing /gome2b/offline/2019/08/12...
22:40:09 [0]: Processed 187/365
22:40:13 [0]: Processed 188/365
22:40:14 [3]: Finished: /gome2b/offline/2019/04/14.
22:40:15 [11]: Processing /gome2b/offline/2019/04/14...
22:40:19 [0]: Processed 189/365
22:40:24 [2]: Finished: /gome2b/offline/2019/02/28.
22:40:25 [10]: Processing /gome2b/offline/2019/02/28...
22:40:28 [0]: Processed 190/365
22:40:29 [5]: Finished: /gome2b/offline/2019/07/05.
22:40:29 [4]: Finished: /gome2b/offline/2019/05/28.
22:40:31 [11]: Processing /gome2b/offline/2019/07/05...
22:40:31 [10]: Processing /gome2b/offline/2019/05/28...
22:40:31 [7]: Finished: /gome2b/offline/2019/09/25.
22:40:34 [11]: Processing /gome2b/offline/2019/09/25...
22:40:34 [0]: Processed 191/365
22:40:34 [0]: Processed 192/365
22:40:38 [0]: Processed 193/365
22:40:38 [1]: Finished: /gome2b/offline/2019/01/22.
22:40:40 [10]: Processing /gome2b/offline/2019/01/22...
22:40:44 [0]: Processed 194/365
22:40:55 [2]: Finished: /gome2b/offline/2019/03/01.
22:40:56 [10]: Processing /gome2b/offline/2019/03/01...
22:40:57 [3]: Finished: /gome2b/offline/2019/04/15.
22:40:59 [11]: Processing /gome2b/offline/2019/04/15...
22:41:00 [0]: Processed 195/365
22:41:00 [4]: Finished: /gome2b/offline/2019/05/29.
22:41:02 [11]: Processing /gome2b/offline/2019/05/29...
22:41:02 [0]: Processed 196/365
22:41:04 [8]: Finished: /gome2b/offline/2019/11/03.
22:41:05 [6]: Finished: /gome2b/offline/2019/08/13.
22:41:06 [10]: Processing /gome2b/offline/2019/11/03...
22:41:06 [11]: Processing /gome2b/offline/2019/08/13...
22:41:06 [0]: Processed 197/365
22:41:08 [9]: Finished: /gome2b/offline/2019/12/14.
22:41:09 [5]: Finished: /gome2b/offline/2019/07/06.
22:41:09 [0]: Processed 198/365
22:41:09 [11]: Processing /gome2b/offline/2019/12/14...
22:41:09 [0]: Processed 199/365
22:41:09 [10]: Processing /gome2b/offline/2019/07/06...
22:41:13 [0]: Processed 200/365
22:41:13 [0]: Processed 201/365
22:41:26 [1]: Finished: /gome2b/offline/2019/01/23.
22:41:28 [10]: Processing /gome2b/offline/2019/01/23...
22:41:29 [3]: Finished: /gome2b/offline/2019/04/16.
22:41:31 [11]: Processing /gome2b/offline/2019/04/16...
22:41:31 [0]: Processed 202/365
22:41:34 [0]: Processed 203/365
22:41:37 [4]: Finished: /gome2b/offline/2019/05/30.
22:41:37 [10]: Processing /gome2b/offline/2019/05/30...
22:41:41 [0]: Processed 204/365
22:41:41 [7]: Finished: /gome2b/offline/2019/09/26.
22:41:42 [9]: Finished: /gome2b/offline/2019/12/15.
22:41:42 [6]: Finished: /gome2b/offline/2019/08/14.
22:41:43 [11]: Processing /gome2b/offline/2019/09/26...
22:41:44 [10]: Processing /gome2b/offline/2019/12/15...
22:41:45 [5]: Finished: /gome2b/offline/2019/07/07.
22:41:47 [11]: Processing /gome2b/offline/2019/08/14...
22:41:47 [0]: Processed 205/365
22:41:47 [0]: Processed 206/365
22:41:47 [10]: Processing /gome2b/offline/2019/07/07...
22:41:50 [0]: Processed 207/365
22:41:51 [0]: Processed 208/365
22:42:06 [9]: Finished: /gome2b/offline/2019/12/16.
22:42:08 [11]: Processing /gome2b/offline/2019/12/16...
22:42:12 [0]: Processed 209/365
22:42:13 [2]: Finished: /gome2b/offline/2019/03/02.
22:42:15 [10]: Processing /gome2b/offline/2019/03/02...
22:42:16 [8]: Finished: /gome2b/offline/2019/11/04.
22:42:18 [11]: Processing /gome2b/offline/2019/11/04...
22:42:18 [0]: Processed 210/365
22:42:21 [0]: Processed 211/365
22:42:25 [3]: Finished: /gome2b/offline/2019/04/17.
22:42:27 [10]: Processing /gome2b/offline/2019/04/17...
22:42:28 [7]: Finished: /gome2b/offline/2019/09/27.
22:42:30 [11]: Processing /gome2b/offline/2019/09/27...
22:42:31 [0]: Processed 212/365
22:42:31 [5]: Finished: /gome2b/offline/2019/07/08.
22:42:34 [6]: Finished: /gome2b/offline/2019/08/15.
22:42:34 [10]: Processing /gome2b/offline/2019/07/08...
22:42:34 [11]: Processing /gome2b/offline/2019/08/15...
22:42:34 [0]: Processed 213/365
22:42:36 [4]: Finished: /gome2b/offline/2019/05/31.
22:42:37 [0]: Processed 214/365
22:42:37 [10]: Processing /gome2b/offline/2019/05/31...
22:42:37 [0]: Processed 215/365
22:42:41 [0]: Processed 216/365
22:42:48 [1]: Finished: /gome2b/offline/2019/01/24.
22:42:49 [11]: Processing /gome2b/offline/2019/01/24...
22:42:53 [0]: Processed 217/365
22:42:58 [6]: Finished: /gome2b/offline/2019/08/16.
22:42:59 [11]: Processing /gome2b/offline/2019/08/16...
22:43:01 [8]: Finished: /gome2b/offline/2019/11/05.
22:43:02 [10]: Processing /gome2b/offline/2019/11/05...
22:43:02 [0]: Processed 218/365
22:43:05 [0]: Processed 219/365
22:43:17 [3]: Finished: /gome2b/offline/2019/04/18.
22:43:17 [11]: Processing /gome2b/offline/2019/04/18...
22:43:18 [9]: Finished: /gome2b/offline/2019/12/17.
22:43:18 [5]: Finished: /gome2b/offline/2019/07/09.
22:43:20 [10]: Processing /gome2b/offline/2019/12/17...
22:43:21 [11]: Processing /gome2b/offline/2019/07/09...
22:43:21 [0]: Processed 220/365
22:43:24 [0]: Processed 221/365
22:43:25 [0]: Processed 222/365
22:43:26 [4]: Finished: /gome2b/offline/2019/06/01.
22:43:27 [10]: Processing /gome2b/offline/2019/06/01...
22:43:30 [2]: Finished: /gome2b/offline/2019/03/03.
22:43:30 [10]: Processing /gome2b/offline/2019/03/03...
22:43:30 [0]: Processed 223/365
22:43:34 [0]: Processed 224/365
22:43:35 [6]: Finished: /gome2b/offline/2019/08/17.
22:43:37 [11]: Processing /gome2b/offline/2019/08/17...
22:43:40 [0]: Processed 225/365
22:43:42 [1]: Finished: /gome2b/offline/2019/01/25.
22:43:42 [7]: Finished: /gome2b/offline/2019/09/28.
22:43:43 [10]: Processing /gome2b/offline/2019/01/25...
22:43:43 [11]: Processing /gome2b/offline/2019/09/28...
22:43:45 [8]: Finished: /gome2b/offline/2019/11/06.
22:43:46 [0]: Processed 226/365
22:43:46 [10]: Processing /gome2b/offline/2019/11/06...
22:43:47 [0]: Processed 227/365
22:43:50 [0]: Processed 228/365
22:44:09 [2]: Finished: /gome2b/offline/2019/03/04.
22:44:11 [11]: Processing /gome2b/offline/2019/03/04...
22:44:11 [6]: Finished: /gome2b/offline/2019/08/18.
22:44:12 [9]: Finished: /gome2b/offline/2019/12/18.
22:44:14 [5]: Finished: /gome2b/offline/2019/07/10.
22:44:14 [10]: Processing /gome2b/offline/2019/08/18...
22:44:14 [4]: Finished: /gome2b/offline/2019/06/02.
22:44:14 [0]: Processed 229/365
22:44:14 [11]: Processing /gome2b/offline/2019/12/18...
22:44:15 [3]: Finished: /gome2b/offline/2019/04/19.
22:44:18 [10]: Processing /gome2b/offline/2019/07/10...
22:44:18 [0]: Processed 230/365
22:44:18 [11]: Processing /gome2b/offline/2019/06/02...
22:44:18 [0]: Processed 231/365
22:44:21 [10]: Processing /gome2b/offline/2019/04/19...
22:44:21 [0]: Processed 232/365
22:44:21 [0]: Processed 233/365
22:44:25 [0]: Processed 234/365
22:44:31 [8]: Finished: /gome2b/offline/2019/11/07.
22:44:33 [11]: Processing /gome2b/offline/2019/11/07...
22:44:37 [0]: Processed 235/365
22:44:41 [7]: Finished: /gome2b/offline/2019/09/29.
22:44:43 [10]: Processing /gome2b/offline/2019/09/29...
22:44:44 [1]: Finished: /gome2b/offline/2019/01/26.
22:44:46 [11]: Processing /gome2b/offline/2019/01/26...
22:44:46 [0]: Processed 236/365
22:44:48 [5]: Finished: /gome2b/offline/2019/07/11.
22:44:49 [10]: Processing /gome2b/offline/2019/07/11...
22:44:50 [0]: Processed 237/365
22:44:53 [0]: Processed 238/365
22:45:02 [8]: Finished: /gome2b/offline/2019/11/08.
22:45:02 [2]: Finished: /gome2b/offline/2019/03/05.
22:45:03 [3]: Finished: /gome2b/offline/2019/04/20.
22:45:05 [11]: Processing /gome2b/offline/2019/11/08...
22:45:05 [10]: Processing /gome2b/offline/2019/03/05...
22:45:08 [9]: Finished: /gome2b/offline/2019/12/19.
22:45:08 [0]: Processed 239/365
22:45:08 [11]: Processing /gome2b/offline/2019/04/20...
22:45:08 [0]: Processed 240/365
22:45:08 [10]: Processing /gome2b/offline/2019/12/19...
22:45:12 [0]: Processed 241/365
22:45:12 [0]: Processed 242/365
22:45:15 [4]: Finished: /gome2b/offline/2019/06/03.
22:45:16 [7]: Finished: /gome2b/offline/2019/09/30.
22:45:18 [11]: Processing /gome2b/offline/2019/06/03...
22:45:18 [10]: Processing /gome2b/offline/2019/09/30...
22:45:21 [0]: Processed 243/365
22:45:21 [0]: Processed 244/365
22:45:36 [6]: Finished: /gome2b/offline/2019/08/19.
22:45:36 [1]: Finished: /gome2b/offline/2019/01/27.
22:45:36 [11]: Processing /gome2b/offline/2019/08/19...
22:45:36 [10]: Processing /gome2b/offline/2019/01/27...
22:45:38 [8]: Finished: /gome2b/offline/2019/11/09.
22:45:39 [2]: Finished: /gome2b/offline/2019/03/06.
22:45:39 [0]: Processed 245/365
22:45:39 [11]: Processing /gome2b/offline/2019/11/09...
22:45:40 [0]: Processed 246/365
22:45:40 [10]: Processing /gome2b/offline/2019/03/06...
22:45:42 [5]: Finished: /gome2b/offline/2019/07/12.
22:45:43 [0]: Processed 247/365
22:45:43 [11]: Processing /gome2b/offline/2019/07/12...
22:45:43 [0]: Processed 248/365
22:45:46 [7]: Finished: /gome2b/offline/2019/10/01.
22:45:46 [11]: Processing /gome2b/offline/2019/10/01...
22:45:46 [0]: Processed 249/365
22:45:50 [0]: Processed 250/365
22:45:59 [9]: Finished: /gome2b/offline/2019/12/20.
22:46:02 [10]: Processing /gome2b/offline/2019/12/20...
22:46:04 [8]: Finished: /gome2b/offline/2019/11/10.
22:46:05 [11]: Processing /gome2b/offline/2019/11/10...
22:46:05 [0]: Processed 251/365
22:46:08 [0]: Processed 252/365
22:46:10 [4]: Finished: /gome2b/offline/2019/06/04.
22:46:11 [10]: Processing /gome2b/offline/2019/06/04...
22:46:15 [0]: Processed 253/365
22:46:17 [7]: Finished: /gome2b/offline/2019/10/02.
22:46:17 [11]: Processing /gome2b/offline/2019/10/02...
22:46:20 [1]: Finished: /gome2b/offline/2019/01/28.
22:46:21 [11]: Processing /gome2b/offline/2019/01/28...
22:46:21 [0]: Processed 254/365
22:46:24 [0]: Processed 255/365
22:46:29 [2]: Finished: /gome2b/offline/2019/03/07.
22:46:29 [6]: Finished: /gome2b/offline/2019/08/20.
22:46:30 [10]: Processing /gome2b/offline/2019/03/07...
22:46:30 [11]: Processing /gome2b/offline/2019/08/20...
22:46:33 [0]: Processed 256/365
22:46:33 [0]: Processed 257/365
22:46:45 [3]: Finished: /gome2b/offline/2019/04/21.
22:46:46 [11]: Processing /gome2b/offline/2019/04/21...
22:46:46 [9]: Finished: /gome2b/offline/2019/12/21.
22:46:48 [10]: Processing /gome2b/offline/2019/12/21...
22:46:49 [0]: Processed 258/365
22:46:50 [4]: Finished: /gome2b/offline/2019/06/05.
22:46:52 [11]: Processing /gome2b/offline/2019/06/05...
22:46:52 [0]: Processed 259/365
22:46:53 [8]: Finished: /gome2b/offline/2019/11/11.
22:46:55 [10]: Processing /gome2b/offline/2019/11/11...
22:46:56 [0]: Processed 260/365
22:46:57 [6]: Finished: /gome2b/offline/2019/08/21.
22:46:58 [5]: Finished: /gome2b/offline/2019/07/13.
22:46:58 [0]: Processed 261/365
22:46:58 [10]: Processing /gome2b/offline/2019/08/21...
22:46:59 [11]: Processing /gome2b/offline/2019/07/13...
22:47:00 [2]: Finished: /gome2b/offline/2019/03/08.
22:47:02 [10]: Processing /gome2b/offline/2019/03/08...
22:47:02 [0]: Processed 262/365
22:47:02 [0]: Processed 263/365
22:47:05 [0]: Processed 264/365
22:47:14 [7]: Finished: /gome2b/offline/2019/10/03.
22:47:14 [11]: Processing /gome2b/offline/2019/10/03...
22:47:16 [1]: Finished: /gome2b/offline/2019/01/29.
22:47:17 [10]: Processing /gome2b/offline/2019/01/29...
22:47:18 [0]: Processed 265/365
22:47:21 [0]: Processed 266/365
22:47:26 [3]: Finished: /gome2b/offline/2019/04/22.
22:47:27 [11]: Processing /gome2b/offline/2019/04/22...
22:47:29 [4]: Finished: /gome2b/offline/2019/06/06.
22:47:30 [10]: Processing /gome2b/offline/2019/06/06...
22:47:30 [0]: Processed 267/365
22:47:34 [0]: Processed 268/365
22:47:44 [9]: Finished: /gome2b/offline/2019/12/22.
22:47:45 [1]: Finished: /gome2b/offline/2019/01/30.
22:47:45 [11]: Processing /gome2b/offline/2019/12/22...
22:47:46 [10]: Processing /gome2b/offline/2019/01/30...
22:47:49 [0]: Processed 269/365
22:47:49 [0]: Processed 270/365
22:47:50 [2]: Finished: /gome2b/offline/2019/03/09.
22:47:52 [11]: Processing /gome2b/offline/2019/03/09...
22:47:52 [5]: Finished: /gome2b/offline/2019/07/14.
22:47:52 [10]: Processing /gome2b/offline/2019/07/14...
22:47:55 [0]: Processed 271/365
22:47:55 [6]: Finished: /gome2b/offline/2019/08/22.
22:47:56 [0]: Processed 272/365
22:47:56 [10]: Processing /gome2b/offline/2019/08/22...
22:47:56 [8]: Finished: /gome2b/offline/2019/11/12.
22:47:58 [11]: Processing /gome2b/offline/2019/11/12...
22:48:00 [0]: Processed 273/365
22:48:02 [0]: Processed 274/365
22:48:14 [4]: Finished: /gome2b/offline/2019/06/07.
22:48:14 [11]: Processing /gome2b/offline/2019/06/07...
22:48:17 [0]: Processed 275/365
22:48:20 [7]: Finished: /gome2b/offline/2019/10/04.
22:48:21 [10]: Processing /gome2b/offline/2019/10/04...
22:48:24 [0]: Processed 276/365
22:48:27 [3]: Finished: /gome2b/offline/2019/04/23.
22:48:27 [10]: Processing /gome2b/offline/2019/04/23...
22:48:28 [5]: Finished: /gome2b/offline/2019/07/15.
22:48:29 [6]: Finished: /gome2b/offline/2019/08/23.
22:48:29 [11]: Processing /gome2b/offline/2019/07/15...
22:48:31 [0]: Processed 277/365
22:48:31 [10]: Processing /gome2b/offline/2019/08/23...
22:48:33 [0]: Processed 278/365
22:48:35 [0]: Processed 279/365
22:48:40 [2]: Finished: /gome2b/offline/2019/03/10.
22:48:41 [10]: Processing /gome2b/offline/2019/03/10...
22:48:44 [0]: Processed 280/365
22:48:45 [9]: Finished: /gome2b/offline/2019/12/23.
22:48:47 [10]: Processing /gome2b/offline/2019/12/23...
22:48:50 [4]: Finished: /gome2b/offline/2019/06/08.
22:48:51 [11]: Processing /gome2b/offline/2019/06/08...
22:48:51 [0]: Processed 281/365
22:48:54 [0]: Processed 282/365
22:48:56 [8]: Finished: /gome2b/offline/2019/11/13.
22:48:57 [10]: Processing /gome2b/offline/2019/11/13...
22:48:57 [1]: Finished: /gome2b/offline/2019/01/31.
22:49:00 [11]: Processing /gome2b/offline/2019/01/31...
22:49:00 [0]: Processed 283/365
22:49:04 [0]: Processed 284/365
22:49:07 [5]: Finished: /gome2b/offline/2019/07/16.
22:49:07 [11]: Processing /gome2b/offline/2019/07/16...
22:49:10 [0]: Processed 285/365
22:49:16 [2]: Finished: /gome2b/offline/2019/03/11.
22:49:16 [11]: Processing /gome2b/offline/2019/03/11...
22:49:18 [3]: Finished: /gome2b/offline/2019/04/24.
22:49:18 [10]: Processing /gome2b/offline/2019/04/24...
22:49:20 [6]: Finished: /gome2b/offline/2019/08/24.
22:49:20 [11]: Processing /gome2b/offline/2019/08/24...
22:49:20 [0]: Processed 286/365
22:49:22 [0]: Processed 287/365
22:49:23 [0]: Processed 288/365
22:49:29 [4]: Finished: /gome2b/offline/2019/06/09.
22:49:31 [10]: Processing /gome2b/offline/2019/06/09...
22:49:34 [9]: Finished: /gome2b/offline/2019/12/24.
22:49:34 [10]: Processing /gome2b/offline/2019/12/24...
22:49:34 [0]: Processed 289/365
22:49:38 [0]: Processed 290/365
22:49:42 [6]: Finished: /gome2b/offline/2019/08/25.
22:49:44 [10]: Processing /gome2b/offline/2019/08/25...
22:49:44 [2]: Finished: /gome2b/offline/2019/03/12.
22:49:44 [11]: Processing /gome2b/offline/2019/03/12...
22:49:45 [7]: Finished: /gome2b/offline/2019/10/05.
22:49:47 [0]: Processed 291/365
22:49:47 [11]: Processing /gome2b/offline/2019/10/05...
22:49:47 [1]: Finished: /gome2b/offline/2019/02/01.
22:49:47 [0]: Processed 292/365
22:49:47 [10]: Processing /gome2b/offline/2019/02/01...
22:49:50 [0]: Processed 293/365
22:49:51 [0]: Processed 294/365
22:49:56 [3]: Finished: /gome2b/offline/2019/04/25.
22:49:57 [10]: Processing /gome2b/offline/2019/04/25...
22:49:59 [5]: Finished: /gome2b/offline/2019/07/17.
22:49:59 [11]: Processing /gome2b/offline/2019/07/17...
22:50:00 [0]: Processed 295/365
22:50:03 [8]: Finished: /gome2b/offline/2019/11/14.
22:50:03 [0]: Processed 296/365
22:50:03 [10]: Processing /gome2b/offline/2019/11/14...
22:50:07 [0]: Processed 297/365
22:50:17 [7]: Finished: /gome2b/offline/2019/10/06.
22:50:17 [4]: Finished: /gome2b/offline/2019/06/10.
22:50:18 [11]: Processing /gome2b/offline/2019/10/06...
22:50:19 [10]: Processing /gome2b/offline/2019/06/10...
22:50:21 [0]: Processed 298/365
22:50:22 [0]: Processed 299/365
22:50:29 [2]: Finished: /gome2b/offline/2019/03/13.
22:50:30 [11]: Processing /gome2b/offline/2019/03/13...
22:50:31 [6]: Finished: /gome2b/offline/2019/08/26.
22:50:31 [10]: Processing /gome2b/offline/2019/08/26...
22:50:34 [0]: Processed 300/365
22:50:35 [0]: Processed 301/365
22:50:42 [1]: Finished: /gome2b/offline/2019/02/02.
22:50:43 [11]: Processing /gome2b/offline/2019/02/02...
22:50:46 [0]: Processed 302/365
22:50:49 [8]: Finished: /gome2b/offline/2019/11/15.
22:50:50 [10]: Processing /gome2b/offline/2019/11/15...
22:50:54 [0]: Processed 303/365
22:50:57 [5]: Finished: /gome2b/offline/2019/07/18.
22:50:58 [11]: Processing /gome2b/offline/2019/07/18...
22:51:01 [2]: Finished: /gome2b/offline/2019/03/14.
22:51:02 [11]: Processing /gome2b/offline/2019/03/14...
22:51:02 [0]: Processed 304/365
22:51:03 [3]: Finished: /gome2b/offline/2019/04/26.
22:51:05 [11]: Processing /gome2b/offline/2019/04/26...
22:51:05 [0]: Processed 305/365
22:51:08 [7]: Finished: /gome2b/offline/2019/10/07.
22:51:08 [0]: Processed 306/365
22:51:08 [11]: Processing /gome2b/offline/2019/10/07...
22:51:11 [9]: Finished: /gome2b/offline/2019/12/25.
22:51:12 [10]: Processing /gome2b/offline/2019/12/25...
22:51:12 [0]: Processed 307/365
22:51:13 [1]: Finished: /gome2b/offline/2019/02/03.
22:51:15 [11]: Processing /gome2b/offline/2019/02/03...
22:51:15 [0]: Processed 308/365
22:51:18 [0]: Processed 309/365
22:51:24 [4]: Finished: /gome2b/offline/2019/06/11.
22:51:24 [10]: Processing /gome2b/offline/2019/06/11...
22:51:28 [0]: Processed 310/365
22:51:28 [8]: Finished: /gome2b/offline/2019/11/16.
22:51:31 [11]: Processing /gome2b/offline/2019/11/16...
22:51:34 [0]: Processed 311/365
22:51:35 [5]: Finished: /gome2b/offline/2019/07/19.
22:51:37 [10]: Processing /gome2b/offline/2019/07/19...
22:51:40 [6]: Finished: /gome2b/offline/2019/08/27.
22:51:40 [10]: Processing /gome2b/offline/2019/08/27...
22:51:40 [0]: Processed 312/365
22:51:43 [3]: Finished: /gome2b/offline/2019/04/27.
22:51:44 [0]: Processed 313/365
22:51:44 [10]: Processing /gome2b/offline/2019/04/27...
22:51:46 [7]: Finished: /gome2b/offline/2019/10/08.
22:51:46 [11]: Processing /gome2b/offline/2019/10/08...
22:51:47 [0]: Processed 314/365
22:51:50 [0]: Processed 315/365
22:51:51 [9]: Finished: /gome2b/offline/2019/12/26.
22:51:53 [11]: Processing /gome2b/offline/2019/12/26...
22:51:59 [0]: Processed 316/365
22:52:11 [8]: Finished: /gome2b/offline/2019/11/17.
22:52:11 [11]: Processing /gome2b/offline/2019/11/17...
22:52:12 [2]: Finished: /gome2b/offline/2019/03/15.
22:52:14 [10]: Processing /gome2b/offline/2019/03/15...
22:52:16 [1]: Finished: /gome2b/offline/2019/02/04.
22:52:23 [3]: Finished: /gome2b/offline/2019/04/28.
22:52:23 [6]: Finished: /gome2b/offline/2019/08/28.
22:52:28 [4]: Finished: /gome2b/offline/2019/06/12.
22:52:33 [11]: Processing /gome2b/offline/2019/02/04...
22:52:33 [0]: Processed 317/365
22:52:33 [0]: Processed 318/365
22:52:33 [10]: Processing /gome2b/offline/2019/04/28...
22:52:35 [9]: Finished: /gome2b/offline/2019/12/27.
22:52:41 [5]: Finished: /gome2b/offline/2019/07/20.
22:52:42 [7]: Finished: /gome2b/offline/2019/10/09.
22:52:50 [8]: Finished: /gome2b/offline/2019/11/18.
22:52:53 [2]: Finished: /gome2b/offline/2019/03/16.
22:53:09 [4]: Finished: /gome2b/offline/2019/06/13.
22:53:09 [4]: Closed FTP and signaled Rank 0.
22:53:09 [0]: A-worker retired (1/9)
22:53:10 [11]: Processing /gome2b/offline/2019/08/28...
22:53:10 [0]: Processed 319/365
22:53:11 [10]: Processing /gome2b/offline/2019/06/12...
22:53:11 [0]: Processed 320/365
22:53:15 [11]: Processing /gome2b/offline/2019/12/27...
22:53:15 [0]: Processed 321/365
22:53:16 [0]: Processed 322/365
22:53:16 [10]: Processing /gome2b/offline/2019/07/20...
22:53:20 [11]: Processing /gome2b/offline/2019/10/09...
22:53:20 [0]: Processed 323/365
22:53:20 [0]: Processed 324/365
22:53:20 [10]: Processing /gome2b/offline/2019/11/18...
22:53:20 [1]: Finished: /gome2b/offline/2019/02/05.
22:53:22 [9]: Finished: /gome2b/offline/2019/12/28.
22:53:23 [5]: Finished: /gome2b/offline/2019/07/21.
22:53:25 [11]: Processing /gome2b/offline/2019/03/16...
22:53:25 [0]: Processed 325/365
22:53:25 [10]: Processing /gome2b/offline/2019/06/13...
22:53:25 [0]: Processed 326/365
22:53:27 [6]: Finished: /gome2b/offline/2019/08/29.
22:53:29 [11]: Processing /gome2b/offline/2019/02/05...
22:53:29 [0]: Processed 327/365
22:53:29 [0]: Processed 328/365
22:53:29 [10]: Processing /gome2b/offline/2019/12/28...
22:53:30 [8]: Finished: /gome2b/offline/2019/11/19.
22:53:33 [10]: Processing /gome2b/offline/2019/07/21...
22:53:33 [0]: Processed 329/365
22:53:34 [11]: Processing /gome2b/offline/2019/08/29...
22:53:34 [0]: Processed 330/365
22:53:37 [0]: Processed 331/365
22:53:37 [10]: Processing /gome2b/offline/2019/11/19...
22:53:38 [0]: Processed 332/365
22:53:40 [3]: Finished: /gome2b/offline/2019/04/29.
22:53:41 [11]: Processing /gome2b/offline/2019/04/29...
22:53:41 [2]: Finished: /gome2b/offline/2019/03/17.
22:53:42 [10]: Processing /gome2b/offline/2019/03/17...
22:53:42 [0]: Processed 333/365
22:53:45 [0]: Processed 334/365
22:53:45 [0]: Processed 335/365
22:53:49 [1]: Finished: /gome2b/offline/2019/02/06.
22:53:51 [11]: Processing /gome2b/offline/2019/02/06...
22:53:54 [0]: Processed 336/365
22:53:56 [8]: Finished: /gome2b/offline/2019/11/20.
22:53:57 [11]: Processing /gome2b/offline/2019/11/20...
22:53:59 [7]: Finished: /gome2b/offline/2019/10/10.
22:54:00 [10]: Processing /gome2b/offline/2019/10/10...
22:54:01 [9]: Finished: /gome2b/offline/2019/12/29.
22:54:01 [11]: Processing /gome2b/offline/2019/12/29...
22:54:01 [0]: Processed 337/365
22:54:03 [5]: Finished: /gome2b/offline/2019/07/22.
22:54:04 [10]: Processing /gome2b/offline/2019/07/22...
22:54:04 [0]: Processed 338/365
22:54:04 [0]: Processed 339/365
22:54:07 [0]: Processed 340/365
22:54:10 [6]: Finished: /gome2b/offline/2019/08/30.
22:54:10 [10]: Processing /gome2b/offline/2019/08/30...
22:54:14 [0]: Processed 341/365
22:54:18 [3]: Finished: /gome2b/offline/2019/04/30.
22:54:19 [11]: Processing /gome2b/offline/2019/04/30...
22:54:23 [0]: Processed 342/365
22:54:27 [8]: Finished: /gome2b/offline/2019/11/21.
22:54:27 [8]: Closed FTP and signaled Rank 0.
22:54:27 [0]: A-worker retired (2/9)
22:54:29 [11]: Processing /gome2b/offline/2019/11/21...
22:54:32 [0]: Processed 343/365
22:54:36 [2]: Finished: /gome2b/offline/2019/03/18.
22:54:36 [7]: Finished: /gome2b/offline/2019/10/11.
22:54:38 [10]: Processing /gome2b/offline/2019/03/18...
22:54:38 [11]: Processing /gome2b/offline/2019/10/11...
22:54:41 [9]: Finished: /gome2b/offline/2019/12/30.
22:54:41 [0]: Processed 344/365
22:54:41 [10]: Processing /gome2b/offline/2019/12/30...
22:54:42 [0]: Processed 345/365
22:54:45 [0]: Processed 346/365
22:54:49 [1]: Finished: /gome2b/offline/2019/02/07.
22:54:51 [11]: Processing /gome2b/offline/2019/02/07...
22:54:54 [0]: Processed 347/365
22:54:55 [3]: Finished: /gome2b/offline/2019/05/01.
22:54:56 [6]: Finished: /gome2b/offline/2019/08/31.
22:54:57 [10]: Processing /gome2b/offline/2019/05/01...
22:54:57 [11]: Processing /gome2b/offline/2019/08/31...
22:55:00 [0]: Processed 348/365
22:55:01 [5]: Finished: /gome2b/offline/2019/07/23.
22:55:01 [0]: Processed 349/365
22:55:01 [11]: Processing /gome2b/offline/2019/07/23...
22:55:05 [0]: Processed 350/365
22:55:08 [2]: Finished: /gome2b/offline/2019/03/19.
22:55:09 [10]: Processing /gome2b/offline/2019/03/19...
22:55:13 [0]: Processed 351/365
22:55:31 [9]: Finished: /gome2b/offline/2019/12/31.
22:55:31 [10]: Processing /gome2b/offline/2019/12/31...
22:55:31 [9]: Closed FTP and signaled Rank 0.
22:55:31 [0]: A-worker retired (3/9)
22:55:34 [7]: Finished: /gome2b/offline/2019/10/12.
22:55:34 [7]: Closed FTP and signaled Rank 0.
22:55:34 [0]: A-worker retired (4/9)
22:55:35 [0]: Processed 352/365
22:55:35 [10]: Processing /gome2b/offline/2019/10/12...
22:55:35 [6]: Finished: /gome2b/offline/2019/09/01.
22:55:35 [3]: Finished: /gome2b/offline/2019/05/02.
22:55:38 [11]: Processing /gome2b/offline/2019/09/01...
22:55:38 [0]: Processed 353/365
22:55:38 [10]: Processing /gome2b/offline/2019/05/02...
22:55:39 [2]: Finished: /gome2b/offline/2019/03/20.
22:55:40 [1]: Finished: /gome2b/offline/2019/02/08.
22:55:41 [11]: Processing /gome2b/offline/2019/03/20...
22:55:41 [0]: Processed 354/365
22:55:42 [0]: Processed 355/365
22:55:42 [10]: Processing /gome2b/offline/2019/02/08...
22:55:45 [5]: Finished: /gome2b/offline/2019/07/24.
22:55:45 [5]: Closed FTP and signaled Rank 0.
22:55:45 [0]: A-worker retired (5/9)
22:55:45 [0]: Processed 356/365
22:55:45 [10]: Processing /gome2b/offline/2019/07/24...
22:55:45 [0]: Processed 357/365
22:55:49 [0]: Processed 358/365
22:55:56 [6]: Finished: /gome2b/offline/2019/09/02.
22:55:56 [6]: Closed FTP and signaled Rank 0.
22:55:56 [0]: A-worker retired (6/9)
22:55:57 [11]: Processing /gome2b/offline/2019/09/02...
22:56:00 [0]: Processed 359/365
22:56:07 [1]: Finished: /gome2b/offline/2019/02/09.
22:56:09 [11]: Processing /gome2b/offline/2019/02/09...
22:56:11 [2]: Finished: /gome2b/offline/2019/03/21.
22:56:11 [3]: Finished: /gome2b/offline/2019/05/03.
22:56:12 [3]: Closed FTP and signaled Rank 0.
22:56:12 [0]: A-worker retired (7/9)
22:56:13 [10]: Processing /gome2b/offline/2019/03/21...
22:56:13 [11]: Processing /gome2b/offline/2019/05/03...
22:56:13 [0]: Processed 360/365
22:56:16 [0]: Processed 361/365
22:56:16 [0]: Processed 362/365
22:56:28 [1]: Finished: /gome2b/offline/2019/02/10.
22:56:28 [1]: Closed FTP and signaled Rank 0.
22:56:28 [0]: A-worker retired (8/9)
22:56:28 [10]: Processing /gome2b/offline/2019/02/10...
22:56:32 [0]: Processed 363/365
22:56:38 [2]: Finished: /gome2b/offline/2019/03/22.
22:56:40 [11]: Processing /gome2b/offline/2019/03/22...
22:56:44 [0]: Processed 364/365
22:56:56 [2]: Finished: /gome2b/offline/2019/03/23.
22:56:56 [2]: Closed FTP and signaled Rank 0.
22:56:56 [0]: A-worker retired (9/9)
22:56:56 [10]: Processing /gome2b/offline/2019/03/23...
22:56:59 [11]: Received STOP signal. Exiting.
22:56:59 [10]: Received STOP signal. Exiting.
22:56:59 [0]: Processed 365/365
22:56:59 [0]: All workers finished. Breaking loop.
22:56:59 [0]: All tasks processed. Sending shutdown signal.
22:56:59 [0]: Merging 365 files into master CSV...
<function now at 0x1474f8a93d90> [0]: Until merge run duration: 2076.8504712581635 s
22:57:10 [0]: Cleanup complete. Master file saved.
<function now at 0x1474f8a93d90> [0]: Total run duration: 2087.16566324234 s
