19:23:46 [10]: B-Worker ready for processing.
19:23:46 [10]: B-Worker active.
19:23:46 [11]: B-Worker ready for processing.
19:23:46 [11]: B-Worker active.
19:23:46 [0]: Prepared 365 total daily links.
19:23:46 [1]: A-Worker received 41 days to fetch.
19:23:46 [2]: A-Worker received 41 days to fetch.
19:23:46 [4]: A-Worker received 41 days to fetch.
19:23:46 [5]: A-Worker received 41 days to fetch.
19:23:46 [6]: A-Worker received 40 days to fetch.
19:23:46 [7]: A-Worker received 40 days to fetch.
19:23:46 [8]: A-Worker received 40 days to fetch.
19:23:46 [0]: Orchestrator active. Pool is live.
19:23:46 [9]: A-Worker received 40 days to fetch.
19:23:46 [3]: A-Worker received 41 days to fetch.
19:23:46 [3]: FTP Connected.
19:23:46 [6]: FTP Connected.
19:23:46 [5]: FTP Connected.
19:23:46 [2]: FTP Connected.
19:23:46 [7]: FTP Connected.
19:23:46 [9]: FTP Connected.
19:23:46 [8]: FTP Connected.
19:23:46 [4]: FTP Connected.
19:23:46 [1]: FTP Connected.
19:24:23 [4]: Finished: /gome2b/offline/2022/05/04.
19:24:23 [6]: Finished: /gome2b/offline/2022/07/25.
19:24:25 [10]: Processing /gome2b/offline/2022/05/04...
19:24:25 [11]: Processing /gome2b/offline/2022/07/25...
19:24:28 [1]: Finished: /gome2b/offline/2022/01/01.
19:24:29 [11]: Processing /gome2b/offline/2022/01/01...
19:24:29 [0]: Processed 1/365
19:24:29 [0]: Processed 2/365
19:24:32 [0]: Processed 3/365
19:24:33 [5]: Finished: /gome2b/offline/2022/06/14.
19:24:35 [10]: Processing /gome2b/offline/2022/06/14...
19:24:35 [3]: Finished: /gome2b/offline/2022/03/24.
19:24:35 [11]: Processing /gome2b/offline/2022/03/24...
19:24:39 [0]: Processed 4/365
19:24:39 [0]: Processed 5/365
19:24:43 [9]: Finished: /gome2b/offline/2022/11/22.
19:24:45 [10]: Processing /gome2b/offline/2022/11/22...
19:24:48 [0]: Processed 6/365
19:24:48 [3]: Finished: /gome2b/offline/2022/03/25.
19:24:51 [11]: Processing /gome2b/offline/2022/03/25...
19:24:52 [0]: Processed 7/365
19:24:53 [2]: Finished: /gome2b/offline/2022/02/11.
19:24:54 [7]: Finished: /gome2b/offline/2022/09/03.
19:24:54 [10]: Processing /gome2b/offline/2022/02/11...
19:24:55 [11]: Processing /gome2b/offline/2022/09/03...
19:24:57 [1]: Finished: /gome2b/offline/2022/01/02.
19:24:58 [0]: Processed 8/365
19:24:58 [10]: Processing /gome2b/offline/2022/01/02...
19:24:59 [0]: Processed 9/365
19:25:01 [0]: Processed 10/365
19:25:02 [8]: Finished: /gome2b/offline/2022/10/13.
19:25:04 [10]: Processing /gome2b/offline/2022/10/13...
19:25:08 [0]: Processed 11/365
19:25:13 [6]: Finished: /gome2b/offline/2022/07/26.
19:25:14 [10]: Processing /gome2b/offline/2022/07/26...
19:25:17 [0]: Processed 12/365
19:25:20 [3]: Finished: /gome2b/offline/2022/03/26.
19:25:20 [11]: Processing /gome2b/offline/2022/03/26...
19:25:23 [1]: Finished: /gome2b/offline/2022/01/03.
19:25:23 [10]: Processing /gome2b/offline/2022/01/03...
19:25:24 [0]: Processed 13/365
19:25:25 [4]: Finished: /gome2b/offline/2022/05/05.
19:25:27 [11]: Processing /gome2b/offline/2022/05/05...
19:25:27 [0]: Processed 14/365
19:25:30 [0]: Processed 15/365
19:25:31 [5]: Finished: /gome2b/offline/2022/06/15.
19:25:33 [10]: Processing /gome2b/offline/2022/06/15...
19:25:36 [0]: Processed 16/365
19:25:41 [2]: Finished: /gome2b/offline/2022/02/12.
19:25:42 [9]: Finished: /gome2b/offline/2022/11/23.
19:25:42 [11]: Processing /gome2b/offline/2022/02/12...
19:25:42 [10]: Processing /gome2b/offline/2022/11/23...
19:25:43 [6]: Finished: /gome2b/offline/2022/07/27.
19:25:45 [0]: Processed 17/365
19:25:45 [11]: Processing /gome2b/offline/2022/07/27...
19:25:46 [0]: Processed 18/365
19:25:47 [8]: Finished: /gome2b/offline/2022/10/14.
19:25:49 [10]: Processing /gome2b/offline/2022/10/14...
19:25:49 [0]: Processed 19/365
19:25:52 [0]: Processed 20/365
19:26:00 [1]: Finished: /gome2b/offline/2022/01/04.
19:26:01 [11]: Processing /gome2b/offline/2022/01/04...
19:26:03 [7]: Finished: /gome2b/offline/2022/09/04.
19:26:04 [10]: Processing /gome2b/offline/2022/09/04...
19:26:04 [0]: Processed 21/365
19:26:08 [0]: Processed 22/365
19:26:09 [3]: Finished: /gome2b/offline/2022/03/27.
19:26:10 [11]: Processing /gome2b/offline/2022/03/27...
19:26:14 [0]: Processed 23/365
19:26:23 [4]: Finished: /gome2b/offline/2022/05/06.
19:26:23 [11]: Processing /gome2b/offline/2022/05/06...
19:26:23 [2]: Finished: /gome2b/offline/2022/02/13.
19:26:26 [10]: Processing /gome2b/offline/2022/02/13...
19:26:26 [5]: Finished: /gome2b/offline/2022/06/16.
19:26:26 [11]: Processing /gome2b/offline/2022/06/16...
19:26:26 [0]: Processed 24/365
19:26:29 [8]: Finished: /gome2b/offline/2022/10/15.
19:26:29 [10]: Processing /gome2b/offline/2022/10/15...
19:26:29 [0]: Processed 25/365
19:26:30 [0]: Processed 26/365
19:26:33 [0]: Processed 27/365
19:26:39 [9]: Finished: /gome2b/offline/2022/11/24.
19:26:39 [11]: Processing /gome2b/offline/2022/11/24...
19:26:40 [6]: Finished: /gome2b/offline/2022/07/28.
19:26:40 [7]: Finished: /gome2b/offline/2022/09/05.
19:26:42 [10]: Processing /gome2b/offline/2022/07/28...
19:26:42 [11]: Processing /gome2b/offline/2022/09/05...
19:26:42 [0]: Processed 28/365
19:26:45 [0]: Processed 29/365
19:26:46 [0]: Processed 30/365
19:26:50 [4]: Finished: /gome2b/offline/2022/05/07.
19:26:51 [10]: Processing /gome2b/offline/2022/05/07...
19:26:55 [0]: Processed 31/365
19:27:08 [9]: Finished: /gome2b/offline/2022/11/25.
19:27:09 [1]: Finished: /gome2b/offline/2022/01/05.
19:27:10 [10]: Processing /gome2b/offline/2022/11/25...
19:27:10 [11]: Processing /gome2b/offline/2022/01/05...
19:27:11 [8]: Finished: /gome2b/offline/2022/10/16.
19:27:11 [2]: Finished: /gome2b/offline/2022/02/14.
19:27:13 [10]: Processing /gome2b/offline/2022/10/16...
19:27:13 [0]: Processed 32/365
19:27:14 [11]: Processing /gome2b/offline/2022/02/14...
19:27:14 [0]: Processed 33/365
19:27:17 [0]: Processed 34/365
19:27:17 [0]: Processed 35/365
19:27:20 [3]: Finished: /gome2b/offline/2022/03/28.
19:27:20 [6]: Finished: /gome2b/offline/2022/07/29.
19:27:20 [11]: Processing /gome2b/offline/2022/03/28...
19:27:23 [10]: Processing /gome2b/offline/2022/07/29...
19:27:23 [4]: Finished: /gome2b/offline/2022/05/08.
19:27:24 [11]: Processing /gome2b/offline/2022/05/08...
19:27:24 [0]: Processed 36/365
19:27:26 [0]: Processed 37/365
19:27:27 [0]: Processed 38/365
19:27:36 [9]: Finished: /gome2b/offline/2022/11/26.
19:27:36 [11]: Processing /gome2b/offline/2022/11/26...
19:27:37 [5]: Finished: /gome2b/offline/2022/06/17.
19:27:38 [10]: Processing /gome2b/offline/2022/06/17...
19:27:38 [7]: Finished: /gome2b/offline/2022/09/06.
19:27:40 [11]: Processing /gome2b/offline/2022/09/06...
19:27:40 [0]: Processed 39/365
19:27:42 [0]: Processed 40/365
19:27:44 [0]: Processed 41/365
19:27:52 [8]: Finished: /gome2b/offline/2022/10/17.
19:27:53 [11]: Processing /gome2b/offline/2022/10/17...
19:27:56 [0]: Processed 42/365
19:27:58 [2]: Finished: /gome2b/offline/2022/02/15.
19:27:59 [11]: Processing /gome2b/offline/2022/02/15...
19:28:02 [1]: Finished: /gome2b/offline/2022/01/06.
19:28:03 [10]: Processing /gome2b/offline/2022/01/06...
19:28:03 [0]: Processed 43/365
19:28:06 [4]: Finished: /gome2b/offline/2022/05/09.
19:28:06 [10]: Processing /gome2b/offline/2022/05/09...
19:28:06 [0]: Processed 44/365
19:28:09 [0]: Processed 45/365
19:28:11 [6]: Finished: /gome2b/offline/2022/07/30.
19:28:12 [11]: Processing /gome2b/offline/2022/07/30...
19:28:15 [0]: Processed 46/365
19:28:21 [3]: Finished: /gome2b/offline/2022/03/29.
19:28:21 [9]: Finished: /gome2b/offline/2022/11/27.
19:28:21 [10]: Processing /gome2b/offline/2022/03/29...
19:28:21 [11]: Processing /gome2b/offline/2022/11/27...
19:28:22 [5]: Finished: /gome2b/offline/2022/06/18.
19:28:25 [0]: Processed 47/365
19:28:25 [10]: Processing /gome2b/offline/2022/06/18...
19:28:25 [0]: Processed 48/365
19:28:28 [0]: Processed 49/365
19:28:37 [8]: Finished: /gome2b/offline/2022/10/18.
19:28:37 [11]: Processing /gome2b/offline/2022/10/18...
19:28:40 [4]: Finished: /gome2b/offline/2022/05/10.
19:28:40 [10]: Processing /gome2b/offline/2022/05/10...
19:28:40 [0]: Processed 50/365
19:28:44 [0]: Processed 51/365
19:28:52 [2]: Finished: /gome2b/offline/2022/02/16.
19:28:52 [11]: Processing /gome2b/offline/2022/02/16...
19:28:55 [7]: Finished: /gome2b/offline/2022/09/07.
19:28:56 [10]: Processing /gome2b/offline/2022/09/07...
19:28:56 [0]: Processed 52/365
19:28:57 [1]: Finished: /gome2b/offline/2022/01/07.
19:28:59 [11]: Processing /gome2b/offline/2022/01/07...
19:28:59 [0]: Processed 53/365
19:29:03 [0]: Processed 54/365
19:29:05 [9]: Finished: /gome2b/offline/2022/11/28.
19:29:05 [10]: Processing /gome2b/offline/2022/11/28...
19:29:09 [0]: Processed 55/365
19:29:16 [7]: Finished: /gome2b/offline/2022/09/08.
19:29:18 [5]: Finished: /gome2b/offline/2022/06/19.
19:29:18 [11]: Processing /gome2b/offline/2022/09/08...
19:29:18 [10]: Processing /gome2b/offline/2022/06/19...
19:29:21 [0]: Processed 56/365
19:29:21 [0]: Processed 57/365
19:29:26 [8]: Finished: /gome2b/offline/2022/10/19.
19:29:27 [11]: Processing /gome2b/offline/2022/10/19...
19:29:30 [0]: Processed 58/365
19:29:34 [2]: Finished: /gome2b/offline/2022/02/17.
19:29:34 [6]: Finished: /gome2b/offline/2022/07/31.
19:29:36 [11]: Processing /gome2b/offline/2022/02/17...
19:29:36 [10]: Processing /gome2b/offline/2022/07/31...
19:29:39 [3]: Finished: /gome2b/offline/2022/03/30.
19:29:40 [0]: Processed 59/365
19:29:40 [11]: Processing /gome2b/offline/2022/03/30...
19:29:40 [0]: Processed 60/365
19:29:43 [0]: Processed 61/365
19:29:45 [4]: Finished: /gome2b/offline/2022/05/11.
19:29:46 [9]: Finished: /gome2b/offline/2022/11/29.
19:29:46 [10]: Processing /gome2b/offline/2022/05/11...
19:29:46 [11]: Processing /gome2b/offline/2022/11/29...
19:29:49 [0]: Processed 62/365
19:29:49 [0]: Processed 63/365
19:29:54 [7]: Finished: /gome2b/offline/2022/09/09.
19:29:55 [10]: Processing /gome2b/offline/2022/09/09...
19:29:57 [1]: Finished: /gome2b/offline/2022/01/08.
19:29:58 [11]: Processing /gome2b/offline/2022/01/08...
19:29:59 [0]: Processed 64/365
19:30:02 [0]: Processed 65/365
19:30:04 [5]: Finished: /gome2b/offline/2022/06/20.
19:30:05 [10]: Processing /gome2b/offline/2022/06/20...
19:30:08 [0]: Processed 66/365
19:30:18 [3]: Finished: /gome2b/offline/2022/03/31.
19:30:18 [6]: Finished: /gome2b/offline/2022/08/01.
19:30:19 [8]: Finished: /gome2b/offline/2022/10/20.
19:30:20 [11]: Processing /gome2b/offline/2022/03/31...
19:30:20 [10]: Processing /gome2b/offline/2022/08/01...
19:30:23 [2]: Finished: /gome2b/offline/2022/02/18.
19:30:24 [10]: Processing /gome2b/offline/2022/10/20...
19:30:24 [0]: Processed 67/365
19:30:24 [11]: Processing /gome2b/offline/2022/02/18...
19:30:24 [0]: Processed 68/365
19:30:27 [0]: Processed 69/365
19:30:28 [0]: Processed 70/365
19:30:41 [1]: Finished: /gome2b/offline/2022/01/09.
19:30:42 [7]: Finished: /gome2b/offline/2022/09/10.
19:30:42 [11]: Processing /gome2b/offline/2022/01/09...
19:30:43 [10]: Processing /gome2b/offline/2022/09/10...
19:30:46 [0]: Processed 71/365
19:30:46 [0]: Processed 72/365
19:30:47 [5]: Finished: /gome2b/offline/2022/06/21.
19:30:49 [9]: Finished: /gome2b/offline/2022/11/30.
19:30:49 [10]: Processing /gome2b/offline/2022/06/21...
19:30:49 [11]: Processing /gome2b/offline/2022/11/30...
19:30:52 [8]: Finished: /gome2b/offline/2022/10/21.
19:30:53 [0]: Processed 73/365
19:30:53 [11]: Processing /gome2b/offline/2022/10/21...
19:30:53 [0]: Processed 74/365
19:30:56 [0]: Processed 75/365
19:31:04 [4]: Finished: /gome2b/offline/2022/05/12.
19:31:05 [10]: Processing /gome2b/offline/2022/05/12...
19:31:06 [2]: Finished: /gome2b/offline/2022/02/19.
19:31:08 [6]: Finished: /gome2b/offline/2022/08/02.
19:31:08 [11]: Processing /gome2b/offline/2022/02/19...
19:31:09 [0]: Processed 76/365
19:31:09 [10]: Processing /gome2b/offline/2022/08/02...
19:31:12 [0]: Processed 77/365
19:31:12 [0]: Processed 78/365
19:31:18 [7]: Finished: /gome2b/offline/2022/09/11.
19:31:18 [10]: Processing /gome2b/offline/2022/09/11...
19:31:22 [0]: Processed 79/365
19:31:24 [3]: Finished: /gome2b/offline/2022/04/01.
19:31:24 [11]: Processing /gome2b/offline/2022/04/01...
19:31:26 [5]: Finished: /gome2b/offline/2022/06/22.
19:31:28 [11]: Processing /gome2b/offline/2022/06/22...
19:31:28 [0]: Processed 80/365
19:31:29 [9]: Finished: /gome2b/offline/2022/12/01.
19:31:31 [11]: Processing /gome2b/offline/2022/12/01...
19:31:31 [0]: Processed 81/365
19:31:35 [0]: Processed 82/365
19:31:42 [2]: Finished: /gome2b/offline/2022/02/20.
19:31:42 [1]: Finished: /gome2b/offline/2022/01/10.
19:31:43 [10]: Processing /gome2b/offline/2022/02/20...
19:31:44 [11]: Processing /gome2b/offline/2022/01/10...
19:31:45 [4]: Finished: /gome2b/offline/2022/05/13.
19:31:47 [10]: Processing /gome2b/offline/2022/05/13...
19:31:47 [0]: Processed 83/365
19:31:47 [0]: Processed 84/365
19:31:51 [0]: Processed 85/365
19:31:54 [8]: Finished: /gome2b/offline/2022/10/22.
19:31:56 [11]: Processing /gome2b/offline/2022/10/22...
19:32:00 [7]: Finished: /gome2b/offline/2022/09/12.
19:32:00 [10]: Processing /gome2b/offline/2022/09/12...
19:32:00 [0]: Processed 86/365
19:32:03 [0]: Processed 87/365
19:32:07 [5]: Finished: /gome2b/offline/2022/06/23.
19:32:07 [9]: Finished: /gome2b/offline/2022/12/02.
19:32:08 [3]: Finished: /gome2b/offline/2022/04/02.
19:32:09 [11]: Processing /gome2b/offline/2022/06/23...
19:32:09 [10]: Processing /gome2b/offline/2022/12/02...
19:32:13 [0]: Processed 88/365
19:32:13 [11]: Processing /gome2b/offline/2022/04/02...
19:32:13 [0]: Processed 89/365
19:32:16 [0]: Processed 90/365
19:32:23 [1]: Finished: /gome2b/offline/2022/01/11.
19:32:25 [10]: Processing /gome2b/offline/2022/01/11...
19:32:29 [0]: Processed 91/365
19:32:30 [4]: Finished: /gome2b/offline/2022/05/14.
19:32:31 [2]: Finished: /gome2b/offline/2022/02/21.
19:32:31 [11]: Processing /gome2b/offline/2022/05/14...
19:32:32 [10]: Processing /gome2b/offline/2022/02/21...
19:32:33 [8]: Finished: /gome2b/offline/2022/10/23.
19:32:35 [0]: Processed 92/365
19:32:35 [11]: Processing /gome2b/offline/2022/10/23...
19:32:35 [0]: Processed 93/365
19:32:38 [0]: Processed 94/365
19:32:49 [9]: Finished: /gome2b/offline/2022/12/03.
19:32:50 [6]: Finished: /gome2b/offline/2022/08/03.
19:32:50 [10]: Processing /gome2b/offline/2022/12/03...
19:32:50 [7]: Finished: /gome2b/offline/2022/09/13.
19:32:51 [11]: Processing /gome2b/offline/2022/08/03...
19:32:54 [10]: Processing /gome2b/offline/2022/09/13...
19:32:54 [0]: Processed 95/365
19:32:54 [4]: Finished: /gome2b/offline/2022/05/15.
19:32:54 [0]: Processed 96/365
19:32:54 [11]: Processing /gome2b/offline/2022/05/15...
19:32:57 [0]: Processed 97/365
19:32:58 [0]: Processed 98/365
19:32:58 [5]: Finished: /gome2b/offline/2022/06/24.
19:33:00 [10]: Processing /gome2b/offline/2022/06/24...
19:33:04 [0]: Processed 99/365
19:33:10 [1]: Finished: /gome2b/offline/2022/01/12.
19:33:10 [10]: Processing /gome2b/offline/2022/01/12...
19:33:13 [0]: Processed 100/365
19:33:16 [8]: Finished: /gome2b/offline/2022/10/24.
19:33:16 [10]: Processing /gome2b/offline/2022/10/24...
19:33:20 [0]: Processed 101/365
19:33:21 [3]: Finished: /gome2b/offline/2022/04/03.
19:33:22 [11]: Processing /gome2b/offline/2022/04/03...
19:33:24 [2]: Finished: /gome2b/offline/2022/02/22.
19:33:25 [0]: Processed 102/365
19:33:25 [11]: Processing /gome2b/offline/2022/02/22...
19:33:29 [0]: Processed 103/365
19:33:37 [5]: Finished: /gome2b/offline/2022/06/25.
19:33:38 [11]: Processing /gome2b/offline/2022/06/25...
19:33:42 [0]: Processed 104/365
19:33:46 [4]: Finished: /gome2b/offline/2022/05/16.
19:33:46 [7]: Finished: /gome2b/offline/2022/09/14.
19:33:47 [10]: Processing /gome2b/offline/2022/05/16...
19:33:48 [11]: Processing /gome2b/offline/2022/09/14...
19:33:48 [6]: Finished: /gome2b/offline/2022/08/04.
19:33:50 [9]: Finished: /gome2b/offline/2022/12/04.
19:33:51 [10]: Processing /gome2b/offline/2022/08/04...
19:33:51 [0]: Processed 105/365
19:33:51 [0]: Processed 106/365
19:33:51 [11]: Processing /gome2b/offline/2022/12/04...
19:33:53 [3]: Finished: /gome2b/offline/2022/04/04.
19:33:54 [0]: Processed 107/365
19:33:54 [11]: Processing /gome2b/offline/2022/04/04...
19:33:54 [0]: Processed 108/365
19:33:56 [8]: Finished: /gome2b/offline/2022/10/25.
19:33:57 [10]: Processing /gome2b/offline/2022/10/25...
19:33:58 [0]: Processed 109/365
19:34:01 [0]: Processed 110/365
19:34:12 [2]: Finished: /gome2b/offline/2022/02/23.
19:34:13 [11]: Processing /gome2b/offline/2022/02/23...
19:34:16 [1]: Finished: /gome2b/offline/2022/01/13.
19:34:16 [11]: Processing /gome2b/offline/2022/01/13...
19:34:16 [0]: Processed 111/365
19:34:20 [0]: Processed 112/365
19:34:22 [9]: Finished: /gome2b/offline/2022/12/05.
19:34:23 [5]: Finished: /gome2b/offline/2022/06/26.
19:34:23 [11]: Processing /gome2b/offline/2022/12/05...
19:34:25 [10]: Processing /gome2b/offline/2022/06/26...
19:34:27 [0]: Processed 113/365
19:34:29 [0]: Processed 114/365
19:34:32 [6]: Finished: /gome2b/offline/2022/08/05.
19:34:33 [11]: Processing /gome2b/offline/2022/08/05...
19:34:35 [7]: Finished: /gome2b/offline/2022/09/15.
19:34:36 [11]: Processing /gome2b/offline/2022/09/15...
19:34:36 [0]: Processed 115/365
19:34:40 [0]: Processed 116/365
19:34:45 [3]: Finished: /gome2b/offline/2022/04/05.
19:34:46 [11]: Processing /gome2b/offline/2022/04/05...
19:34:47 [1]: Finished: /gome2b/offline/2022/01/14.
19:34:48 [4]: Finished: /gome2b/offline/2022/05/17.
19:34:50 [11]: Processing /gome2b/offline/2022/01/14...
19:34:50 [0]: Processed 117/365
19:34:50 [10]: Processing /gome2b/offline/2022/05/17...
19:34:53 [0]: Processed 118/365
19:34:53 [9]: Finished: /gome2b/offline/2022/12/06.
19:34:54 [0]: Processed 119/365
19:34:54 [10]: Processing /gome2b/offline/2022/12/06...
19:34:55 [5]: Finished: /gome2b/offline/2022/06/27.
19:34:56 [11]: Processing /gome2b/offline/2022/06/27...
19:34:56 [0]: Processed 120/365
19:35:00 [0]: Processed 121/365
19:35:01 [2]: Finished: /gome2b/offline/2022/02/24.
19:35:02 [10]: Processing /gome2b/offline/2022/02/24...
19:35:06 [0]: Processed 122/365
19:35:07 [8]: Finished: /gome2b/offline/2022/10/26.
19:35:09 [11]: Processing /gome2b/offline/2022/10/26...
19:35:12 [0]: Processed 123/365
19:35:14 [1]: Finished: /gome2b/offline/2022/01/15.
19:35:15 [10]: Processing /gome2b/offline/2022/01/15...
19:35:19 [0]: Processed 124/365
19:35:20 [6]: Finished: /gome2b/offline/2022/08/06.
19:35:21 [11]: Processing /gome2b/offline/2022/08/06...
19:35:25 [0]: Processed 125/365
19:35:27 [9]: Finished: /gome2b/offline/2022/12/07.
19:35:28 [10]: Processing /gome2b/offline/2022/12/07...
19:35:31 [0]: Processed 126/365
19:35:50 [4]: Finished: /gome2b/offline/2022/05/18.
19:35:52 [11]: Processing /gome2b/offline/2022/05/18...
19:35:53 [6]: Finished: /gome2b/offline/2022/08/07.
19:35:55 [3]: Finished: /gome2b/offline/2022/04/06.
19:35:55 [10]: Processing /gome2b/offline/2022/08/07...
19:35:56 [11]: Processing /gome2b/offline/2022/04/06...
19:35:56 [0]: Processed 127/365
19:35:59 [0]: Processed 128/365
19:35:59 [0]: Processed 129/365
19:36:01 [5]: Finished: /gome2b/offline/2022/06/28.
19:36:02 [10]: Processing /gome2b/offline/2022/06/28...
19:36:02 [9]: Finished: /gome2b/offline/2022/12/08.
19:36:02 [11]: Processing /gome2b/offline/2022/12/08...
19:36:03 [7]: Finished: /gome2b/offline/2022/09/16.
19:36:05 [0]: Processed 130/365
19:36:05 [10]: Processing /gome2b/offline/2022/09/16...
19:36:05 [8]: Finished: /gome2b/offline/2022/10/27.
19:36:06 [0]: Processed 131/365
19:36:06 [11]: Processing /gome2b/offline/2022/10/27...
19:36:09 [0]: Processed 132/365
19:36:10 [0]: Processed 133/365
19:36:12 [1]: Finished: /gome2b/offline/2022/01/16.
19:36:12 [10]: Processing /gome2b/offline/2022/01/16...
19:36:14 [2]: Finished: /gome2b/offline/2022/02/25.
19:36:16 [11]: Processing /gome2b/offline/2022/02/25...
19:36:16 [0]: Processed 134/365
19:36:19 [0]: Processed 135/365
19:36:30 [3]: Finished: /gome2b/offline/2022/04/07.
19:36:31 [10]: Processing /gome2b/offline/2022/04/07...
19:36:35 [0]: Processed 136/365
19:36:36 [5]: Finished: /gome2b/offline/2022/06/29.
19:36:37 [11]: Processing /gome2b/offline/2022/06/29...
19:36:41 [4]: Finished: /gome2b/offline/2022/05/19.
19:36:41 [0]: Processed 137/365
19:36:41 [11]: Processing /gome2b/offline/2022/05/19...
19:36:44 [9]: Finished: /gome2b/offline/2022/12/09.
19:36:44 [6]: Finished: /gome2b/offline/2022/08/08.
19:36:44 [10]: Processing /gome2b/offline/2022/12/09...
19:36:45 [0]: Processed 138/365
19:36:45 [11]: Processing /gome2b/offline/2022/08/08...
19:36:46 [7]: Finished: /gome2b/offline/2022/09/17.
19:36:47 [10]: Processing /gome2b/offline/2022/09/17...
19:36:47 [0]: Processed 139/365
19:36:48 [0]: Processed 140/365
19:36:49 [2]: Finished: /gome2b/offline/2022/02/26.
19:36:51 [10]: Processing /gome2b/offline/2022/02/26...
19:36:51 [0]: Processed 141/365
19:36:54 [0]: Processed 142/365
19:36:59 [8]: Finished: /gome2b/offline/2022/10/28.
19:37:00 [10]: Processing /gome2b/offline/2022/10/28...
19:37:04 [0]: Processed 143/365
19:37:07 [1]: Finished: /gome2b/offline/2022/01/17.
19:37:10 [11]: Processing /gome2b/offline/2022/01/17...
19:37:13 [0]: Processed 144/365
19:37:18 [2]: Finished: /gome2b/offline/2022/02/27.
19:37:19 [10]: Processing /gome2b/offline/2022/02/27...
19:37:22 [0]: Processed 145/365
19:37:23 [3]: Finished: /gome2b/offline/2022/04/08.
19:37:25 [11]: Processing /gome2b/offline/2022/04/08...
19:37:29 [0]: Processed 146/365
19:37:29 [9]: Finished: /gome2b/offline/2022/12/10.
19:37:31 [5]: Finished: /gome2b/offline/2022/06/30.
19:37:31 [10]: Processing /gome2b/offline/2022/12/10...
19:37:32 [11]: Processing /gome2b/offline/2022/06/30...
19:37:34 [7]: Finished: /gome2b/offline/2022/09/18.
19:37:35 [0]: Processed 147/365
19:37:35 [10]: Processing /gome2b/offline/2022/09/18...
19:37:36 [0]: Processed 148/365
19:37:38 [0]: Processed 149/365
19:37:40 [4]: Finished: /gome2b/offline/2022/05/20.
19:37:41 [10]: Processing /gome2b/offline/2022/05/20...
19:37:45 [0]: Processed 150/365
19:37:45 [1]: Finished: /gome2b/offline/2022/01/18.
19:37:48 [11]: Processing /gome2b/offline/2022/01/18...
19:37:51 [6]: Finished: /gome2b/offline/2022/08/09.
19:37:51 [0]: Processed 151/365
19:37:51 [11]: Processing /gome2b/offline/2022/08/09...
19:37:55 [0]: Processed 152/365
19:38:02 [8]: Finished: /gome2b/offline/2022/10/29.
19:38:03 [10]: Processing /gome2b/offline/2022/10/29...
19:38:06 [0]: Processed 153/365
19:38:07 [9]: Finished: /gome2b/offline/2022/12/11.
19:38:07 [11]: Processing /gome2b/offline/2022/12/11...
19:38:11 [0]: Processed 154/365
19:38:12 [2]: Finished: /gome2b/offline/2022/02/28.
19:38:12 [10]: Processing /gome2b/offline/2022/02/28...
19:38:14 [1]: Finished: /gome2b/offline/2022/01/19.
19:38:16 [0]: Processed 155/365
19:38:16 [10]: Processing /gome2b/offline/2022/01/19...
19:38:17 [3]: Finished: /gome2b/offline/2022/04/09.
19:38:19 [10]: Processing /gome2b/offline/2022/04/09...
19:38:19 [0]: Processed 156/365
19:38:22 [6]: Finished: /gome2b/offline/2022/08/10.
19:38:23 [11]: Processing /gome2b/offline/2022/08/10...
19:38:23 [0]: Processed 157/365
19:38:26 [0]: Processed 158/365
19:38:26 [7]: Finished: /gome2b/offline/2022/09/19.
19:38:29 [5]: Finished: /gome2b/offline/2022/07/01.
19:38:29 [10]: Processing /gome2b/offline/2022/09/19...
19:38:29 [11]: Processing /gome2b/offline/2022/07/01...
19:38:33 [0]: Processed 159/365
19:38:33 [0]: Processed 160/365
19:38:39 [2]: Finished: /gome2b/offline/2022/03/01.
19:38:42 [10]: Processing /gome2b/offline/2022/03/01...
19:38:42 [4]: Finished: /gome2b/offline/2022/05/21.
19:38:45 [11]: Processing /gome2b/offline/2022/05/21...
19:38:45 [0]: Processed 161/365
19:38:48 [0]: Processed 162/365
19:38:59 [6]: Finished: /gome2b/offline/2022/08/11.
19:39:00 [10]: Processing /gome2b/offline/2022/08/11...
19:39:04 [0]: Processed 163/365
19:39:04 [1]: Finished: /gome2b/offline/2022/01/20.
19:39:05 [8]: Finished: /gome2b/offline/2022/10/30.
19:39:06 [11]: Processing /gome2b/offline/2022/01/20...
19:39:07 [10]: Processing /gome2b/offline/2022/10/30...
19:39:08 [5]: Finished: /gome2b/offline/2022/07/02.
19:39:09 [9]: Finished: /gome2b/offline/2022/12/12.
19:39:10 [11]: Processing /gome2b/offline/2022/07/02...
19:39:10 [0]: Processed 164/365
19:39:11 [0]: Processed 165/365
19:39:11 [10]: Processing /gome2b/offline/2022/12/12...
19:39:14 [0]: Processed 166/365
19:39:14 [0]: Processed 167/365
19:39:17 [3]: Finished: /gome2b/offline/2022/04/10.
19:39:17 [10]: Processing /gome2b/offline/2022/04/10...
19:39:17 [2]: Finished: /gome2b/offline/2022/03/02.
19:39:20 [11]: Processing /gome2b/offline/2022/03/02...
19:39:21 [0]: Processed 168/365
19:39:23 [0]: Processed 169/365
19:39:27 [7]: Finished: /gome2b/offline/2022/09/20.
19:39:27 [10]: Processing /gome2b/offline/2022/09/20...
19:39:30 [0]: Processed 170/365
19:39:31 [4]: Finished: /gome2b/offline/2022/05/22.
19:39:32 [11]: Processing /gome2b/offline/2022/05/22...
19:39:35 [8]: Finished: /gome2b/offline/2022/10/31.
19:39:36 [11]: Processing /gome2b/offline/2022/10/31...
19:39:36 [0]: Processed 171/365
19:39:39 [0]: Processed 172/365
19:39:42 [6]: Finished: /gome2b/offline/2022/08/12.
19:39:42 [11]: Processing /gome2b/offline/2022/08/12...
19:39:46 [0]: Processed 173/365
19:40:00 [2]: Finished: /gome2b/offline/2022/03/03.
19:40:01 [10]: Processing /gome2b/offline/2022/03/03...
19:40:02 [5]: Finished: /gome2b/offline/2022/07/03.
19:40:03 [9]: Finished: /gome2b/offline/2022/12/13.
19:40:04 [0]: Processed 174/365
19:40:04 [10]: Processing /gome2b/offline/2022/07/03...
19:40:04 [11]: Processing /gome2b/offline/2022/12/13...
19:40:05 [1]: Finished: /gome2b/offline/2022/01/21.
19:40:08 [0]: Processed 175/365
19:40:08 [10]: Processing /gome2b/offline/2022/01/21...
19:40:08 [0]: Processed 176/365
19:40:11 [0]: Processed 177/365
19:40:16 [4]: Finished: /gome2b/offline/2022/05/23.
19:40:17 [10]: Processing /gome2b/offline/2022/05/23...
19:40:20 [6]: Finished: /gome2b/offline/2022/08/13.
19:40:20 [11]: Processing /gome2b/offline/2022/08/13...
19:40:21 [0]: Processed 178/365
19:40:24 [0]: Processed 179/365
19:40:26 [3]: Finished: /gome2b/offline/2022/04/11.
19:40:27 [10]: Processing /gome2b/offline/2022/04/11...
19:40:28 [8]: Finished: /gome2b/offline/2022/11/01.
19:40:30 [11]: Processing /gome2b/offline/2022/11/01...
19:40:31 [0]: Processed 180/365
19:40:34 [0]: Processed 181/365
19:40:44 [9]: Finished: /gome2b/offline/2022/12/14.
19:40:44 [1]: Finished: /gome2b/offline/2022/01/22.
19:40:46 [11]: Processing /gome2b/offline/2022/12/14...
19:40:46 [10]: Processing /gome2b/offline/2022/01/22...
19:40:46 [7]: Finished: /gome2b/offline/2022/09/21.
19:40:47 [2]: Finished: /gome2b/offline/2022/03/04.
19:40:48 [4]: Finished: /gome2b/offline/2022/05/24.
19:40:49 [0]: Processed 182/365
19:40:49 [10]: Processing /gome2b/offline/2022/09/21...
19:40:49 [11]: Processing /gome2b/offline/2022/03/04...
19:40:49 [0]: Processed 183/365
19:40:53 [0]: Processed 184/365
19:40:53 [11]: Processing /gome2b/offline/2022/05/24...
19:40:53 [0]: Processed 185/365
19:40:56 [0]: Processed 186/365
19:40:59 [9]: Finished: /gome2b/offline/2022/12/15.
19:40:59 [10]: Processing /gome2b/offline/2022/12/15...
19:41:00 [0]: Processed 187/365
19:41:07 [6]: Finished: /gome2b/offline/2022/08/14.
19:41:07 [1]: Finished: /gome2b/offline/2022/01/23.
19:41:08 [11]: Processing /gome2b/offline/2022/08/14...
19:41:09 [10]: Processing /gome2b/offline/2022/01/23...
19:41:10 [8]: Finished: /gome2b/offline/2022/11/02.
19:41:10 [5]: Finished: /gome2b/offline/2022/07/04.
19:41:11 [3]: Finished: /gome2b/offline/2022/04/12.
19:41:12 [11]: Processing /gome2b/offline/2022/11/02...
19:41:12 [0]: Processed 188/365
19:41:13 [10]: Processing /gome2b/offline/2022/07/04...
19:41:13 [0]: Processed 189/365
19:41:16 [0]: Processed 190/365
19:41:16 [11]: Processing /gome2b/offline/2022/04/12...
19:41:17 [0]: Processed 191/365
19:41:19 [0]: Processed 192/365
19:41:35 [7]: Finished: /gome2b/offline/2022/09/22.
19:41:36 [2]: Finished: /gome2b/offline/2022/03/05.
19:41:37 [11]: Processing /gome2b/offline/2022/09/22...
19:41:38 [9]: Finished: /gome2b/offline/2022/12/16.
19:41:38 [10]: Processing /gome2b/offline/2022/03/05...
19:41:40 [5]: Finished: /gome2b/offline/2022/07/05.
19:41:41 [0]: Processed 193/365
19:41:41 [11]: Processing /gome2b/offline/2022/12/16...
19:41:41 [0]: Processed 194/365
19:41:41 [10]: Processing /gome2b/offline/2022/07/05...
19:41:43 [1]: Finished: /gome2b/offline/2022/01/24.
19:41:44 [11]: Processing /gome2b/offline/2022/01/24...
19:41:44 [0]: Processed 195/365
19:41:45 [0]: Processed 196/365
19:41:47 [0]: Processed 197/365
19:41:47 [4]: Finished: /gome2b/offline/2022/05/25.
19:41:48 [10]: Processing /gome2b/offline/2022/05/25...
19:41:51 [3]: Finished: /gome2b/offline/2022/04/13.
19:41:52 [10]: Processing /gome2b/offline/2022/04/13...
19:41:52 [0]: Processed 198/365
19:41:56 [0]: Processed 199/365
19:42:05 [8]: Finished: /gome2b/offline/2022/11/03.
19:42:05 [11]: Processing /gome2b/offline/2022/11/03...
19:42:09 [2]: Finished: /gome2b/offline/2022/03/06.
19:42:09 [0]: Processed 200/365
19:42:09 [11]: Processing /gome2b/offline/2022/03/06...
19:42:11 [6]: Finished: /gome2b/offline/2022/08/15.
19:42:12 [7]: Finished: /gome2b/offline/2022/09/23.
19:42:12 [0]: Processed 201/365
19:42:12 [11]: Processing /gome2b/offline/2022/08/15...
19:42:14 [10]: Processing /gome2b/offline/2022/09/23...
19:42:16 [0]: Processed 202/365
19:42:17 [9]: Finished: /gome2b/offline/2022/12/17.
19:42:17 [0]: Processed 203/365
19:42:17 [10]: Processing /gome2b/offline/2022/12/17...
19:42:21 [0]: Processed 204/365
19:42:25 [5]: Finished: /gome2b/offline/2022/07/06.
19:42:25 [11]: Processing /gome2b/offline/2022/07/06...
19:42:29 [0]: Processed 205/365
19:42:29 [1]: Finished: /gome2b/offline/2022/01/25.
19:42:30 [10]: Processing /gome2b/offline/2022/01/25...
19:42:34 [0]: Processed 206/365
19:42:38 [2]: Finished: /gome2b/offline/2022/03/07.
19:42:40 [10]: Processing /gome2b/offline/2022/03/07...
19:42:43 [0]: Processed 207/365
19:42:49 [7]: Finished: /gome2b/offline/2022/09/24.
19:42:49 [10]: Processing /gome2b/offline/2022/09/24...
19:42:53 [0]: Processed 208/365
19:42:59 [8]: Finished: /gome2b/offline/2022/11/04.
19:42:59 [11]: Processing /gome2b/offline/2022/11/04...
19:43:01 [4]: Finished: /gome2b/offline/2022/05/26.
19:43:02 [10]: Processing /gome2b/offline/2022/05/26...
19:43:03 [0]: Processed 209/365
19:43:05 [1]: Finished: /gome2b/offline/2022/01/26.
19:43:05 [10]: Processing /gome2b/offline/2022/01/26...
19:43:05 [0]: Processed 210/365
19:43:08 [5]: Finished: /gome2b/offline/2022/07/07.
19:43:08 [3]: Finished: /gome2b/offline/2022/04/14.
19:43:09 [11]: Processing /gome2b/offline/2022/07/07...
19:43:09 [10]: Processing /gome2b/offline/2022/04/14...
19:43:09 [0]: Processed 211/365
19:43:10 [6]: Finished: /gome2b/offline/2022/08/16.
19:43:12 [11]: Processing /gome2b/offline/2022/08/16...
19:43:12 [0]: Processed 212/365
19:43:13 [0]: Processed 213/365
19:43:16 [0]: Processed 214/365
19:43:19 [9]: Finished: /gome2b/offline/2022/12/18.
19:43:22 [10]: Processing /gome2b/offline/2022/12/18...
19:43:25 [0]: Processed 215/365
19:43:34 [3]: Finished: /gome2b/offline/2022/04/15.
19:43:37 [11]: Processing /gome2b/offline/2022/04/15...
19:43:40 [0]: Processed 216/365
19:43:46 [2]: Finished: /gome2b/offline/2022/03/08.
19:43:46 [10]: Processing /gome2b/offline/2022/03/08...
19:43:49 [1]: Finished: /gome2b/offline/2022/01/27.
19:43:49 [11]: Processing /gome2b/offline/2022/01/27...
19:43:50 [0]: Processed 217/365
19:43:51 [6]: Finished: /gome2b/offline/2022/08/17.
19:43:53 [10]: Processing /gome2b/offline/2022/08/17...
19:43:53 [0]: Processed 218/365
19:43:54 [7]: Finished: /gome2b/offline/2022/09/25.
19:43:56 [11]: Processing /gome2b/offline/2022/09/25...
19:43:56 [0]: Processed 219/365
19:43:57 [8]: Finished: /gome2b/offline/2022/11/05.
19:43:57 [9]: Finished: /gome2b/offline/2022/12/19.
19:43:59 [10]: Processing /gome2b/offline/2022/11/05...
19:44:00 [11]: Processing /gome2b/offline/2022/12/19...
19:44:00 [0]: Processed 220/365
19:44:03 [0]: Processed 221/365
19:44:03 [0]: Processed 222/365
19:44:12 [2]: Finished: /gome2b/offline/2022/03/09.
19:44:13 [4]: Finished: /gome2b/offline/2022/05/27.
19:44:15 [10]: Processing /gome2b/offline/2022/03/09...
19:44:15 [11]: Processing /gome2b/offline/2022/05/27...
19:44:18 [0]: Processed 223/365
19:44:19 [0]: Processed 224/365
19:44:20 [3]: Finished: /gome2b/offline/2022/04/16.
19:44:20 [6]: Finished: /gome2b/offline/2022/08/18.
19:44:21 [10]: Processing /gome2b/offline/2022/04/16...
19:44:22 [11]: Processing /gome2b/offline/2022/08/18...
19:44:25 [0]: Processed 225/365
19:44:25 [0]: Processed 226/365
19:44:33 [1]: Finished: /gome2b/offline/2022/01/28.
19:44:34 [10]: Processing /gome2b/offline/2022/01/28...
19:44:37 [0]: Processed 227/365
19:44:42 [5]: Finished: /gome2b/offline/2022/07/08.
19:44:43 [7]: Finished: /gome2b/offline/2022/09/26.
19:44:43 [11]: Processing /gome2b/offline/2022/07/08...
19:44:43 [10]: Processing /gome2b/offline/2022/09/26...
19:44:47 [0]: Processed 228/365
19:44:47 [0]: Processed 229/365
19:44:51 [8]: Finished: /gome2b/offline/2022/11/06.
19:44:53 [10]: Processing /gome2b/offline/2022/11/06...
19:44:57 [0]: Processed 230/365
19:44:58 [9]: Finished: /gome2b/offline/2022/12/20.
19:44:58 [3]: Finished: /gome2b/offline/2022/04/17.
19:44:59 [2]: Finished: /gome2b/offline/2022/03/10.
19:44:59 [11]: Processing /gome2b/offline/2022/12/20...
19:45:00 [10]: Processing /gome2b/offline/2022/04/17...
19:45:03 [0]: Processed 231/365
19:45:03 [11]: Processing /gome2b/offline/2022/03/10...
19:45:03 [0]: Processed 232/365
19:45:06 [1]: Finished: /gome2b/offline/2022/01/29.
19:45:06 [10]: Processing /gome2b/offline/2022/01/29...
19:45:07 [0]: Processed 233/365
19:45:10 [0]: Processed 234/365
19:45:14 [5]: Finished: /gome2b/offline/2022/07/09.
19:45:16 [6]: Finished: /gome2b/offline/2022/08/19.
19:45:16 [11]: Processing /gome2b/offline/2022/07/09...
19:45:16 [10]: Processing /gome2b/offline/2022/08/19...
19:45:18 [4]: Finished: /gome2b/offline/2022/05/28.
19:45:19 [11]: Processing /gome2b/offline/2022/05/28...
19:45:19 [0]: Processed 235/365
19:45:19 [0]: Processed 236/365
19:45:23 [0]: Processed 237/365
19:45:31 [8]: Finished: /gome2b/offline/2022/11/07.
19:45:31 [2]: Finished: /gome2b/offline/2022/03/11.
19:45:32 [10]: Processing /gome2b/offline/2022/11/07...
19:45:32 [11]: Processing /gome2b/offline/2022/03/11...
19:45:35 [0]: Processed 238/365
19:45:36 [0]: Processed 239/365
19:45:41 [1]: Finished: /gome2b/offline/2022/01/30.
19:45:42 [11]: Processing /gome2b/offline/2022/01/30...
19:45:43 [7]: Finished: /gome2b/offline/2022/09/27.
19:45:44 [10]: Processing /gome2b/offline/2022/09/27...
19:45:44 [9]: Finished: /gome2b/offline/2022/12/21.
19:45:45 [0]: Processed 240/365
19:45:45 [11]: Processing /gome2b/offline/2022/12/21...
19:45:46 [3]: Finished: /gome2b/offline/2022/04/18.
19:45:48 [0]: Processed 241/365
19:45:48 [10]: Processing /gome2b/offline/2022/04/18...
19:45:49 [0]: Processed 242/365
19:45:52 [0]: Processed 243/365
19:45:56 [6]: Finished: /gome2b/offline/2022/08/20.
19:45:56 [5]: Finished: /gome2b/offline/2022/07/10.
19:45:58 [10]: Processing /gome2b/offline/2022/08/20...
19:45:58 [11]: Processing /gome2b/offline/2022/07/10...
19:46:01 [0]: Processed 244/365
19:46:01 [0]: Processed 245/365
19:46:22 [6]: Finished: /gome2b/offline/2022/08/21.
19:46:22 [10]: Processing /gome2b/offline/2022/08/21...
19:46:25 [9]: Finished: /gome2b/offline/2022/12/22.
19:46:25 [11]: Processing /gome2b/offline/2022/12/22...
19:46:26 [0]: Processed 246/365
19:46:27 [7]: Finished: /gome2b/offline/2022/09/28.
19:46:28 [8]: Finished: /gome2b/offline/2022/11/08.
19:46:28 [4]: Finished: /gome2b/offline/2022/05/29.
19:46:29 [10]: Processing /gome2b/offline/2022/09/28...
19:46:29 [11]: Processing /gome2b/offline/2022/11/08...
19:46:29 [0]: Processed 247/365
19:46:32 [10]: Processing /gome2b/offline/2022/05/29...
19:46:32 [0]: Processed 248/365
19:46:33 [0]: Processed 249/365
19:46:36 [0]: Processed 250/365
19:46:51 [1]: Finished: /gome2b/offline/2022/01/31.
19:46:51 [11]: Processing /gome2b/offline/2022/01/31...
19:46:51 [3]: Finished: /gome2b/offline/2022/04/19.
19:46:53 [2]: Finished: /gome2b/offline/2022/03/12.
19:46:54 [10]: Processing /gome2b/offline/2022/04/19...
19:46:54 [11]: Processing /gome2b/offline/2022/03/12...
19:46:54 [0]: Processed 251/365
19:46:58 [0]: Processed 252/365
19:46:58 [0]: Processed 253/365
19:47:01 [5]: Finished: /gome2b/offline/2022/07/11.
19:47:04 [10]: Processing /gome2b/offline/2022/07/11...
19:47:08 [0]: Processed 254/365
19:47:09 [4]: Finished: /gome2b/offline/2022/05/30.
19:47:09 [9]: Finished: /gome2b/offline/2022/12/23.
19:47:10 [11]: Processing /gome2b/offline/2022/05/30...
19:47:11 [10]: Processing /gome2b/offline/2022/12/23...
19:47:11 [7]: Finished: /gome2b/offline/2022/09/29.
19:47:14 [11]: Processing /gome2b/offline/2022/09/29...
19:47:14 [0]: Processed 255/365
19:47:14 [0]: Processed 256/365
19:47:17 [0]: Processed 257/365
19:47:25 [3]: Finished: /gome2b/offline/2022/04/20.
19:47:26 [11]: Processing /gome2b/offline/2022/04/20...
19:47:30 [0]: Processed 258/365
19:47:30 [1]: Finished: /gome2b/offline/2022/02/01.
19:47:31 [8]: Finished: /gome2b/offline/2022/11/09.
19:47:31 [5]: Finished: /gome2b/offline/2022/07/12.
19:47:32 [10]: Processing /gome2b/offline/2022/02/01...
19:47:33 [11]: Processing /gome2b/offline/2022/11/09...
19:47:36 [0]: Processed 259/365
19:47:36 [10]: Processing /gome2b/offline/2022/07/12...
19:47:37 [0]: Processed 260/365
19:47:39 [9]: Finished: /gome2b/offline/2022/12/24.
19:47:39 [0]: Processed 261/365
19:47:39 [10]: Processing /gome2b/offline/2022/12/24...
19:47:42 [6]: Finished: /gome2b/offline/2022/08/22.
19:47:43 [11]: Processing /gome2b/offline/2022/08/22...
19:47:43 [0]: Processed 262/365
19:47:46 [0]: Processed 263/365
19:47:58 [2]: Finished: /gome2b/offline/2022/03/13.
19:47:58 [4]: Finished: /gome2b/offline/2022/05/31.
19:47:58 [10]: Processing /gome2b/offline/2022/03/13...
19:47:58 [11]: Processing /gome2b/offline/2022/05/31...
19:48:02 [0]: Processed 264/365
19:48:02 [0]: Processed 265/365
19:48:03 [7]: Finished: /gome2b/offline/2022/09/30.
19:48:05 [1]: Finished: /gome2b/offline/2022/02/02.
19:48:05 [10]: Processing /gome2b/offline/2022/09/30...
19:48:05 [11]: Processing /gome2b/offline/2022/02/02...
19:48:08 [0]: Processed 266/365
19:48:09 [0]: Processed 267/365
19:48:10 [5]: Finished: /gome2b/offline/2022/07/13.
19:48:11 [8]: Finished: /gome2b/offline/2022/11/10.
19:48:11 [10]: Processing /gome2b/offline/2022/07/13...
19:48:12 [11]: Processing /gome2b/offline/2022/11/10...
19:48:15 [0]: Processed 268/365
19:48:15 [0]: Processed 269/365
19:48:16 [3]: Finished: /gome2b/offline/2022/04/21.
19:48:18 [10]: Processing /gome2b/offline/2022/04/21...
19:48:22 [0]: Processed 270/365
19:48:27 [6]: Finished: /gome2b/offline/2022/08/23.
19:48:28 [10]: Processing /gome2b/offline/2022/08/23...
19:48:31 [0]: Processed 271/365
19:48:34 [2]: Finished: /gome2b/offline/2022/03/14.
19:48:34 [10]: Processing /gome2b/offline/2022/03/14...
19:48:38 [0]: Processed 272/365
19:48:44 [4]: Finished: /gome2b/offline/2022/06/01.
19:48:45 [11]: Processing /gome2b/offline/2022/06/01...
19:48:49 [8]: Finished: /gome2b/offline/2022/11/11.
19:48:49 [0]: Processed 273/365
19:48:49 [11]: Processing /gome2b/offline/2022/11/11...
19:48:52 [0]: Processed 274/365
19:48:58 [1]: Finished: /gome2b/offline/2022/02/03.
19:48:59 [11]: Processing /gome2b/offline/2022/02/03...
19:49:01 [6]: Finished: /gome2b/offline/2022/08/24.
19:49:02 [7]: Finished: /gome2b/offline/2022/10/01.
19:49:02 [10]: Processing /gome2b/offline/2022/08/24...
19:49:02 [9]: Finished: /gome2b/offline/2022/12/25.
19:49:02 [0]: Processed 275/365
19:49:02 [11]: Processing /gome2b/offline/2022/10/01...
19:49:05 [0]: Processed 276/365
19:49:05 [10]: Processing /gome2b/offline/2022/12/25...
19:49:06 [0]: Processed 277/365
19:49:09 [0]: Processed 278/365
19:49:11 [4]: Finished: /gome2b/offline/2022/06/02.
19:49:12 [11]: Processing /gome2b/offline/2022/06/02...
19:49:13 [3]: Finished: /gome2b/offline/2022/04/22.
19:49:15 [10]: Processing /gome2b/offline/2022/04/22...
19:49:15 [0]: Processed 279/365
19:49:19 [0]: Processed 280/365
19:49:24 [5]: Finished: /gome2b/offline/2022/07/14.
19:49:24 [11]: Processing /gome2b/offline/2022/07/14...
19:49:28 [0]: Processed 281/365
19:49:29 [2]: Finished: /gome2b/offline/2022/03/15.
19:49:31 [10]: Processing /gome2b/offline/2022/03/15...
19:49:34 [0]: Processed 282/365
19:49:42 [4]: Finished: /gome2b/offline/2022/06/03.
19:49:43 [10]: Processing /gome2b/offline/2022/06/03...
19:49:44 [3]: Finished: /gome2b/offline/2022/04/23.
19:49:46 [11]: Processing /gome2b/offline/2022/04/23...
19:49:46 [1]: Finished: /gome2b/offline/2022/02/04.
19:49:47 [0]: Processed 283/365
19:49:47 [10]: Processing /gome2b/offline/2022/02/04...
19:49:47 [8]: Finished: /gome2b/offline/2022/11/12.
19:49:50 [11]: Processing /gome2b/offline/2022/11/12...
19:49:50 [0]: Processed 284/365
19:49:50 [0]: Processed 285/365
19:49:53 [2]: Finished: /gome2b/offline/2022/03/16.
19:49:53 [0]: Processed 286/365
19:49:54 [7]: Finished: /gome2b/offline/2022/10/02.
19:49:56 [10]: Processing /gome2b/offline/2022/03/16...
19:49:56 [11]: Processing /gome2b/offline/2022/10/02...
19:50:00 [0]: Processed 287/365
19:50:00 [0]: Processed 288/365
19:50:00 [9]: Finished: /gome2b/offline/2022/12/26.
19:50:03 [10]: Processing /gome2b/offline/2022/12/26...
19:50:06 [6]: Finished: /gome2b/offline/2022/08/25.
19:50:06 [11]: Processing /gome2b/offline/2022/08/25...
19:50:07 [0]: Processed 289/365
19:50:10 [0]: Processed 290/365
19:50:20 [4]: Finished: /gome2b/offline/2022/06/04.
19:50:20 [5]: Finished: /gome2b/offline/2022/07/15.
19:50:22 [10]: Processing /gome2b/offline/2022/06/04...
19:50:22 [11]: Processing /gome2b/offline/2022/07/15...
19:50:24 [1]: Finished: /gome2b/offline/2022/02/05.
19:50:25 [10]: Processing /gome2b/offline/2022/02/05...
19:50:25 [0]: Processed 291/365
19:50:26 [0]: Processed 292/365
19:50:29 [0]: Processed 293/365
19:50:34 [2]: Finished: /gome2b/offline/2022/03/17.
19:50:35 [11]: Processing /gome2b/offline/2022/03/17...
19:50:38 [0]: Processed 294/365
19:50:45 [3]: Finished: /gome2b/offline/2022/04/24.
19:50:47 [10]: Processing /gome2b/offline/2022/04/24...
19:50:51 [0]: Processed 295/365
19:50:52 [7]: Finished: /gome2b/offline/2022/10/03.
19:50:53 [11]: Processing /gome2b/offline/2022/10/03...
19:50:55 [8]: Finished: /gome2b/offline/2022/11/13.
19:50:57 [10]: Processing /gome2b/offline/2022/11/13...
19:50:57 [0]: Processed 296/365
19:51:00 [2]: Finished: /gome2b/offline/2022/03/18.
19:51:01 [10]: Processing /gome2b/offline/2022/03/18...
19:51:01 [0]: Processed 297/365
19:51:02 [9]: Finished: /gome2b/offline/2022/12/27.
19:51:03 [11]: Processing /gome2b/offline/2022/12/27...
19:51:04 [0]: Processed 298/365
19:51:07 [6]: Finished: /gome2b/offline/2022/08/26.
19:51:07 [10]: Processing /gome2b/offline/2022/08/26...
19:51:07 [0]: Processed 299/365
19:51:10 [0]: Processed 300/365
19:51:12 [5]: Finished: /gome2b/offline/2022/07/16.
19:51:13 [3]: Finished: /gome2b/offline/2022/04/25.
19:51:13 [11]: Processing /gome2b/offline/2022/07/16...
19:51:13 [10]: Processing /gome2b/offline/2022/04/25...
19:51:16 [0]: Processed 301/365
19:51:17 [0]: Processed 302/365
19:51:18 [7]: Finished: /gome2b/offline/2022/10/04.
19:51:19 [11]: Processing /gome2b/offline/2022/10/04...
19:51:23 [0]: Processed 303/365
19:51:36 [1]: Finished: /gome2b/offline/2022/02/06.
19:51:38 [10]: Processing /gome2b/offline/2022/02/06...
19:51:40 [5]: Finished: /gome2b/offline/2022/07/17.
19:51:41 [4]: Finished: /gome2b/offline/2022/06/05.
19:51:41 [11]: Processing /gome2b/offline/2022/07/17...
19:51:42 [10]: Processing /gome2b/offline/2022/06/05...
19:51:42 [0]: Processed 304/365
19:51:45 [0]: Processed 305/365
19:51:45 [9]: Finished: /gome2b/offline/2022/12/28.
19:51:46 [10]: Processing /gome2b/offline/2022/12/28...
19:51:46 [0]: Processed 306/365
19:51:47 [6]: Finished: /gome2b/offline/2022/08/27.
19:51:48 [11]: Processing /gome2b/offline/2022/08/27...
19:51:49 [0]: Processed 307/365
19:51:51 [0]: Processed 308/365
19:51:54 [8]: Finished: /gome2b/offline/2022/11/14.
19:51:55 [10]: Processing /gome2b/offline/2022/11/14...
19:51:59 [0]: Processed 309/365
19:52:11 [3]: Finished: /gome2b/offline/2022/04/26.
19:52:12 [5]: Finished: /gome2b/offline/2022/07/18.
19:52:12 [11]: Processing /gome2b/offline/2022/04/26...
19:52:13 [2]: Finished: /gome2b/offline/2022/03/19.
19:52:14 [10]: Processing /gome2b/offline/2022/07/18...
19:52:16 [11]: Processing /gome2b/offline/2022/03/19...
19:52:16 [0]: Processed 310/365
19:52:18 [0]: Processed 311/365
19:52:19 [0]: Processed 312/365
19:52:25 [9]: Finished: /gome2b/offline/2022/12/29.
19:52:25 [11]: Processing /gome2b/offline/2022/12/29...
19:52:27 [7]: Finished: /gome2b/offline/2022/10/05.
19:52:29 [11]: Processing /gome2b/offline/2022/10/05...
19:52:29 [0]: Processed 313/365
19:52:30 [6]: Finished: /gome2b/offline/2022/08/28.
19:52:32 [0]: Processed 314/365
19:52:32 [11]: Processing /gome2b/offline/2022/08/28...
19:52:34 [4]: Finished: /gome2b/offline/2022/06/06.
19:52:36 [10]: Processing /gome2b/offline/2022/06/06...
19:52:36 [0]: Processed 315/365
19:52:40 [0]: Processed 316/365
19:52:43 [1]: Finished: /gome2b/offline/2022/02/07.
19:52:43 [8]: Finished: /gome2b/offline/2022/11/15.
19:52:45 [11]: Processing /gome2b/offline/2022/02/07...
19:52:46 [10]: Processing /gome2b/offline/2022/11/15...
19:52:49 [0]: Processed 317/365
19:52:49 [0]: Processed 318/365
19:52:57 [6]: Finished: /gome2b/offline/2022/08/29.
19:52:58 [11]: Processing /gome2b/offline/2022/08/29...
19:53:01 [0]: Processed 319/365
19:53:06 [3]: Finished: /gome2b/offline/2022/04/27.
19:53:07 [9]: Finished: /gome2b/offline/2022/12/30.
19:53:07 [10]: Processing /gome2b/offline/2022/04/27...
19:53:07 [11]: Processing /gome2b/offline/2022/12/30...
19:53:07 [2]: Finished: /gome2b/offline/2022/03/20.
19:53:09 [8]: Finished: /gome2b/offline/2022/11/16.
19:53:11 [0]: Processed 320/365
19:53:11 [10]: Processing /gome2b/offline/2022/03/20...
19:53:11 [11]: Processing /gome2b/offline/2022/11/16...
19:53:11 [0]: Processed 321/365
19:53:14 [0]: Processed 322/365
19:53:15 [0]: Processed 323/365
19:53:15 [5]: Finished: /gome2b/offline/2022/07/19.
19:53:17 [10]: Processing /gome2b/offline/2022/07/19...
19:53:21 [0]: Processed 324/365
19:53:26 [4]: Finished: /gome2b/offline/2022/06/07.
19:53:27 [11]: Processing /gome2b/offline/2022/06/07...
19:53:30 [0]: Processed 325/365
19:53:37 [1]: Finished: /gome2b/offline/2022/02/08.
19:53:39 [10]: Processing /gome2b/offline/2022/02/08...
19:53:43 [0]: Processed 326/365
19:53:43 [2]: Finished: /gome2b/offline/2022/03/21.
19:53:43 [6]: Finished: /gome2b/offline/2022/08/30.
19:53:43 [7]: Finished: /gome2b/offline/2022/10/06.
19:53:43 [5]: Finished: /gome2b/offline/2022/07/20.
19:53:45 [11]: Processing /gome2b/offline/2022/03/21...
19:53:46 [10]: Processing /gome2b/offline/2022/08/30...
19:53:49 [0]: Processed 327/365
19:53:49 [10]: Processing /gome2b/offline/2022/10/06...
19:53:49 [11]: Processing /gome2b/offline/2022/07/20...
19:53:49 [0]: Processed 328/365
19:53:53 [0]: Processed 329/365
19:53:53 [0]: Processed 330/365
19:53:53 [9]: Finished: /gome2b/offline/2022/12/31.
19:53:53 [9]: Closed FTP and signaled Rank 0.
19:53:53 [0]: A-worker retired (1/9)
19:53:56 [11]: Processing /gome2b/offline/2022/12/31...
19:53:59 [0]: Processed 331/365
19:54:08 [3]: Finished: /gome2b/offline/2022/04/28.
19:54:08 [8]: Finished: /gome2b/offline/2022/11/17.
19:54:08 [10]: Processing /gome2b/offline/2022/04/28...
19:54:08 [4]: Finished: /gome2b/offline/2022/06/08.
19:54:09 [11]: Processing /gome2b/offline/2022/11/17...
19:54:12 [10]: Processing /gome2b/offline/2022/06/08...
19:54:12 [0]: Processed 332/365
19:54:12 [0]: Processed 333/365
19:54:13 [1]: Finished: /gome2b/offline/2022/02/09.
19:54:14 [2]: Finished: /gome2b/offline/2022/03/22.
19:54:15 [11]: Processing /gome2b/offline/2022/02/09...
19:54:15 [0]: Processed 334/365
19:54:15 [10]: Processing /gome2b/offline/2022/03/22...
19:54:18 [0]: Processed 335/365
19:54:19 [0]: Processed 336/365
19:54:24 [7]: Finished: /gome2b/offline/2022/10/07.
19:54:25 [11]: Processing /gome2b/offline/2022/10/07...
19:54:28 [0]: Processed 337/365
19:54:34 [5]: Finished: /gome2b/offline/2022/07/21.
19:54:34 [11]: Processing /gome2b/offline/2022/07/21...
19:54:38 [8]: Finished: /gome2b/offline/2022/11/18.
19:54:38 [0]: Processed 338/365
19:54:38 [11]: Processing /gome2b/offline/2022/11/18...
19:54:42 [0]: Processed 339/365
19:54:43 [4]: Finished: /gome2b/offline/2022/06/09.
19:54:45 [10]: Processing /gome2b/offline/2022/06/09...
19:54:48 [0]: Processed 340/365
19:54:49 [3]: Finished: /gome2b/offline/2022/04/29.
19:54:51 [11]: Processing /gome2b/offline/2022/04/29...
19:54:55 [0]: Processed 341/365
19:54:56 [1]: Finished: /gome2b/offline/2022/02/10.
19:54:56 [1]: Closed FTP and signaled Rank 0.
19:54:56 [0]: A-worker retired (2/9)
19:54:57 [10]: Processing /gome2b/offline/2022/02/10...
19:54:58 [2]: Finished: /gome2b/offline/2022/03/23.
19:54:58 [2]: Closed FTP and signaled Rank 0.
19:54:58 [0]: A-worker retired (3/9)
19:55:00 [6]: Finished: /gome2b/offline/2022/08/31.
19:55:01 [11]: Processing /gome2b/offline/2022/03/23...
19:55:01 [10]: Processing /gome2b/offline/2022/08/31...
19:55:01 [0]: Processed 342/365
19:55:03 [0]: Processed 343/365
19:55:05 [5]: Finished: /gome2b/offline/2022/07/22.
19:55:05 [10]: Processing /gome2b/offline/2022/07/22...
19:55:05 [0]: Processed 344/365
19:55:08 [0]: Processed 345/365
19:55:24 [4]: Finished: /gome2b/offline/2022/06/10.
19:55:24 [11]: Processing /gome2b/offline/2022/06/10...
19:55:27 [8]: Finished: /gome2b/offline/2022/11/19.
19:55:28 [0]: Processed 346/365
19:55:28 [11]: Processing /gome2b/offline/2022/11/19...
19:55:31 [5]: Finished: /gome2b/offline/2022/07/23.
19:55:32 [0]: Processed 347/365
19:55:32 [11]: Processing /gome2b/offline/2022/07/23...
19:55:33 [3]: Finished: /gome2b/offline/2022/04/30.
19:55:35 [11]: Processing /gome2b/offline/2022/04/30...
19:55:35 [0]: Processed 348/365
19:55:39 [7]: Finished: /gome2b/offline/2022/10/08.
19:55:39 [11]: Processing /gome2b/offline/2022/10/08...
19:55:39 [0]: Processed 349/365
19:55:43 [0]: Processed 350/365
19:55:47 [6]: Finished: /gome2b/offline/2022/09/01.
19:55:47 [10]: Processing /gome2b/offline/2022/09/01...
19:55:51 [4]: Finished: /gome2b/offline/2022/06/11.
19:55:51 [10]: Processing /gome2b/offline/2022/06/11...
19:55:51 [0]: Processed 351/365
19:55:55 [0]: Processed 352/365
19:56:02 [5]: Finished: /gome2b/offline/2022/07/24.
19:56:03 [5]: Closed FTP and signaled Rank 0.
19:56:03 [0]: A-worker retired (4/9)
19:56:04 [11]: Processing /gome2b/offline/2022/07/24...
19:56:07 [8]: Finished: /gome2b/offline/2022/11/20.
19:56:07 [10]: Processing /gome2b/offline/2022/11/20...
19:56:07 [0]: Processed 353/365
19:56:09 [3]: Finished: /gome2b/offline/2022/05/01.
19:56:10 [11]: Processing /gome2b/offline/2022/05/01...
19:56:11 [0]: Processed 354/365
19:56:14 [0]: Processed 355/365
19:56:20 [6]: Finished: /gome2b/offline/2022/09/02.
19:56:20 [7]: Finished: /gome2b/offline/2022/10/09.
19:56:20 [6]: Closed FTP and signaled Rank 0.
19:56:20 [0]: A-worker retired (5/9)
19:56:23 [10]: Processing /gome2b/offline/2022/09/02...
19:56:23 [11]: Processing /gome2b/offline/2022/10/09...
19:56:27 [0]: Processed 356/365
19:56:27 [0]: Processed 357/365
19:56:34 [3]: Finished: /gome2b/offline/2022/05/02.
19:56:35 [4]: Finished: /gome2b/offline/2022/06/12.
19:56:36 [11]: Processing /gome2b/offline/2022/05/02...
19:56:36 [10]: Processing /gome2b/offline/2022/06/12...
19:56:39 [0]: Processed 358/365
19:56:39 [0]: Processed 359/365
19:56:41 [8]: Finished: /gome2b/offline/2022/11/21.
19:56:41 [8]: Closed FTP and signaled Rank 0.
19:56:41 [0]: A-worker retired (6/9)
19:56:42 [11]: Processing /gome2b/offline/2022/11/21...
19:56:46 [0]: Processed 360/365
19:56:57 [7]: Finished: /gome2b/offline/2022/10/10.
19:56:57 [10]: Processing /gome2b/offline/2022/10/10...
19:57:02 [0]: Processed 361/365
19:57:04 [3]: Finished: /gome2b/offline/2022/05/03.
19:57:04 [3]: Closed FTP and signaled Rank 0.
19:57:04 [0]: A-worker retired (7/9)
19:57:04 [11]: Processing /gome2b/offline/2022/05/03...
19:57:07 [0]: Processed 362/365
19:57:09 [4]: Finished: /gome2b/offline/2022/06/13.
19:57:09 [4]: Closed FTP and signaled Rank 0.
19:57:09 [0]: A-worker retired (8/9)
19:57:10 [11]: Processing /gome2b/offline/2022/06/13...
19:57:14 [0]: Processed 363/365
19:57:20 [7]: Finished: /gome2b/offline/2022/10/11.
19:57:23 [11]: Processing /gome2b/offline/2022/10/11...
19:57:27 [0]: Processed 364/365
19:57:37 [7]: Finished: /gome2b/offline/2022/10/12.
19:57:37 [7]: Closed FTP and signaled Rank 0.
19:57:37 [0]: A-worker retired (9/9)
19:57:38 [10]: Processing /gome2b/offline/2022/10/12...
19:57:39 [11]: Received STOP signal. Exiting.
19:57:41 [10]: Received STOP signal. Exiting.
19:57:41 [0]: Processed 365/365
19:57:41 [0]: All workers finished. Breaking loop.
19:57:41 [0]: All tasks processed. Sending shutdown signal.
19:57:41 [0]: Merging 365 files into master CSV...
