23:55:16 [0]: Prepared 365 total daily links.
23:55:16 [1]: A-Worker received 41 days to fetch.
23:55:16 [2]: A-Worker received 41 days to fetch.
23:55:16 [4]: A-Worker received 41 days to fetch.
23:55:16 [7]: A-Worker received 40 days to fetch.
23:55:16 [0]: Orchestrator active. Pool is live.
23:55:16 [3]: A-Worker received 41 days to fetch.
23:55:16 [6]: A-Worker received 40 days to fetch.
23:55:16 [5]: A-Worker received 41 days to fetch.
23:55:16 [8]: A-Worker received 40 days to fetch.
23:55:16 [9]: A-Worker received 40 days to fetch.
23:55:16 [10]: B-Worker ready for processing.
23:55:16 [10]: B-Worker active.
23:55:16 [11]: B-Worker ready for processing.
23:55:16 [11]: B-Worker active.
23:55:16 [2]: FTP Connected.
23:55:16 [1]: FTP Connected.
23:55:16 [3]: FTP Connected.
23:55:16 [5]: FTP Connected.
23:55:16 [7]: FTP Connected.
23:55:16 [9]: FTP Connected.
23:55:16 [8]: FTP Connected.
23:55:16 [4]: FTP Connected.
23:55:16 [6]: FTP Connected.
23:55:57 [5]: Finished: /gome2b/offline/2017/06/14.
23:55:58 [10]: Processing /gome2b/offline/2017/06/14...
23:56:00 [2]: Finished: /gome2b/offline/2017/02/11.
23:56:01 [11]: Processing /gome2b/offline/2017/02/11...
23:56:02 [0]: Processed 1/365
23:56:04 [0]: Processed 2/365
23:56:10 [6]: Finished: /gome2b/offline/2017/07/25.
23:56:10 [11]: Processing /gome2b/offline/2017/07/25...
23:56:11 [7]: Finished: /gome2b/offline/2017/09/03.
23:56:14 [10]: Processing /gome2b/offline/2017/09/03...
23:56:14 [0]: Processed 3/365
23:56:15 [9]: Finished: /gome2b/offline/2017/11/22.
23:56:17 [0]: Processed 4/365
23:56:17 [10]: Processing /gome2b/offline/2017/11/22...
23:56:19 [4]: Finished: /gome2b/offline/2017/05/04.
23:56:20 [3]: Finished: /gome2b/offline/2017/03/24.
23:56:20 [11]: Processing /gome2b/offline/2017/05/04...
23:56:21 [10]: Processing /gome2b/offline/2017/03/24...
23:56:21 [0]: Processed 5/365
23:56:24 [0]: Processed 6/365
23:56:25 [0]: Processed 7/365
23:56:25 [1]: Finished: /gome2b/offline/2017/01/01.
23:56:27 [11]: Processing /gome2b/offline/2017/01/01...
23:56:29 [8]: Finished: /gome2b/offline/2017/10/13.
23:56:31 [0]: Processed 8/365
23:56:31 [11]: Processing /gome2b/offline/2017/10/13...
23:56:34 [0]: Processed 9/365
23:56:39 [5]: Finished: /gome2b/offline/2017/06/15.
23:56:40 [10]: Processing /gome2b/offline/2017/06/15...
23:56:43 [2]: Finished: /gome2b/offline/2017/02/12.
23:56:43 [11]: Processing /gome2b/offline/2017/02/12...
23:56:44 [0]: Processed 10/365
23:56:47 [0]: Processed 11/365
23:57:00 [9]: Finished: /gome2b/offline/2017/11/23.
23:57:02 [10]: Processing /gome2b/offline/2017/11/23...
23:57:02 [7]: Finished: /gome2b/offline/2017/09/04.
23:57:05 [11]: Processing /gome2b/offline/2017/09/04...
23:57:06 [0]: Processed 12/365
23:57:09 [0]: Processed 13/365
23:57:15 [1]: Finished: /gome2b/offline/2017/01/02.
23:57:15 [10]: Processing /gome2b/offline/2017/01/02...
23:57:16 [4]: Finished: /gome2b/offline/2017/05/05.
23:57:18 [3]: Finished: /gome2b/offline/2017/03/25.
23:57:18 [11]: Processing /gome2b/offline/2017/05/05...
23:57:19 [0]: Processed 14/365
23:57:19 [10]: Processing /gome2b/offline/2017/03/25...
23:57:22 [0]: Processed 15/365
23:57:23 [0]: Processed 16/365
23:57:27 [6]: Finished: /gome2b/offline/2017/07/26.
23:57:28 [11]: Processing /gome2b/offline/2017/07/26...
23:57:31 [2]: Finished: /gome2b/offline/2017/02/13.
23:57:32 [0]: Processed 17/365
23:57:32 [11]: Processing /gome2b/offline/2017/02/13...
23:57:32 [7]: Finished: /gome2b/offline/2017/09/05.
23:57:35 [10]: Processing /gome2b/offline/2017/09/05...
23:57:35 [0]: Processed 18/365
23:57:39 [0]: Processed 19/365
23:57:43 [5]: Finished: /gome2b/offline/2017/06/16.
23:57:45 [11]: Processing /gome2b/offline/2017/06/16...
23:57:46 [8]: Finished: /gome2b/offline/2017/10/14.
23:57:48 [10]: Processing /gome2b/offline/2017/10/14...
23:57:48 [0]: Processed 20/365
23:57:52 [0]: Processed 21/365
23:58:04 [3]: Finished: /gome2b/offline/2017/03/26.
23:58:04 [10]: Processing /gome2b/offline/2017/03/26...
23:58:06 [1]: Finished: /gome2b/offline/2017/01/03.
23:58:06 [11]: Processing /gome2b/offline/2017/01/03...
23:58:07 [0]: Processed 22/365
23:58:10 [0]: Processed 23/365
23:58:10 [9]: Finished: /gome2b/offline/2017/11/24.
23:58:13 [11]: Processing /gome2b/offline/2017/11/24...
23:58:14 [4]: Finished: /gome2b/offline/2017/05/06.
23:58:16 [10]: Processing /gome2b/offline/2017/05/06...
23:58:17 [0]: Processed 24/365
23:58:19 [5]: Finished: /gome2b/offline/2017/06/17.
23:58:20 [11]: Processing /gome2b/offline/2017/06/17...
23:58:20 [0]: Processed 25/365
23:58:21 [7]: Finished: /gome2b/offline/2017/09/06.
23:58:23 [10]: Processing /gome2b/offline/2017/09/06...
23:58:23 [6]: Finished: /gome2b/offline/2017/07/27.
23:58:24 [0]: Processed 26/365
23:58:24 [11]: Processing /gome2b/offline/2017/07/27...
23:58:27 [0]: Processed 27/365
23:58:28 [0]: Processed 28/365
23:58:28 [2]: Finished: /gome2b/offline/2017/02/14.
23:58:30 [10]: Processing /gome2b/offline/2017/02/14...
23:58:34 [0]: Processed 29/365
23:58:49 [3]: Finished: /gome2b/offline/2017/03/27.
23:58:49 [11]: Processing /gome2b/offline/2017/03/27...
23:58:53 [0]: Processed 30/365
23:59:00 [7]: Finished: /gome2b/offline/2017/09/07.
23:59:01 [10]: Processing /gome2b/offline/2017/09/07...
23:59:02 [9]: Finished: /gome2b/offline/2017/11/25.
23:59:03 [8]: Finished: /gome2b/offline/2017/10/15.
23:59:04 [0]: Processed 31/365
23:59:04 [10]: Processing /gome2b/offline/2017/11/25...
23:59:05 [11]: Processing /gome2b/offline/2017/10/15...
23:59:07 [6]: Finished: /gome2b/offline/2017/07/28.
23:59:08 [10]: Processing /gome2b/offline/2017/07/28...
23:59:08 [0]: Processed 32/365
23:59:08 [0]: Processed 33/365
23:59:11 [2]: Finished: /gome2b/offline/2017/02/15.
23:59:12 [0]: Processed 34/365
23:59:12 [10]: Processing /gome2b/offline/2017/02/15...
23:59:16 [0]: Processed 35/365
23:59:18 [1]: Finished: /gome2b/offline/2017/01/04.
23:59:19 [10]: Processing /gome2b/offline/2017/01/04...
23:59:22 [4]: Finished: /gome2b/offline/2017/05/07.
23:59:22 [10]: Processing /gome2b/offline/2017/05/07...
23:59:22 [0]: Processed 36/365
23:59:26 [5]: Finished: /gome2b/offline/2017/06/18.
23:59:26 [10]: Processing /gome2b/offline/2017/06/18...
23:59:26 [0]: Processed 37/365
23:59:30 [0]: Processed 38/365
23:59:39 [3]: Finished: /gome2b/offline/2017/03/28.
23:59:39 [10]: Processing /gome2b/offline/2017/03/28...
23:59:43 [0]: Processed 39/365
23:59:44 [6]: Finished: /gome2b/offline/2017/07/29.
23:59:44 [11]: Processing /gome2b/offline/2017/07/29...
23:59:49 [0]: Processed 40/365
23:59:49 [2]: Finished: /gome2b/offline/2017/02/16.
23:59:49 [10]: Processing /gome2b/offline/2017/02/16...
23:59:50 [8]: Finished: /gome2b/offline/2017/10/16.
23:59:52 [11]: Processing /gome2b/offline/2017/10/16...
23:59:52 [0]: Processed 41/365
23:59:55 [0]: Processed 42/365
23:59:58 [7]: Finished: /gome2b/offline/2017/09/08.
00:00:01 [10]: Processing /gome2b/offline/2017/09/08...
00:00:05 [0]: Processed 43/365
00:00:08 [9]: Finished: /gome2b/offline/2017/11/26.
00:00:10 [11]: Processing /gome2b/offline/2017/11/26...
00:00:11 [3]: Finished: /gome2b/offline/2017/03/29.
00:00:11 [10]: Processing /gome2b/offline/2017/03/29...
00:00:14 [0]: Processed 44/365
00:00:15 [0]: Processed 45/365
00:00:15 [4]: Finished: /gome2b/offline/2017/05/08.
00:00:17 [11]: Processing /gome2b/offline/2017/05/08...
00:00:19 [1]: Finished: /gome2b/offline/2017/01/05.
00:00:21 [10]: Processing /gome2b/offline/2017/01/05...
00:00:21 [0]: Processed 46/365
00:00:22 [5]: Finished: /gome2b/offline/2017/06/19.
00:00:24 [11]: Processing /gome2b/offline/2017/06/19...
00:00:25 [0]: Processed 47/365
00:00:28 [0]: Processed 48/365
00:00:31 [6]: Finished: /gome2b/offline/2017/07/30.
00:00:34 [10]: Processing /gome2b/offline/2017/07/30...
00:00:37 [0]: Processed 49/365
00:00:41 [9]: Finished: /gome2b/offline/2017/11/27.
00:00:43 [11]: Processing /gome2b/offline/2017/11/27...
00:00:47 [7]: Finished: /gome2b/offline/2017/09/09.
00:00:47 [11]: Processing /gome2b/offline/2017/09/09...
00:00:47 [0]: Processed 50/365
00:00:48 [8]: Finished: /gome2b/offline/2017/10/17.
00:00:49 [10]: Processing /gome2b/offline/2017/10/17...
00:00:51 [0]: Processed 51/365
00:00:53 [0]: Processed 52/365
00:00:53 [2]: Finished: /gome2b/offline/2017/02/17.
00:00:54 [11]: Processing /gome2b/offline/2017/02/17...
00:00:58 [0]: Processed 53/365
00:00:59 [1]: Finished: /gome2b/offline/2017/01/06.
00:00:59 [10]: Processing /gome2b/offline/2017/01/06...
00:01:03 [0]: Processed 54/365
00:01:03 [4]: Finished: /gome2b/offline/2017/05/09.
00:01:04 [11]: Processing /gome2b/offline/2017/05/09...
00:01:07 [0]: Processed 55/365
00:01:17 [3]: Finished: /gome2b/offline/2017/03/30.
00:01:18 [10]: Processing /gome2b/offline/2017/03/30...
00:01:22 [0]: Processed 56/365
00:01:23 [6]: Finished: /gome2b/offline/2017/07/31.
00:01:23 [2]: Finished: /gome2b/offline/2017/02/18.
00:01:25 [10]: Processing /gome2b/offline/2017/07/31...
00:01:25 [11]: Processing /gome2b/offline/2017/02/18...
00:01:27 [9]: Finished: /gome2b/offline/2017/11/28.
00:01:29 [10]: Processing /gome2b/offline/2017/11/28...
00:01:29 [0]: Processed 57/365
00:01:29 [5]: Finished: /gome2b/offline/2017/06/20.
00:01:29 [11]: Processing /gome2b/offline/2017/06/20...
00:01:29 [0]: Processed 58/365
00:01:32 [0]: Processed 59/365
00:01:33 [0]: Processed 60/365
00:01:44 [1]: Finished: /gome2b/offline/2017/01/07.
00:01:45 [10]: Processing /gome2b/offline/2017/01/07...
00:01:47 [4]: Finished: /gome2b/offline/2017/05/10.
00:01:48 [11]: Processing /gome2b/offline/2017/05/10...
00:01:48 [0]: Processed 61/365
00:01:51 [8]: Finished: /gome2b/offline/2017/10/18.
00:01:51 [10]: Processing /gome2b/offline/2017/10/18...
00:01:52 [0]: Processed 62/365
00:01:55 [9]: Finished: /gome2b/offline/2017/11/29.
00:01:55 [11]: Processing /gome2b/offline/2017/11/29...
00:01:55 [0]: Processed 63/365
00:01:59 [0]: Processed 64/365
00:02:07 [7]: Finished: /gome2b/offline/2017/09/10.
00:02:07 [10]: Processing /gome2b/offline/2017/09/10...
00:02:11 [0]: Processed 65/365
00:02:12 [6]: Finished: /gome2b/offline/2017/08/01.
00:02:14 [11]: Processing /gome2b/offline/2017/08/01...
00:02:18 [0]: Processed 66/365
00:02:20 [2]: Finished: /gome2b/offline/2017/02/19.
00:02:20 [10]: Processing /gome2b/offline/2017/02/19...
00:02:20 [3]: Finished: /gome2b/offline/2017/03/31.
00:02:21 [11]: Processing /gome2b/offline/2017/03/31...
00:02:24 [0]: Processed 67/365
00:02:25 [0]: Processed 68/365
00:02:28 [5]: Finished: /gome2b/offline/2017/06/21.
00:02:30 [10]: Processing /gome2b/offline/2017/06/21...
00:02:31 [1]: Finished: /gome2b/offline/2017/01/08.
00:02:31 [11]: Processing /gome2b/offline/2017/01/08...
00:02:32 [8]: Finished: /gome2b/offline/2017/10/19.
00:02:34 [10]: Processing /gome2b/offline/2017/10/19...
00:02:34 [0]: Processed 69/365
00:02:34 [9]: Finished: /gome2b/offline/2017/11/30.
00:02:35 [0]: Processed 70/365
00:02:35 [11]: Processing /gome2b/offline/2017/11/30...
00:02:38 [0]: Processed 71/365
00:02:39 [0]: Processed 72/365
00:02:50 [4]: Finished: /gome2b/offline/2017/05/11.
00:02:50 [10]: Processing /gome2b/offline/2017/05/11...
00:02:54 [0]: Processed 73/365
00:03:02 [7]: Finished: /gome2b/offline/2017/09/11.
00:03:03 [11]: Processing /gome2b/offline/2017/09/11...
00:03:06 [0]: Processed 74/365
00:03:09 [2]: Finished: /gome2b/offline/2017/02/20.
00:03:09 [10]: Processing /gome2b/offline/2017/02/20...
00:03:09 [3]: Finished: /gome2b/offline/2017/04/01.
00:03:09 [11]: Processing /gome2b/offline/2017/04/01...
00:03:13 [0]: Processed 75/365
00:03:13 [0]: Processed 76/365
00:03:22 [8]: Finished: /gome2b/offline/2017/10/20.
00:03:22 [10]: Processing /gome2b/offline/2017/10/20...
00:03:26 [0]: Processed 77/365
00:03:26 [1]: Finished: /gome2b/offline/2017/01/09.
00:03:28 [9]: Finished: /gome2b/offline/2017/12/01.
00:03:28 [11]: Processing /gome2b/offline/2017/01/09...
00:03:29 [10]: Processing /gome2b/offline/2017/12/01...
00:03:32 [0]: Processed 78/365
00:03:33 [0]: Processed 79/365
00:03:34 [2]: Finished: /gome2b/offline/2017/02/21.
00:03:35 [6]: Finished: /gome2b/offline/2017/08/02.
00:03:35 [10]: Processing /gome2b/offline/2017/02/21...
00:03:36 [11]: Processing /gome2b/offline/2017/08/02...
00:03:39 [0]: Processed 80/365
00:03:40 [0]: Processed 81/365
00:03:48 [5]: Finished: /gome2b/offline/2017/06/22.
00:03:48 [10]: Processing /gome2b/offline/2017/06/22...
00:03:49 [3]: Finished: /gome2b/offline/2017/04/02.
00:03:51 [7]: Finished: /gome2b/offline/2017/09/12.
00:03:52 [0]: Processed 82/365
00:03:52 [10]: Processing /gome2b/offline/2017/04/02...
00:03:52 [11]: Processing /gome2b/offline/2017/09/12...
00:03:56 [4]: Finished: /gome2b/offline/2017/05/12.
00:03:56 [0]: Processed 83/365
00:03:56 [10]: Processing /gome2b/offline/2017/05/12...
00:03:56 [0]: Processed 84/365
00:04:00 [0]: Processed 85/365
00:04:06 [8]: Finished: /gome2b/offline/2017/10/21.
00:04:06 [10]: Processing /gome2b/offline/2017/10/21...
00:04:10 [0]: Processed 86/365
00:04:17 [9]: Finished: /gome2b/offline/2017/12/02.
00:04:17 [11]: Processing /gome2b/offline/2017/12/02...
00:04:21 [0]: Processed 87/365
00:04:21 [2]: Finished: /gome2b/offline/2017/02/22.
00:04:22 [10]: Processing /gome2b/offline/2017/02/22...
00:04:25 [0]: Processed 88/365
00:04:33 [5]: Finished: /gome2b/offline/2017/06/23.
00:04:33 [11]: Processing /gome2b/offline/2017/06/23...
00:04:33 [6]: Finished: /gome2b/offline/2017/08/03.
00:04:34 [10]: Processing /gome2b/offline/2017/08/03...
00:04:36 [4]: Finished: /gome2b/offline/2017/05/13.
00:04:37 [0]: Processed 89/365
00:04:37 [11]: Processing /gome2b/offline/2017/05/13...
00:04:38 [1]: Finished: /gome2b/offline/2017/01/10.
00:04:38 [0]: Processed 90/365
00:04:38 [10]: Processing /gome2b/offline/2017/01/10...
00:04:40 [0]: Processed 91/365
00:04:41 [7]: Finished: /gome2b/offline/2017/09/13.
00:04:43 [0]: Processed 92/365
00:04:43 [10]: Processing /gome2b/offline/2017/09/13...
00:04:44 [8]: Finished: /gome2b/offline/2017/10/22.
00:04:46 [0]: Processed 93/365
00:04:46 [10]: Processing /gome2b/offline/2017/10/22...
00:04:47 [3]: Finished: /gome2b/offline/2017/04/03.
00:04:50 [11]: Processing /gome2b/offline/2017/04/03...
00:04:50 [0]: Processed 94/365
00:04:53 [0]: Processed 95/365
00:05:03 [9]: Finished: /gome2b/offline/2017/12/03.
00:05:05 [10]: Processing /gome2b/offline/2017/12/03...
00:05:09 [0]: Processed 96/365
00:05:13 [5]: Finished: /gome2b/offline/2017/06/24.
00:05:13 [6]: Finished: /gome2b/offline/2017/08/04.
00:05:14 [11]: Processing /gome2b/offline/2017/06/24...
00:05:15 [10]: Processing /gome2b/offline/2017/08/04...
00:05:18 [4]: Finished: /gome2b/offline/2017/05/14.
00:05:18 [0]: Processed 97/365
00:05:18 [11]: Processing /gome2b/offline/2017/05/14...
00:05:18 [0]: Processed 98/365
00:05:21 [0]: Processed 99/365
00:05:29 [1]: Finished: /gome2b/offline/2017/01/11.
00:05:29 [2]: Finished: /gome2b/offline/2017/02/23.
00:05:30 [10]: Processing /gome2b/offline/2017/01/11...
00:05:31 [11]: Processing /gome2b/offline/2017/02/23...
00:05:32 [3]: Finished: /gome2b/offline/2017/04/04.
00:05:34 [10]: Processing /gome2b/offline/2017/04/04...
00:05:34 [0]: Processed 100/365
00:05:34 [0]: Processed 101/365
00:05:38 [7]: Finished: /gome2b/offline/2017/09/14.
00:05:38 [0]: Processed 102/365
00:05:40 [11]: Processing /gome2b/offline/2017/09/14...
00:05:41 [4]: Finished: /gome2b/offline/2017/05/15.
00:05:41 [10]: Processing /gome2b/offline/2017/05/15...
00:05:44 [0]: Processed 103/365
00:05:45 [0]: Processed 104/365
00:05:46 [9]: Finished: /gome2b/offline/2017/12/04.
00:05:47 [11]: Processing /gome2b/offline/2017/12/04...
00:05:51 [0]: Processed 105/365
00:05:58 [6]: Finished: /gome2b/offline/2017/08/05.
00:06:00 [8]: Finished: /gome2b/offline/2017/10/23.
00:06:00 [11]: Processing /gome2b/offline/2017/08/05...
00:06:00 [10]: Processing /gome2b/offline/2017/10/23...
00:06:04 [0]: Processed 106/365
00:06:04 [0]: Processed 107/365
00:06:12 [5]: Finished: /gome2b/offline/2017/06/25.
00:06:13 [2]: Finished: /gome2b/offline/2017/02/24.
00:06:13 [10]: Processing /gome2b/offline/2017/06/25...
00:06:13 [11]: Processing /gome2b/offline/2017/02/24...
00:06:17 [0]: Processed 108/365
00:06:17 [0]: Processed 109/365
00:06:24 [4]: Finished: /gome2b/offline/2017/05/16.
00:06:25 [7]: Finished: /gome2b/offline/2017/09/15.
00:06:26 [10]: Processing /gome2b/offline/2017/05/16...
00:06:26 [11]: Processing /gome2b/offline/2017/09/15...
00:06:30 [0]: Processed 110/365
00:06:30 [0]: Processed 111/365
00:06:37 [1]: Finished: /gome2b/offline/2017/01/12.
00:06:39 [3]: Finished: /gome2b/offline/2017/04/05.
00:06:39 [10]: Processing /gome2b/offline/2017/01/12...
00:06:39 [11]: Processing /gome2b/offline/2017/04/05...
00:06:43 [0]: Processed 112/365
00:06:43 [0]: Processed 113/365
00:06:48 [2]: Finished: /gome2b/offline/2017/02/25.
00:06:49 [10]: Processing /gome2b/offline/2017/02/25...
00:06:53 [0]: Processed 114/365
00:06:53 [9]: Finished: /gome2b/offline/2017/12/05.
00:06:55 [11]: Processing /gome2b/offline/2017/12/05...
00:06:59 [0]: Processed 115/365
00:07:00 [7]: Finished: /gome2b/offline/2017/09/16.
00:07:02 [10]: Processing /gome2b/offline/2017/09/16...
00:07:02 [5]: Finished: /gome2b/offline/2017/06/26.
00:07:03 [6]: Finished: /gome2b/offline/2017/08/06.
00:07:05 [1]: Finished: /gome2b/offline/2017/01/13.
00:07:05 [11]: Processing /gome2b/offline/2017/06/26...
00:07:05 [0]: Processed 116/365
00:07:05 [10]: Processing /gome2b/offline/2017/08/06...
00:07:09 [11]: Processing /gome2b/offline/2017/01/13...
00:07:09 [0]: Processed 117/365
00:07:09 [0]: Processed 118/365
00:07:13 [0]: Processed 119/365
00:07:20 [8]: Finished: /gome2b/offline/2017/10/24.
00:07:21 [10]: Processing /gome2b/offline/2017/10/24...
00:07:25 [0]: Processed 120/365
00:07:26 [4]: Finished: /gome2b/offline/2017/05/17.
00:07:28 [11]: Processing /gome2b/offline/2017/05/17...
00:07:32 [0]: Processed 121/365
00:07:32 [1]: Finished: /gome2b/offline/2017/01/14.
00:07:33 [3]: Finished: /gome2b/offline/2017/04/06.
00:07:34 [10]: Processing /gome2b/offline/2017/01/14...
00:07:35 [11]: Processing /gome2b/offline/2017/04/06...
00:07:38 [0]: Processed 122/365
00:07:39 [0]: Processed 123/365
00:07:42 [5]: Finished: /gome2b/offline/2017/06/27.
00:07:44 [7]: Finished: /gome2b/offline/2017/09/17.
00:07:44 [10]: Processing /gome2b/offline/2017/06/27...
00:07:45 [11]: Processing /gome2b/offline/2017/09/17...
00:07:48 [9]: Finished: /gome2b/offline/2017/12/06.
00:07:48 [0]: Processed 124/365
00:07:48 [0]: Processed 125/365
00:07:48 [11]: Processing /gome2b/offline/2017/12/06...
00:07:52 [0]: Processed 126/365
00:07:53 [2]: Finished: /gome2b/offline/2017/02/26.
00:07:54 [10]: Processing /gome2b/offline/2017/02/26...
00:07:58 [0]: Processed 127/365
00:07:58 [6]: Finished: /gome2b/offline/2017/08/07.
00:07:58 [11]: Processing /gome2b/offline/2017/08/07...
00:08:02 [0]: Processed 128/365
00:08:16 [1]: Finished: /gome2b/offline/2017/01/15.
00:08:16 [10]: Processing /gome2b/offline/2017/01/15...
00:08:20 [0]: Processed 129/365
00:08:22 [7]: Finished: /gome2b/offline/2017/09/18.
00:08:23 [10]: Processing /gome2b/offline/2017/09/18...
00:08:26 [8]: Finished: /gome2b/offline/2017/10/25.
00:08:26 [10]: Processing /gome2b/offline/2017/10/25...
00:08:26 [0]: Processed 130/365
00:08:27 [3]: Finished: /gome2b/offline/2017/04/07.
00:08:29 [4]: Finished: /gome2b/offline/2017/05/18.
00:08:29 [11]: Processing /gome2b/offline/2017/04/07...
00:08:30 [10]: Processing /gome2b/offline/2017/05/18...
00:08:30 [0]: Processed 131/365
00:08:33 [0]: Processed 132/365
00:08:34 [0]: Processed 133/365
00:08:40 [2]: Finished: /gome2b/offline/2017/02/27.
00:08:40 [5]: Finished: /gome2b/offline/2017/06/28.
00:08:42 [11]: Processing /gome2b/offline/2017/02/27...
00:08:43 [10]: Processing /gome2b/offline/2017/06/28...
00:08:44 [6]: Finished: /gome2b/offline/2017/08/08.
00:08:45 [9]: Finished: /gome2b/offline/2017/12/07.
00:08:46 [0]: Processed 134/365
00:08:46 [11]: Processing /gome2b/offline/2017/08/08...
00:08:47 [10]: Processing /gome2b/offline/2017/12/07...
00:08:47 [0]: Processed 135/365
00:08:50 [0]: Processed 136/365
00:08:51 [0]: Processed 137/365
00:09:01 [8]: Finished: /gome2b/offline/2017/10/26.
00:09:02 [11]: Processing /gome2b/offline/2017/10/26...
00:09:06 [0]: Processed 138/365
00:09:07 [7]: Finished: /gome2b/offline/2017/09/19.
00:09:09 [11]: Processing /gome2b/offline/2017/09/19...
00:09:12 [1]: Finished: /gome2b/offline/2017/01/16.
00:09:12 [0]: Processed 139/365
00:09:12 [11]: Processing /gome2b/offline/2017/01/16...
00:09:16 [0]: Processed 140/365
00:09:19 [3]: Finished: /gome2b/offline/2017/04/08.
00:09:19 [11]: Processing /gome2b/offline/2017/04/08...
00:09:23 [5]: Finished: /gome2b/offline/2017/06/29.
00:09:23 [0]: Processed 141/365
00:09:23 [11]: Processing /gome2b/offline/2017/06/29...
00:09:25 [9]: Finished: /gome2b/offline/2017/12/08.
00:09:27 [10]: Processing /gome2b/offline/2017/12/08...
00:09:27 [0]: Processed 142/365
00:09:30 [0]: Processed 143/365
00:09:32 [6]: Finished: /gome2b/offline/2017/08/09.
00:09:33 [11]: Processing /gome2b/offline/2017/08/09...
00:09:37 [0]: Processed 144/365
00:09:38 [4]: Finished: /gome2b/offline/2017/05/19.
00:09:38 [2]: Finished: /gome2b/offline/2017/02/28.
00:09:39 [10]: Processing /gome2b/offline/2017/05/19...
00:09:40 [11]: Processing /gome2b/offline/2017/02/28...
00:09:43 [0]: Processed 145/365
00:09:43 [0]: Processed 146/365
00:09:57 [5]: Finished: /gome2b/offline/2017/06/30.
00:09:58 [10]: Processing /gome2b/offline/2017/06/30...
00:09:59 [8]: Finished: /gome2b/offline/2017/10/27.
00:10:02 [11]: Processing /gome2b/offline/2017/10/27...
00:10:02 [0]: Processed 147/365
00:10:05 [0]: Processed 148/365
00:10:14 [1]: Finished: /gome2b/offline/2017/01/17.
00:10:14 [10]: Processing /gome2b/offline/2017/01/17...
00:10:18 [0]: Processed 149/365
00:10:19 [4]: Finished: /gome2b/offline/2017/05/20.
00:10:20 [11]: Processing /gome2b/offline/2017/05/20...
00:10:24 [0]: Processed 150/365
00:10:26 [7]: Finished: /gome2b/offline/2017/09/20.
00:10:27 [10]: Processing /gome2b/offline/2017/09/20...
00:10:28 [9]: Finished: /gome2b/offline/2017/12/09.
00:10:30 [11]: Processing /gome2b/offline/2017/12/09...
00:10:31 [0]: Processed 151/365
00:10:33 [6]: Finished: /gome2b/offline/2017/08/10.
00:10:34 [0]: Processed 152/365
00:10:34 [11]: Processing /gome2b/offline/2017/08/10...
00:10:37 [3]: Finished: /gome2b/offline/2017/04/09.
00:10:38 [0]: Processed 153/365
00:10:38 [11]: Processing /gome2b/offline/2017/04/09...
00:10:42 [0]: Processed 154/365
00:10:47 [2]: Finished: /gome2b/offline/2017/03/01.
00:10:48 [11]: Processing /gome2b/offline/2017/03/01...
00:10:50 [5]: Finished: /gome2b/offline/2017/07/01.
00:10:50 [1]: Finished: /gome2b/offline/2017/01/18.
00:10:52 [0]: Processed 155/365
00:10:52 [11]: Processing /gome2b/offline/2017/07/01...
00:10:52 [10]: Processing /gome2b/offline/2017/01/18...
00:10:52 [8]: Finished: /gome2b/offline/2017/10/28.
00:10:55 [10]: Processing /gome2b/offline/2017/10/28...
00:10:55 [0]: Processed 156/365
00:10:56 [0]: Processed 157/365
00:10:59 [0]: Processed 158/365
00:11:10 [4]: Finished: /gome2b/offline/2017/05/21.
00:11:11 [11]: Processing /gome2b/offline/2017/05/21...
00:11:14 [0]: Processed 159/365
00:11:15 [7]: Finished: /gome2b/offline/2017/09/21.
00:11:17 [10]: Processing /gome2b/offline/2017/09/21...
00:11:20 [9]: Finished: /gome2b/offline/2017/12/10.
00:11:21 [11]: Processing /gome2b/offline/2017/12/10...
00:11:21 [0]: Processed 160/365
00:11:24 [0]: Processed 161/365
00:11:34 [2]: Finished: /gome2b/offline/2017/03/02.
00:11:36 [10]: Processing /gome2b/offline/2017/03/02...
00:11:40 [0]: Processed 162/365
00:11:47 [3]: Finished: /gome2b/offline/2017/04/10.
00:11:48 [11]: Processing /gome2b/offline/2017/04/10...
00:11:52 [0]: Processed 163/365
00:11:53 [6]: Finished: /gome2b/offline/2017/08/11.
00:11:53 [1]: Finished: /gome2b/offline/2017/01/19.
00:11:55 [10]: Processing /gome2b/offline/2017/08/11...
00:11:55 [11]: Processing /gome2b/offline/2017/01/19...
00:11:59 [0]: Processed 164/365
00:11:59 [0]: Processed 165/365
00:12:01 [4]: Finished: /gome2b/offline/2017/05/22.
00:12:02 [10]: Processing /gome2b/offline/2017/05/22...
00:12:05 [0]: Processed 166/365
00:12:07 [7]: Finished: /gome2b/offline/2017/09/22.
00:12:08 [11]: Processing /gome2b/offline/2017/09/22...
00:12:12 [0]: Processed 167/365
00:12:14 [9]: Finished: /gome2b/offline/2017/12/11.
00:12:14 [5]: Finished: /gome2b/offline/2017/07/02.
00:12:15 [10]: Processing /gome2b/offline/2017/12/11...
00:12:15 [11]: Processing /gome2b/offline/2017/07/02...
00:12:18 [0]: Processed 168/365
00:12:19 [0]: Processed 169/365
00:12:23 [8]: Finished: /gome2b/offline/2017/10/29.
00:12:24 [10]: Processing /gome2b/offline/2017/10/29...
00:12:28 [2]: Finished: /gome2b/offline/2017/03/03.
00:12:28 [0]: Processed 170/365
00:12:28 [10]: Processing /gome2b/offline/2017/03/03...
00:12:32 [0]: Processed 171/365
00:12:37 [1]: Finished: /gome2b/offline/2017/01/20.
00:12:38 [10]: Processing /gome2b/offline/2017/01/20...
00:12:42 [0]: Processed 172/365
00:12:45 [6]: Finished: /gome2b/offline/2017/08/12.
00:12:46 [11]: Processing /gome2b/offline/2017/08/12...
00:12:50 [0]: Processed 173/365
00:12:50 [1]: Finished: /gome2b/offline/2017/01/21.
00:12:51 [10]: Processing /gome2b/offline/2017/01/21...
00:12:51 [0]: Processed 174/365
00:12:56 [4]: Finished: /gome2b/offline/2017/05/23.
00:12:57 [10]: Processing /gome2b/offline/2017/05/23...
00:13:01 [0]: Processed 175/365
00:13:01 [3]: Finished: /gome2b/offline/2017/04/11.
00:13:02 [5]: Finished: /gome2b/offline/2017/07/03.
00:13:02 [11]: Processing /gome2b/offline/2017/04/11...
00:13:04 [10]: Processing /gome2b/offline/2017/07/03...
00:13:06 [0]: Processed 176/365
00:13:08 [0]: Processed 177/365
00:13:08 [1]: Finished: /gome2b/offline/2017/01/22.
00:13:09 [11]: Processing /gome2b/offline/2017/01/22...
00:13:11 [0]: Processed 178/365
00:13:14 [2]: Finished: /gome2b/offline/2017/03/04.
00:13:14 [11]: Processing /gome2b/offline/2017/03/04...
00:13:18 [0]: Processed 179/365
00:13:22 [6]: Finished: /gome2b/offline/2017/08/13.
00:13:23 [10]: Processing /gome2b/offline/2017/08/13...
00:13:23 [7]: Finished: /gome2b/offline/2017/09/23.
00:13:24 [11]: Processing /gome2b/offline/2017/09/23...
00:13:27 [0]: Processed 180/365
00:13:28 [0]: Processed 181/365
00:13:33 [4]: Finished: /gome2b/offline/2017/05/24.
00:13:34 [11]: Processing /gome2b/offline/2017/05/24...
00:13:37 [0]: Processed 182/365
00:13:46 [9]: Finished: /gome2b/offline/2017/12/12.
00:13:46 [11]: Processing /gome2b/offline/2017/12/12...
00:13:48 [8]: Finished: /gome2b/offline/2017/10/30.
00:13:50 [0]: Processed 183/365
00:13:50 [11]: Processing /gome2b/offline/2017/10/30...
00:13:54 [0]: Processed 184/365
00:13:56 [1]: Finished: /gome2b/offline/2017/01/23.
00:13:57 [10]: Processing /gome2b/offline/2017/01/23...
00:14:00 [0]: Processed 185/365
00:14:05 [6]: Finished: /gome2b/offline/2017/08/14.
00:14:06 [11]: Processing /gome2b/offline/2017/08/14...
00:14:07 [3]: Finished: /gome2b/offline/2017/04/12.
00:14:09 [10]: Processing /gome2b/offline/2017/04/12...
00:14:10 [0]: Processed 186/365
00:14:13 [0]: Processed 187/365
00:14:15 [2]: Finished: /gome2b/offline/2017/03/05.
00:14:16 [11]: Processing /gome2b/offline/2017/03/05...
00:14:18 [5]: Finished: /gome2b/offline/2017/07/04.
00:14:19 [10]: Processing /gome2b/offline/2017/07/04...
00:14:19 [7]: Finished: /gome2b/offline/2017/09/24.
00:14:20 [0]: Processed 188/365
00:14:20 [11]: Processing /gome2b/offline/2017/09/24...
00:14:23 [0]: Processed 189/365
00:14:24 [0]: Processed 190/365
00:14:38 [1]: Finished: /gome2b/offline/2017/01/24.
00:14:39 [11]: Processing /gome2b/offline/2017/01/24...
00:14:40 [8]: Finished: /gome2b/offline/2017/10/31.
00:14:41 [10]: Processing /gome2b/offline/2017/10/31...
00:14:42 [0]: Processed 191/365
00:14:45 [0]: Processed 192/365
00:14:46 [4]: Finished: /gome2b/offline/2017/05/25.
00:14:48 [10]: Processing /gome2b/offline/2017/05/25...
00:14:52 [0]: Processed 193/365
00:14:57 [2]: Finished: /gome2b/offline/2017/03/06.
00:14:57 [11]: Processing /gome2b/offline/2017/03/06...
00:15:01 [9]: Finished: /gome2b/offline/2017/12/13.
00:15:01 [10]: Processing /gome2b/offline/2017/12/13...
00:15:01 [0]: Processed 194/365
00:15:04 [0]: Processed 195/365
00:15:14 [7]: Finished: /gome2b/offline/2017/09/25.
00:15:16 [6]: Finished: /gome2b/offline/2017/08/15.
00:15:16 [10]: Processing /gome2b/offline/2017/09/25...
00:15:16 [5]: Finished: /gome2b/offline/2017/07/05.
00:15:16 [11]: Processing /gome2b/offline/2017/08/15...
00:15:20 [11]: Processing /gome2b/offline/2017/07/05...
00:15:20 [0]: Processed 196/365
00:15:20 [0]: Processed 197/365
00:15:24 [0]: Processed 198/365
00:15:24 [3]: Finished: /gome2b/offline/2017/04/13.
00:15:26 [10]: Processing /gome2b/offline/2017/04/13...
00:15:30 [0]: Processed 199/365
00:15:40 [8]: Finished: /gome2b/offline/2017/11/01.
00:15:42 [11]: Processing /gome2b/offline/2017/11/01...
00:15:43 [2]: Finished: /gome2b/offline/2017/03/07.
00:15:45 [10]: Processing /gome2b/offline/2017/03/07...
00:15:46 [0]: Processed 200/365
00:15:49 [0]: Processed 201/365
00:15:50 [4]: Finished: /gome2b/offline/2017/05/26.
00:15:52 [11]: Processing /gome2b/offline/2017/05/26...
00:15:54 [7]: Finished: /gome2b/offline/2017/09/26.
00:15:55 [10]: Processing /gome2b/offline/2017/09/26...
00:15:56 [0]: Processed 202/365
00:15:58 [9]: Finished: /gome2b/offline/2017/12/14.
00:15:59 [11]: Processing /gome2b/offline/2017/12/14...
00:15:59 [0]: Processed 203/365
00:16:02 [0]: Processed 204/365
00:16:14 [5]: Finished: /gome2b/offline/2017/07/06.
00:16:14 [10]: Processing /gome2b/offline/2017/07/06...
00:16:18 [0]: Processed 205/365
00:16:25 [3]: Finished: /gome2b/offline/2017/04/14.
00:16:26 [8]: Finished: /gome2b/offline/2017/11/02.
00:16:26 [6]: Finished: /gome2b/offline/2017/08/16.
00:16:27 [11]: Processing /gome2b/offline/2017/04/14...
00:16:27 [10]: Processing /gome2b/offline/2017/11/02...
00:16:30 [11]: Processing /gome2b/offline/2017/08/16...
00:16:30 [0]: Processed 206/365
00:16:30 [0]: Processed 207/365
00:16:34 [0]: Processed 208/365
00:16:37 [2]: Finished: /gome2b/offline/2017/03/08.
00:16:39 [10]: Processing /gome2b/offline/2017/03/08...
00:16:43 [0]: Processed 209/365
00:16:50 [7]: Finished: /gome2b/offline/2017/09/27.
00:16:52 [10]: Processing /gome2b/offline/2017/09/27...
00:16:56 [0]: Processed 210/365
00:16:56 [1]: Finished: /gome2b/offline/2017/01/25.
00:16:58 [11]: Processing /gome2b/offline/2017/01/25...
00:17:01 [9]: Finished: /gome2b/offline/2017/12/15.
00:17:01 [5]: Finished: /gome2b/offline/2017/07/07.
00:17:02 [10]: Processing /gome2b/offline/2017/12/15...
00:17:03 [0]: Processed 211/365
00:17:03 [11]: Processing /gome2b/offline/2017/07/07...
00:17:05 [0]: Processed 212/365
00:17:06 [3]: Finished: /gome2b/offline/2017/04/15.
00:17:07 [0]: Processed 213/365
00:17:07 [11]: Processing /gome2b/offline/2017/04/15...
00:17:10 [0]: Processed 214/365
00:17:14 [4]: Finished: /gome2b/offline/2017/05/27.
00:17:14 [10]: Processing /gome2b/offline/2017/05/27...
00:17:18 [0]: Processed 215/365
00:17:31 [8]: Finished: /gome2b/offline/2017/11/03.
00:17:33 [10]: Processing /gome2b/offline/2017/11/03...
00:17:37 [0]: Processed 216/365
00:17:37 [2]: Finished: /gome2b/offline/2017/03/09.
00:17:40 [10]: Processing /gome2b/offline/2017/03/09...
00:17:44 [0]: Processed 217/365
00:17:50 [7]: Finished: /gome2b/offline/2017/09/28.
00:17:50 [10]: Processing /gome2b/offline/2017/09/28...
00:17:52 [6]: Finished: /gome2b/offline/2017/08/17.
00:17:53 [11]: Processing /gome2b/offline/2017/08/17...
00:17:53 [9]: Finished: /gome2b/offline/2017/12/16.
00:17:54 [0]: Processed 218/365
00:17:54 [10]: Processing /gome2b/offline/2017/12/16...
00:17:57 [0]: Processed 219/365
00:17:58 [0]: Processed 220/365
00:18:00 [4]: Finished: /gome2b/offline/2017/05/28.
00:18:01 [10]: Processing /gome2b/offline/2017/05/28...
00:18:01 [5]: Finished: /gome2b/offline/2017/07/08.
00:18:03 [11]: Processing /gome2b/offline/2017/07/08...
00:18:05 [0]: Processed 221/365
00:18:06 [0]: Processed 222/365
00:18:08 [3]: Finished: /gome2b/offline/2017/04/16.
00:18:09 [11]: Processing /gome2b/offline/2017/04/16...
00:18:13 [0]: Processed 223/365
00:18:14 [8]: Finished: /gome2b/offline/2017/11/04.
00:18:16 [11]: Processing /gome2b/offline/2017/11/04...
00:18:20 [0]: Processed 224/365
00:18:20 [1]: Finished: /gome2b/offline/2017/01/26.
00:18:23 [10]: Processing /gome2b/offline/2017/01/26...
00:18:27 [0]: Processed 225/365
00:18:32 [2]: Finished: /gome2b/offline/2017/03/10.
00:18:33 [10]: Processing /gome2b/offline/2017/03/10...
00:18:34 [7]: Finished: /gome2b/offline/2017/09/29.
00:18:35 [11]: Processing /gome2b/offline/2017/09/29...
00:18:36 [0]: Processed 226/365
00:18:39 [0]: Processed 227/365
00:18:43 [6]: Finished: /gome2b/offline/2017/08/18.
00:18:45 [11]: Processing /gome2b/offline/2017/08/18...
00:18:47 [9]: Finished: /gome2b/offline/2017/12/17.
00:18:48 [0]: Processed 228/365
00:18:48 [11]: Processing /gome2b/offline/2017/12/17...
00:18:52 [0]: Processed 229/365
00:18:53 [5]: Finished: /gome2b/offline/2017/07/09.
00:18:55 [10]: Processing /gome2b/offline/2017/07/09...
00:18:59 [0]: Processed 230/365
00:19:06 [8]: Finished: /gome2b/offline/2017/11/05.
00:19:06 [4]: Finished: /gome2b/offline/2017/05/29.
00:19:07 [11]: Processing /gome2b/offline/2017/11/05...
00:19:08 [10]: Processing /gome2b/offline/2017/05/29...
00:19:11 [0]: Processed 231/365
00:19:11 [0]: Processed 232/365
00:19:14 [7]: Finished: /gome2b/offline/2017/09/30.
00:19:14 [11]: Processing /gome2b/offline/2017/09/30...
00:19:18 [0]: Processed 233/365
00:19:23 [3]: Finished: /gome2b/offline/2017/04/17.
00:19:23 [10]: Processing /gome2b/offline/2017/04/17...
00:19:27 [0]: Processed 234/365
00:19:33 [1]: Finished: /gome2b/offline/2017/01/27.
00:19:33 [1]: FTP Error: 550 /gome2b/offline/2017/01/28: No such file or directory
00:19:33 [1]: Closed FTP and signaled Rank 0.
00:19:33 [0]: A-worker retired (1/9)
00:19:33 [11]: Processing /gome2b/offline/2017/01/27...
00:19:34 [2]: Finished: /gome2b/offline/2017/03/11.
00:19:36 [10]: Processing /gome2b/offline/2017/03/11...
00:19:37 [0]: Processed 235/365
00:19:40 [0]: Processed 236/365
00:19:42 [8]: Finished: /gome2b/offline/2017/11/06.
00:19:43 [11]: Processing /gome2b/offline/2017/11/06...
00:19:45 [6]: Finished: /gome2b/offline/2017/08/19.
00:19:46 [10]: Processing /gome2b/offline/2017/08/19...
00:19:47 [0]: Processed 237/365
00:19:48 [9]: Finished: /gome2b/offline/2017/12/18.
00:19:50 [11]: Processing /gome2b/offline/2017/12/18...
00:19:50 [0]: Processed 238/365
00:19:52 [7]: Finished: /gome2b/offline/2017/10/01.
00:19:53 [10]: Processing /gome2b/offline/2017/10/01...
00:19:54 [0]: Processed 239/365
00:19:54 [5]: Finished: /gome2b/offline/2017/07/10.
00:19:57 [11]: Processing /gome2b/offline/2017/07/10...
00:19:57 [0]: Processed 240/365
00:19:58 [4]: Finished: /gome2b/offline/2017/05/30.
00:20:00 [10]: Processing /gome2b/offline/2017/05/30...
00:20:01 [0]: Processed 241/365
00:20:04 [0]: Processed 242/365
00:20:15 [6]: Finished: /gome2b/offline/2017/08/20.
00:20:16 [11]: Processing /gome2b/offline/2017/08/20...
00:20:19 [0]: Processed 243/365
00:20:29 [2]: Finished: /gome2b/offline/2017/03/12.
00:20:31 [10]: Processing /gome2b/offline/2017/03/12...
00:20:31 [7]: Finished: /gome2b/offline/2017/10/02.
00:20:34 [3]: Finished: /gome2b/offline/2017/04/18.
00:20:34 [0]: Processed 244/365
00:20:34 [10]: Processing /gome2b/offline/2017/10/02...
00:20:34 [11]: Processing /gome2b/offline/2017/04/18...
00:20:38 [0]: Processed 245/365
00:20:39 [0]: Processed 246/365
00:20:39 [8]: Finished: /gome2b/offline/2017/11/07.
00:20:41 [10]: Processing /gome2b/offline/2017/11/07...
00:20:42 [9]: Finished: /gome2b/offline/2017/12/19.
00:20:45 [11]: Processing /gome2b/offline/2017/12/19...
00:20:45 [0]: Processed 247/365
00:20:48 [0]: Processed 248/365
00:20:50 [4]: Finished: /gome2b/offline/2017/05/31.
00:20:51 [10]: Processing /gome2b/offline/2017/05/31...
00:20:55 [0]: Processed 249/365
00:20:56 [5]: Finished: /gome2b/offline/2017/07/11.
00:20:57 [11]: Processing /gome2b/offline/2017/07/11...
00:21:01 [0]: Processed 250/365
00:21:01 [6]: Finished: /gome2b/offline/2017/08/21.
00:21:04 [10]: Processing /gome2b/offline/2017/08/21...
00:21:08 [0]: Processed 251/365
00:21:15 [8]: Finished: /gome2b/offline/2017/11/08.
00:21:16 [11]: Processing /gome2b/offline/2017/11/08...
00:21:20 [0]: Processed 252/365
00:21:21 [9]: Finished: /gome2b/offline/2017/12/20.
00:21:23 [10]: Processing /gome2b/offline/2017/12/20...
00:21:26 [0]: Processed 253/365
00:21:27 [3]: Finished: /gome2b/offline/2017/04/19.
00:21:29 [11]: Processing /gome2b/offline/2017/04/19...
00:21:31 [7]: Finished: /gome2b/offline/2017/10/03.
00:21:32 [10]: Processing /gome2b/offline/2017/10/03...
00:21:33 [0]: Processed 254/365
00:21:36 [0]: Processed 255/365
00:21:39 [4]: Finished: /gome2b/offline/2017/06/01.
00:21:39 [11]: Processing /gome2b/offline/2017/06/01...
00:21:43 [0]: Processed 256/365
00:21:44 [2]: Finished: /gome2b/offline/2017/03/13.
00:21:45 [10]: Processing /gome2b/offline/2017/03/13...
00:21:46 [5]: Finished: /gome2b/offline/2017/07/12.
00:21:49 [10]: Processing /gome2b/offline/2017/07/12...
00:21:49 [0]: Processed 257/365
00:21:50 [6]: Finished: /gome2b/offline/2017/08/22.
00:21:52 [11]: Processing /gome2b/offline/2017/08/22...
00:21:52 [0]: Processed 258/365
00:21:56 [0]: Processed 259/365
00:22:08 [8]: Finished: /gome2b/offline/2017/11/09.
00:22:10 [10]: Processing /gome2b/offline/2017/11/09...
00:22:14 [0]: Processed 260/365
00:22:20 [7]: Finished: /gome2b/offline/2017/10/04.
00:22:20 [11]: Processing /gome2b/offline/2017/10/04...
00:22:21 [5]: Finished: /gome2b/offline/2017/07/13.
00:22:22 [4]: Finished: /gome2b/offline/2017/06/02.
00:22:23 [3]: Finished: /gome2b/offline/2017/04/20.
00:22:23 [10]: Processing /gome2b/offline/2017/07/13...
00:22:24 [11]: Processing /gome2b/offline/2017/06/02...
00:22:24 [0]: Processed 261/365
00:22:24 [9]: Finished: /gome2b/offline/2017/12/21.
00:22:27 [0]: Processed 262/365
00:22:27 [10]: Processing /gome2b/offline/2017/04/20...
00:22:28 [0]: Processed 263/365
00:22:28 [11]: Processing /gome2b/offline/2017/12/21...
00:22:31 [0]: Processed 264/365
00:22:32 [0]: Processed 265/365
00:22:36 [2]: Finished: /gome2b/offline/2017/03/14.
00:22:37 [10]: Processing /gome2b/offline/2017/03/14...
00:22:41 [0]: Processed 266/365
00:22:48 [6]: Finished: /gome2b/offline/2017/08/23.
00:22:50 [10]: Processing /gome2b/offline/2017/08/23...
00:22:53 [0]: Processed 267/365
00:23:02 [4]: Finished: /gome2b/offline/2017/06/03.
00:23:02 [10]: Processing /gome2b/offline/2017/06/03...
00:23:06 [0]: Processed 268/365
00:23:08 [8]: Finished: /gome2b/offline/2017/11/10.
00:23:08 [11]: Processing /gome2b/offline/2017/11/10...
00:23:12 [0]: Processed 269/365
00:23:15 [3]: Finished: /gome2b/offline/2017/04/21.
00:23:15 [11]: Processing /gome2b/offline/2017/04/21...
00:23:18 [9]: Finished: /gome2b/offline/2017/12/22.
00:23:18 [10]: Processing /gome2b/offline/2017/12/22...
00:23:19 [0]: Processed 270/365
00:23:20 [5]: Finished: /gome2b/offline/2017/07/14.
00:23:21 [2]: Finished: /gome2b/offline/2017/03/15.
00:23:22 [11]: Processing /gome2b/offline/2017/07/14...
00:23:22 [10]: Processing /gome2b/offline/2017/03/15...
00:23:22 [0]: Processed 271/365
00:23:26 [0]: Processed 272/365
00:23:26 [0]: Processed 273/365
00:23:35 [7]: Finished: /gome2b/offline/2017/10/05.
00:23:35 [11]: Processing /gome2b/offline/2017/10/05...
00:23:37 [4]: Finished: /gome2b/offline/2017/06/04.
00:23:38 [10]: Processing /gome2b/offline/2017/06/04...
00:23:39 [0]: Processed 274/365
00:23:42 [0]: Processed 275/365
00:23:43 [6]: Finished: /gome2b/offline/2017/08/24.
00:23:45 [10]: Processing /gome2b/offline/2017/08/24...
00:23:48 [0]: Processed 276/365
00:23:55 [8]: Finished: /gome2b/offline/2017/11/11.
00:23:57 [11]: Processing /gome2b/offline/2017/11/11...
00:23:59 [9]: Finished: /gome2b/offline/2017/12/23.
00:24:00 [10]: Processing /gome2b/offline/2017/12/23...
00:24:01 [0]: Processed 277/365
00:24:04 [0]: Processed 278/365
00:24:08 [3]: Finished: /gome2b/offline/2017/04/22.
00:24:09 [5]: Finished: /gome2b/offline/2017/07/15.
00:24:10 [11]: Processing /gome2b/offline/2017/04/22...
00:24:10 [10]: Processing /gome2b/offline/2017/07/15...
00:24:14 [0]: Processed 279/365
00:24:14 [0]: Processed 280/365
00:24:19 [7]: Finished: /gome2b/offline/2017/10/06.
00:24:20 [11]: Processing /gome2b/offline/2017/10/06...
00:24:20 [4]: Finished: /gome2b/offline/2017/06/05.
00:24:23 [10]: Processing /gome2b/offline/2017/06/05...
00:24:23 [0]: Processed 281/365
00:24:25 [6]: Finished: /gome2b/offline/2017/08/25.
00:24:26 [11]: Processing /gome2b/offline/2017/08/25...
00:24:27 [0]: Processed 282/365
00:24:30 [0]: Processed 283/365
00:24:31 [9]: Finished: /gome2b/offline/2017/12/24.
00:24:32 [2]: Finished: /gome2b/offline/2017/03/16.
00:24:33 [11]: Processing /gome2b/offline/2017/12/24...
00:24:33 [10]: Processing /gome2b/offline/2017/03/16...
00:24:37 [0]: Processed 284/365
00:24:37 [0]: Processed 285/365
00:24:39 [8]: Finished: /gome2b/offline/2017/11/12.
00:24:40 [11]: Processing /gome2b/offline/2017/11/12...
00:24:44 [0]: Processed 286/365
00:24:50 [7]: Finished: /gome2b/offline/2017/10/07.
00:24:52 [10]: Processing /gome2b/offline/2017/10/07...
00:24:56 [0]: Processed 287/365
00:24:59 [4]: Finished: /gome2b/offline/2017/06/06.
00:25:02 [11]: Processing /gome2b/offline/2017/06/06...
00:25:06 [0]: Processed 288/365
00:25:07 [2]: Finished: /gome2b/offline/2017/03/17.
00:25:08 [10]: Processing /gome2b/offline/2017/03/17...
00:25:09 [8]: Finished: /gome2b/offline/2017/11/13.
00:25:11 [0]: Processed 289/365
00:25:11 [10]: Processing /gome2b/offline/2017/11/13...
00:25:15 [0]: Processed 290/365
00:25:22 [3]: Finished: /gome2b/offline/2017/04/23.
00:25:24 [11]: Processing /gome2b/offline/2017/04/23...
00:25:28 [0]: Processed 291/365
00:25:32 [5]: Finished: /gome2b/offline/2017/07/16.
00:25:33 [2]: Finished: /gome2b/offline/2017/03/18.
00:25:33 [10]: Processing /gome2b/offline/2017/07/16...
00:25:34 [7]: Finished: /gome2b/offline/2017/10/08.
00:25:34 [11]: Processing /gome2b/offline/2017/03/18...
00:25:34 [6]: Finished: /gome2b/offline/2017/08/26.
00:25:37 [0]: Processed 292/365
00:25:37 [10]: Processing /gome2b/offline/2017/10/08...
00:25:38 [11]: Processing /gome2b/offline/2017/08/26...
00:25:38 [0]: Processed 293/365
00:25:41 [0]: Processed 294/365
00:25:42 [0]: Processed 295/365
00:25:42 [8]: Finished: /gome2b/offline/2017/11/14.
00:25:42 [9]: Finished: /gome2b/offline/2017/12/25.
00:25:44 [10]: Processing /gome2b/offline/2017/11/14...
00:25:45 [11]: Processing /gome2b/offline/2017/12/25...
00:25:48 [0]: Processed 296/365
00:25:48 [0]: Processed 297/365
00:25:51 [3]: Finished: /gome2b/offline/2017/04/24.
00:25:54 [10]: Processing /gome2b/offline/2017/04/24...
00:25:57 [0]: Processed 298/365
00:26:00 [4]: Finished: /gome2b/offline/2017/06/07.
00:26:00 [11]: Processing /gome2b/offline/2017/06/07...
00:26:04 [0]: Processed 299/365
00:26:14 [7]: Finished: /gome2b/offline/2017/10/09.
00:26:15 [10]: Processing /gome2b/offline/2017/10/09...
00:26:16 [8]: Finished: /gome2b/offline/2017/11/15.
00:26:16 [11]: Processing /gome2b/offline/2017/11/15...
00:26:19 [0]: Processed 300/365
00:26:20 [0]: Processed 301/365
00:26:23 [9]: Finished: /gome2b/offline/2017/12/26.
00:26:23 [11]: Processing /gome2b/offline/2017/12/26...
00:26:27 [3]: Finished: /gome2b/offline/2017/04/25.
00:26:27 [11]: Processing /gome2b/offline/2017/04/25...
00:26:27 [0]: Processed 302/365
00:26:31 [0]: Processed 303/365
00:26:39 [2]: Finished: /gome2b/offline/2017/03/19.
00:26:40 [11]: Processing /gome2b/offline/2017/03/19...
00:26:44 [0]: Processed 304/365
00:26:46 [9]: Finished: /gome2b/offline/2017/12/27.
00:26:47 [11]: Processing /gome2b/offline/2017/12/27...
00:26:47 [4]: Finished: /gome2b/offline/2017/06/08.
00:26:50 [10]: Processing /gome2b/offline/2017/06/08...
00:26:50 [0]: Processed 305/365
00:26:51 [6]: Finished: /gome2b/offline/2017/08/27.
00:26:53 [11]: Processing /gome2b/offline/2017/08/27...
00:26:53 [0]: Processed 306/365
00:26:57 [0]: Processed 307/365
00:27:00 [8]: Finished: /gome2b/offline/2017/11/16.
00:27:00 [11]: Processing /gome2b/offline/2017/11/16...
00:27:02 [5]: Finished: /gome2b/offline/2017/07/17.
00:27:02 [10]: Processing /gome2b/offline/2017/07/17...
00:27:04 [0]: Processed 308/365
00:27:07 [0]: Processed 309/365
00:27:18 [2]: Finished: /gome2b/offline/2017/03/20.
00:27:19 [11]: Processing /gome2b/offline/2017/03/20...
00:27:19 [3]: Finished: /gome2b/offline/2017/04/26.
00:27:22 [7]: Finished: /gome2b/offline/2017/10/10.
00:27:22 [10]: Processing /gome2b/offline/2017/04/26...
00:27:23 [0]: Processed 310/365
00:27:23 [11]: Processing /gome2b/offline/2017/10/10...
00:27:26 [0]: Processed 311/365
00:27:27 [0]: Processed 312/365
00:27:27 [5]: Finished: /gome2b/offline/2017/07/18.
00:27:29 [10]: Processing /gome2b/offline/2017/07/18...
00:27:33 [0]: Processed 313/365
00:27:42 [4]: Finished: /gome2b/offline/2017/06/09.
00:27:44 [9]: Finished: /gome2b/offline/2017/12/28.
00:27:45 [11]: Processing /gome2b/offline/2017/06/09...
00:27:45 [10]: Processing /gome2b/offline/2017/12/28...
00:27:49 [0]: Processed 314/365
00:27:49 [0]: Processed 315/365
00:27:50 [6]: Finished: /gome2b/offline/2017/08/28.
00:27:52 [11]: Processing /gome2b/offline/2017/08/28...
00:27:55 [0]: Processed 316/365
00:28:02 [2]: Finished: /gome2b/offline/2017/03/21.
00:28:02 [3]: Finished: /gome2b/offline/2017/04/27.
00:28:04 [10]: Processing /gome2b/offline/2017/03/21...
00:28:05 [11]: Processing /gome2b/offline/2017/04/27...
00:28:06 [8]: Finished: /gome2b/offline/2017/11/17.
00:28:08 [0]: Processed 317/365
00:28:08 [10]: Processing /gome2b/offline/2017/11/17...
00:28:08 [0]: Processed 318/365
00:28:09 [7]: Finished: /gome2b/offline/2017/10/11.
00:28:11 [11]: Processing /gome2b/offline/2017/10/11...
00:28:12 [0]: Processed 319/365
00:28:12 [5]: Finished: /gome2b/offline/2017/07/19.
00:28:15 [10]: Processing /gome2b/offline/2017/07/19...
00:28:15 [0]: Processed 320/365
00:28:19 [0]: Processed 321/365
00:28:23 [9]: Finished: /gome2b/offline/2017/12/29.
00:28:24 [11]: Processing /gome2b/offline/2017/12/29...
00:28:27 [4]: Finished: /gome2b/offline/2017/06/10.
00:28:28 [10]: Processing /gome2b/offline/2017/06/10...
00:28:28 [0]: Processed 322/365
00:28:32 [6]: Finished: /gome2b/offline/2017/08/29.
00:28:32 [0]: Processed 323/365
00:28:34 [11]: Processing /gome2b/offline/2017/08/29...
00:28:38 [0]: Processed 324/365
00:28:51 [8]: Finished: /gome2b/offline/2017/11/18.
00:28:52 [9]: Finished: /gome2b/offline/2017/12/30.
00:28:53 [10]: Processing /gome2b/offline/2017/11/18...
00:28:53 [11]: Processing /gome2b/offline/2017/12/30...
00:28:57 [0]: Processed 325/365
00:28:57 [0]: Processed 326/365
00:29:01 [5]: Finished: /gome2b/offline/2017/07/20.
00:29:02 [3]: Finished: /gome2b/offline/2017/04/28.
00:29:03 [10]: Processing /gome2b/offline/2017/07/20...
00:29:03 [7]: Finished: /gome2b/offline/2017/10/12.
00:29:03 [11]: Processing /gome2b/offline/2017/04/28...
00:29:03 [7]: Closed FTP and signaled Rank 0.
00:29:03 [0]: A-worker retired (2/9)
00:29:06 [0]: Processed 327/365
00:29:06 [10]: Processing /gome2b/offline/2017/10/12...
00:29:07 [0]: Processed 328/365
00:29:08 [2]: Finished: /gome2b/offline/2017/03/22.
00:29:10 [11]: Processing /gome2b/offline/2017/03/22...
00:29:10 [0]: Processed 329/365
00:29:14 [0]: Processed 330/365
00:29:17 [6]: Finished: /gome2b/offline/2017/08/30.
00:29:17 [11]: Processing /gome2b/offline/2017/08/30...
00:29:21 [0]: Processed 331/365
00:29:24 [4]: Finished: /gome2b/offline/2017/06/11.
00:29:25 [10]: Processing /gome2b/offline/2017/06/11...
00:29:29 [0]: Processed 332/365
00:29:30 [9]: Finished: /gome2b/offline/2017/12/31.
00:29:31 [9]: Closed FTP and signaled Rank 0.
00:29:31 [0]: A-worker retired (3/9)
00:29:32 [10]: Processing /gome2b/offline/2017/12/31...
00:29:33 [5]: Finished: /gome2b/offline/2017/07/21.
00:29:34 [8]: Finished: /gome2b/offline/2017/11/19.
00:29:36 [11]: Processing /gome2b/offline/2017/07/21...
00:29:36 [10]: Processing /gome2b/offline/2017/11/19...
00:29:36 [0]: Processed 333/365
00:29:40 [0]: Processed 334/365
00:29:40 [0]: Processed 335/365
00:29:46 [2]: Finished: /gome2b/offline/2017/03/23.
00:29:47 [2]: Closed FTP and signaled Rank 0.
00:29:47 [0]: A-worker retired (4/9)
00:29:49 [11]: Processing /gome2b/offline/2017/03/23...
00:29:53 [0]: Processed 336/365
00:29:53 [4]: Finished: /gome2b/offline/2017/06/12.
00:29:55 [10]: Processing /gome2b/offline/2017/06/12...
00:29:59 [0]: Processed 337/365
00:30:05 [8]: Finished: /gome2b/offline/2017/11/20.
00:30:06 [6]: Finished: /gome2b/offline/2017/08/31.
00:30:07 [3]: Finished: /gome2b/offline/2017/04/29.
00:30:08 [11]: Processing /gome2b/offline/2017/11/20...
00:30:08 [10]: Processing /gome2b/offline/2017/08/31...
00:30:12 [11]: Processing /gome2b/offline/2017/04/29...
00:30:12 [0]: Processed 338/365
00:30:12 [0]: Processed 339/365
00:30:14 [5]: Finished: /gome2b/offline/2017/07/22.
00:30:15 [10]: Processing /gome2b/offline/2017/07/22...
00:30:16 [0]: Processed 340/365
00:30:19 [0]: Processed 341/365
00:30:20 [4]: Finished: /gome2b/offline/2017/06/13.
00:30:20 [4]: Closed FTP and signaled Rank 0.
00:30:20 [0]: A-worker retired (5/9)
00:30:22 [10]: Processing /gome2b/offline/2017/06/13...
00:30:25 [0]: Processed 342/365
00:30:36 [6]: Finished: /gome2b/offline/2017/09/01.
00:30:37 [11]: Processing /gome2b/offline/2017/09/01...
00:30:41 [8]: Finished: /gome2b/offline/2017/11/21.
00:30:41 [0]: Processed 343/365
00:30:41 [8]: Closed FTP and signaled Rank 0.
00:30:41 [0]: A-worker retired (6/9)
00:30:42 [5]: Finished: /gome2b/offline/2017/07/23.
00:30:44 [10]: Processing /gome2b/offline/2017/11/21...
00:30:44 [11]: Processing /gome2b/offline/2017/07/23...
00:30:47 [0]: Processed 344/365
00:30:48 [0]: Processed 345/365
00:31:04 [3]: Finished: /gome2b/offline/2017/04/30.
00:31:06 [10]: Processing /gome2b/offline/2017/04/30...
00:31:09 [0]: Processed 346/365
00:31:17 [6]: Finished: /gome2b/offline/2017/09/02.
00:31:17 [6]: Closed FTP and signaled Rank 0.
00:31:17 [0]: A-worker retired (7/9)
00:31:18 [11]: Processing /gome2b/offline/2017/09/02...
00:31:19 [5]: Finished: /gome2b/offline/2017/07/24.
00:31:19 [5]: Closed FTP and signaled Rank 0.
00:31:19 [0]: A-worker retired (8/9)
00:31:21 [10]: Processing /gome2b/offline/2017/07/24...
00:31:22 [0]: Processed 347/365
00:31:26 [3]: Finished: /gome2b/offline/2017/05/01.
00:31:26 [0]: Processed 348/365
00:31:26 [10]: Processing /gome2b/offline/2017/05/01...
00:31:30 [0]: Processed 349/365
00:31:44 [3]: Finished: /gome2b/offline/2017/05/02.
00:31:45 [10]: Processing /gome2b/offline/2017/05/02...
00:31:49 [0]: Processed 350/365
00:32:04 [3]: Finished: /gome2b/offline/2017/05/03.
00:32:04 [3]: Closed FTP and signaled Rank 0.
00:32:04 [0]: A-worker retired (9/9)
00:32:04 [11]: Processing /gome2b/offline/2017/05/03...
00:32:04 [10]: Received STOP signal. Exiting.
00:32:08 [0]: Processed 351/365
00:32:08 [11]: Received STOP signal. Exiting.
00:32:08 [0]: All workers finished. Breaking loop.
00:32:08 [0]: All tasks processed. Sending shutdown signal.
00:32:08 [0]: Merging 351 files into master CSV...
<function now at 0x14e5375bfd90> [0]: Until merge run duration: 2212.641508579254 s
00:32:15 [0]: Cleanup complete. Master file saved.
<function now at 0x14e5375bfd90> [0]: Total run duration: 2219.5434448719025 s
