16:19:28 [10]: B-Worker ready for processing.
16:19:28 [10]: B-Worker active.
16:19:28 [11]: B-Worker ready for processing.
16:19:28 [11]: B-Worker active.
16:19:28 [0]: Prepared 365 total daily links.
16:19:28 [1]: A-Worker received 41 days to fetch.
16:19:28 [2]: A-Worker received 41 days to fetch.
16:19:28 [3]: A-Worker received 41 days to fetch.
16:19:28 [4]: A-Worker received 41 days to fetch.
16:19:28 [5]: A-Worker received 41 days to fetch.
16:19:28 [6]: A-Worker received 40 days to fetch.
16:19:28 [0]: Orchestrator active. Pool is live.
16:19:28 [7]: A-Worker received 40 days to fetch.
16:19:28 [8]: A-Worker received 40 days to fetch.
16:19:28 [9]: A-Worker received 40 days to fetch.
16:19:29 [8]: FTP Connected.
16:19:29 [7]: FTP Connected.
16:19:29 [3]: FTP Connected.
16:19:29 [9]: FTP Connected.
16:19:29 [6]: FTP Connected.
16:19:29 [5]: FTP Connected.
16:19:29 [4]: FTP Connected.
16:19:29 [1]: FTP Connected.
16:19:29 [2]: FTP Connected.
16:19:56 [3]: Finished: /gome2b/offline/2025/03/24.
16:19:56 [8]: Finished: /gome2b/offline/2025/10/13.
16:19:58 [11]: Processing /gome2b/offline/2025/03/24...
16:19:58 [10]: Processing /gome2b/offline/2025/10/13...
16:20:02 [0]: Processed 1/365
16:20:02 [0]: Processed 2/365
16:20:05 [5]: Finished: /gome2b/offline/2025/06/14.
16:20:05 [2]: Finished: /gome2b/offline/2025/02/11.
16:20:08 [10]: Processing /gome2b/offline/2025/06/14...
16:20:08 [11]: Processing /gome2b/offline/2025/02/11...
16:20:09 [6]: Finished: /gome2b/offline/2025/07/25.
16:20:10 [4]: Finished: /gome2b/offline/2025/05/04.
16:20:12 [0]: Processed 3/365
16:20:12 [11]: Processing /gome2b/offline/2025/07/25...
16:20:12 [0]: Processed 4/365
16:20:12 [10]: Processing /gome2b/offline/2025/05/04...
16:20:15 [0]: Processed 5/365
16:20:16 [0]: Processed 6/365
16:20:17 [9]: Finished: /gome2b/offline/2025/11/22.
16:20:18 [11]: Processing /gome2b/offline/2025/11/22...
16:20:22 [0]: Processed 7/365
16:20:31 [1]: Finished: /gome2b/offline/2025/01/01.
16:20:31 [11]: Processing /gome2b/offline/2025/01/01...
16:20:35 [0]: Processed 8/365
16:20:39 [5]: Finished: /gome2b/offline/2025/06/15.
16:20:40 [10]: Processing /gome2b/offline/2025/06/15...
16:20:41 [6]: Finished: /gome2b/offline/2025/07/26.
16:20:43 [10]: Processing /gome2b/offline/2025/07/26...
16:20:43 [0]: Processed 9/365
16:20:44 [8]: Finished: /gome2b/offline/2025/10/14.
16:20:46 [2]: Finished: /gome2b/offline/2025/02/12.
16:20:47 [11]: Processing /gome2b/offline/2025/10/14...
16:20:48 [10]: Processing /gome2b/offline/2025/02/12...
16:20:48 [0]: Processed 10/365
16:20:51 [0]: Processed 11/365
16:20:52 [0]: Processed 12/365
16:20:55 [7]: Finished: /gome2b/offline/2025/09/03.
16:20:56 [3]: Finished: /gome2b/offline/2025/03/25.
16:20:57 [11]: Processing /gome2b/offline/2025/09/03...
16:20:58 [10]: Processing /gome2b/offline/2025/03/25...
16:21:00 [9]: Finished: /gome2b/offline/2025/11/23.
16:21:01 [0]: Processed 13/365
16:21:01 [11]: Processing /gome2b/offline/2025/11/23...
16:21:01 [0]: Processed 14/365
16:21:03 [4]: Finished: /gome2b/offline/2025/05/05.
16:21:04 [10]: Processing /gome2b/offline/2025/05/05...
16:21:04 [0]: Processed 15/365
16:21:08 [0]: Processed 16/365
16:21:12 [1]: Finished: /gome2b/offline/2025/01/02.
16:21:14 [11]: Processing /gome2b/offline/2025/01/02...
16:21:17 [0]: Processed 17/365
16:21:20 [5]: Finished: /gome2b/offline/2025/06/16.
16:21:20 [10]: Processing /gome2b/offline/2025/06/16...
16:21:21 [6]: Finished: /gome2b/offline/2025/07/27.
16:21:23 [11]: Processing /gome2b/offline/2025/07/27...
16:21:24 [0]: Processed 18/365
16:21:27 [0]: Processed 19/365
16:21:44 [9]: Finished: /gome2b/offline/2025/11/24.
16:21:45 [3]: Finished: /gome2b/offline/2025/03/26.
16:21:45 [11]: Processing /gome2b/offline/2025/11/24...
16:21:45 [10]: Processing /gome2b/offline/2025/03/26...
16:21:46 [4]: Finished: /gome2b/offline/2025/05/06.
16:21:47 [7]: Finished: /gome2b/offline/2025/09/04.
16:21:49 [11]: Processing /gome2b/offline/2025/05/06...
16:21:49 [0]: Processed 20/365
16:21:49 [10]: Processing /gome2b/offline/2025/09/04...
16:21:49 [0]: Processed 21/365
16:21:51 [2]: Finished: /gome2b/offline/2025/02/13.
16:21:51 [8]: Finished: /gome2b/offline/2025/10/15.
16:21:52 [0]: Processed 22/365
16:21:52 [11]: Processing /gome2b/offline/2025/02/13...
16:21:53 [0]: Processed 23/365
16:21:53 [10]: Processing /gome2b/offline/2025/10/15...
16:21:56 [0]: Processed 24/365
16:21:57 [0]: Processed 25/365
16:22:02 [1]: Finished: /gome2b/offline/2025/01/03.
16:22:02 [11]: Processing /gome2b/offline/2025/01/03...
16:22:06 [0]: Processed 26/365
16:22:09 [5]: Finished: /gome2b/offline/2025/06/17.
16:22:09 [11]: Processing /gome2b/offline/2025/06/17...
16:22:13 [0]: Processed 27/365
16:22:18 [3]: Finished: /gome2b/offline/2025/03/27.
16:22:19 [11]: Processing /gome2b/offline/2025/03/27...
16:22:21 [4]: Finished: /gome2b/offline/2025/05/07.
16:22:21 [10]: Processing /gome2b/offline/2025/05/07...
16:22:23 [6]: Finished: /gome2b/offline/2025/07/28.
16:22:23 [8]: Finished: /gome2b/offline/2025/10/16.
16:22:23 [11]: Processing /gome2b/offline/2025/07/28...
16:22:23 [0]: Processed 28/365
16:22:24 [0]: Processed 29/365
16:22:24 [10]: Processing /gome2b/offline/2025/10/16...
16:22:27 [0]: Processed 30/365
16:22:28 [0]: Processed 31/365
16:22:37 [5]: Finished: /gome2b/offline/2025/06/18.
16:22:37 [10]: Processing /gome2b/offline/2025/06/18...
16:22:38 [9]: Finished: /gome2b/offline/2025/11/25.
16:22:39 [11]: Processing /gome2b/offline/2025/11/25...
16:22:41 [0]: Processed 32/365
16:22:43 [0]: Processed 33/365
16:22:45 [2]: Finished: /gome2b/offline/2025/02/14.
16:22:46 [11]: Processing /gome2b/offline/2025/02/14...
16:22:48 [1]: Finished: /gome2b/offline/2025/01/04.
16:22:50 [0]: Processed 34/365
16:22:50 [11]: Processing /gome2b/offline/2025/01/04...
16:22:53 [7]: Finished: /gome2b/offline/2025/09/05.
16:22:54 [6]: Finished: /gome2b/offline/2025/07/29.
16:22:54 [11]: Processing /gome2b/offline/2025/09/05...
16:22:54 [0]: Processed 35/365
16:22:56 [10]: Processing /gome2b/offline/2025/07/29...
16:22:58 [0]: Processed 36/365
16:23:00 [0]: Processed 37/365
16:23:04 [5]: Finished: /gome2b/offline/2025/06/19.
16:23:06 [10]: Processing /gome2b/offline/2025/06/19...
16:23:09 [0]: Processed 38/365
16:23:13 [9]: Finished: /gome2b/offline/2025/11/26.
16:23:13 [11]: Processing /gome2b/offline/2025/11/26...
16:23:13 [3]: Finished: /gome2b/offline/2025/03/28.
16:23:15 [10]: Processing /gome2b/offline/2025/03/28...
16:23:16 [8]: Finished: /gome2b/offline/2025/10/17.
16:23:16 [0]: Processed 39/365
16:23:16 [11]: Processing /gome2b/offline/2025/10/17...
16:23:19 [2]: Finished: /gome2b/offline/2025/02/15.
16:23:19 [10]: Processing /gome2b/offline/2025/02/15...
16:23:19 [0]: Processed 40/365
16:23:20 [4]: Finished: /gome2b/offline/2025/05/08.
16:23:21 [0]: Processed 41/365
16:23:21 [11]: Processing /gome2b/offline/2025/05/08...
16:23:23 [0]: Processed 42/365
16:23:24 [0]: Processed 43/365
16:23:49 [8]: Finished: /gome2b/offline/2025/10/18.
16:23:50 [10]: Processing /gome2b/offline/2025/10/18...
16:23:51 [7]: Finished: /gome2b/offline/2025/09/06.
16:23:51 [11]: Processing /gome2b/offline/2025/09/06...
16:23:53 [6]: Finished: /gome2b/offline/2025/07/30.
16:23:54 [10]: Processing /gome2b/offline/2025/07/30...
16:23:54 [0]: Processed 44/365
16:23:55 [0]: Processed 45/365
16:23:56 [1]: Finished: /gome2b/offline/2025/01/05.
16:23:57 [9]: Finished: /gome2b/offline/2025/11/27.
16:23:57 [2]: Finished: /gome2b/offline/2025/02/16.
16:23:58 [10]: Processing /gome2b/offline/2025/01/05...
16:23:58 [0]: Processed 46/365
16:23:58 [11]: Processing /gome2b/offline/2025/11/27...
16:24:01 [0]: Processed 47/365
16:24:01 [10]: Processing /gome2b/offline/2025/02/16...
16:24:02 [5]: Finished: /gome2b/offline/2025/06/20.
16:24:02 [11]: Processing /gome2b/offline/2025/06/20...
16:24:02 [0]: Processed 48/365
16:24:05 [0]: Processed 49/365
16:24:06 [0]: Processed 50/365
16:24:09 [3]: Finished: /gome2b/offline/2025/03/29.
16:24:09 [11]: Processing /gome2b/offline/2025/03/29...
16:24:13 [0]: Processed 51/365
16:24:21 [4]: Finished: /gome2b/offline/2025/05/09.
16:24:22 [11]: Processing /gome2b/offline/2025/05/09...
16:24:25 [0]: Processed 52/365
16:24:33 [1]: Finished: /gome2b/offline/2025/01/06.
16:24:34 [11]: Processing /gome2b/offline/2025/01/06...
16:24:36 [7]: Finished: /gome2b/offline/2025/09/07.
16:24:38 [10]: Processing /gome2b/offline/2025/09/07...
16:24:38 [0]: Processed 53/365
16:24:39 [2]: Finished: /gome2b/offline/2025/02/17.
16:24:41 [11]: Processing /gome2b/offline/2025/02/17...
16:24:42 [0]: Processed 54/365
16:24:45 [0]: Processed 55/365
16:24:49 [9]: Finished: /gome2b/offline/2025/11/28.
16:24:51 [10]: Processing /gome2b/offline/2025/11/28...
16:24:52 [8]: Finished: /gome2b/offline/2025/10/19.
16:24:52 [5]: Finished: /gome2b/offline/2025/06/21.
16:24:54 [11]: Processing /gome2b/offline/2025/10/19...
16:24:55 [10]: Processing /gome2b/offline/2025/06/21...
16:24:55 [0]: Processed 56/365
16:24:58 [0]: Processed 57/365
16:24:58 [0]: Processed 58/365
16:24:59 [6]: Finished: /gome2b/offline/2025/07/31.
16:25:01 [4]: Finished: /gome2b/offline/2025/05/10.
16:25:01 [11]: Processing /gome2b/offline/2025/07/31...
16:25:01 [10]: Processing /gome2b/offline/2025/05/10...
16:25:05 [0]: Processed 59/365
16:25:05 [0]: Processed 60/365
16:25:06 [1]: Finished: /gome2b/offline/2025/01/07.
16:25:08 [11]: Processing /gome2b/offline/2025/01/07...
16:25:12 [0]: Processed 61/365
16:25:16 [3]: Finished: /gome2b/offline/2025/03/30.
16:25:17 [10]: Processing /gome2b/offline/2025/03/30...
16:25:19 [8]: Finished: /gome2b/offline/2025/10/20.
16:25:21 [2]: Finished: /gome2b/offline/2025/02/18.
16:25:21 [0]: Processed 62/365
16:25:21 [10]: Processing /gome2b/offline/2025/10/20...
16:25:21 [11]: Processing /gome2b/offline/2025/02/18...
16:25:25 [0]: Processed 63/365
16:25:25 [0]: Processed 64/365
16:25:26 [7]: Finished: /gome2b/offline/2025/09/08.
16:25:28 [10]: Processing /gome2b/offline/2025/09/08...
16:25:32 [0]: Processed 65/365
16:25:44 [9]: Finished: /gome2b/offline/2025/11/29.
16:25:46 [11]: Processing /gome2b/offline/2025/11/29...
16:25:47 [5]: Finished: /gome2b/offline/2025/06/22.
16:25:49 [4]: Finished: /gome2b/offline/2025/05/11.
16:25:50 [0]: Processed 66/365
16:25:50 [11]: Processing /gome2b/offline/2025/06/22...
16:25:50 [10]: Processing /gome2b/offline/2025/05/11...
16:25:51 [6]: Finished: /gome2b/offline/2025/08/01.
16:25:51 [8]: Finished: /gome2b/offline/2025/10/21.
16:25:51 [1]: Finished: /gome2b/offline/2025/01/08.
16:25:52 [7]: Finished: /gome2b/offline/2025/09/09.
16:25:54 [0]: Processed 67/365
16:25:54 [10]: Processing /gome2b/offline/2025/08/01...
16:25:54 [0]: Processed 68/365
16:25:54 [11]: Processing /gome2b/offline/2025/10/21...
16:25:57 [0]: Processed 69/365
16:25:57 [10]: Processing /gome2b/offline/2025/01/08...
16:25:58 [0]: Processed 70/365
16:25:58 [11]: Processing /gome2b/offline/2025/09/09...
16:26:01 [2]: Finished: /gome2b/offline/2025/02/19.
16:26:01 [11]: Processing /gome2b/offline/2025/02/19...
16:26:01 [0]: Processed 71/365
16:26:01 [0]: Processed 72/365
16:26:05 [0]: Processed 73/365
16:26:17 [9]: Finished: /gome2b/offline/2025/11/30.
16:26:19 [10]: Processing /gome2b/offline/2025/11/30...
16:26:23 [5]: Finished: /gome2b/offline/2025/06/23.
16:26:23 [0]: Processed 74/365
16:26:23 [10]: Processing /gome2b/offline/2025/06/23...
16:26:23 [3]: Finished: /gome2b/offline/2025/03/31.
16:26:26 [11]: Processing /gome2b/offline/2025/03/31...
16:26:27 [0]: Processed 75/365
16:26:29 [0]: Processed 76/365
16:26:39 [6]: Finished: /gome2b/offline/2025/08/02.
16:26:40 [4]: Finished: /gome2b/offline/2025/05/12.
16:26:41 [11]: Processing /gome2b/offline/2025/08/02...
16:26:42 [10]: Processing /gome2b/offline/2025/05/12...
16:26:45 [0]: Processed 77/365
16:26:45 [7]: Finished: /gome2b/offline/2025/09/10.
16:26:46 [0]: Processed 78/365
16:26:46 [10]: Processing /gome2b/offline/2025/09/10...
16:26:50 [0]: Processed 79/365
16:26:52 [3]: Finished: /gome2b/offline/2025/04/01.
16:26:53 [10]: Processing /gome2b/offline/2025/04/01...
16:26:53 [1]: Finished: /gome2b/offline/2025/01/09.
16:26:54 [11]: Processing /gome2b/offline/2025/01/09...
16:26:55 [5]: Finished: /gome2b/offline/2025/06/24.
16:26:57 [10]: Processing /gome2b/offline/2025/06/24...
16:26:57 [0]: Processed 80/365
16:26:58 [0]: Processed 81/365
16:26:59 [8]: Finished: /gome2b/offline/2025/10/22.
16:26:59 [2]: Finished: /gome2b/offline/2025/02/20.
16:27:00 [0]: Processed 82/365
16:27:00 [10]: Processing /gome2b/offline/2025/10/22...
16:27:01 [11]: Processing /gome2b/offline/2025/02/20...
16:27:04 [0]: Processed 83/365
16:27:05 [0]: Processed 84/365
16:27:20 [5]: Finished: /gome2b/offline/2025/06/25.
16:27:22 [9]: Finished: /gome2b/offline/2025/12/01.
16:27:23 [10]: Processing /gome2b/offline/2025/06/25...
16:27:23 [11]: Processing /gome2b/offline/2025/12/01...
16:27:25 [6]: Finished: /gome2b/offline/2025/08/03.
16:27:26 [10]: Processing /gome2b/offline/2025/08/03...
16:27:26 [0]: Processed 85/365
16:27:27 [0]: Processed 86/365
16:27:30 [0]: Processed 87/365
16:27:33 [3]: Finished: /gome2b/offline/2025/04/02.
16:27:33 [1]: Finished: /gome2b/offline/2025/01/10.
16:27:33 [11]: Processing /gome2b/offline/2025/04/02...
16:27:33 [10]: Processing /gome2b/offline/2025/01/10...
16:27:37 [0]: Processed 88/365
16:27:37 [0]: Processed 89/365
16:27:39 [8]: Finished: /gome2b/offline/2025/10/23.
16:27:40 [11]: Processing /gome2b/offline/2025/10/23...
16:27:44 [0]: Processed 90/365
16:27:44 [4]: Finished: /gome2b/offline/2025/05/13.
16:27:46 [7]: Finished: /gome2b/offline/2025/09/11.
16:27:46 [10]: Processing /gome2b/offline/2025/05/13...
16:27:47 [11]: Processing /gome2b/offline/2025/09/11...
16:27:49 [9]: Finished: /gome2b/offline/2025/12/02.
16:27:50 [0]: Processed 91/365
16:27:50 [10]: Processing /gome2b/offline/2025/12/02...
16:27:50 [0]: Processed 92/365
16:27:53 [0]: Processed 93/365
16:28:14 [2]: Finished: /gome2b/offline/2025/02/21.
16:28:14 [11]: Processing /gome2b/offline/2025/02/21...
16:28:15 [4]: Finished: /gome2b/offline/2025/05/14.
16:28:15 [9]: Finished: /gome2b/offline/2025/12/03.
16:28:16 [1]: Finished: /gome2b/offline/2025/01/11.
16:28:17 [10]: Processing /gome2b/offline/2025/05/14...
16:28:18 [0]: Processed 94/365
16:28:18 [11]: Processing /gome2b/offline/2025/12/03...
16:28:22 [10]: Processing /gome2b/offline/2025/01/11...
16:28:22 [0]: Processed 95/365
16:28:22 [0]: Processed 96/365
16:28:22 [6]: Finished: /gome2b/offline/2025/08/04.
16:28:24 [5]: Finished: /gome2b/offline/2025/06/26.
16:28:25 [11]: Processing /gome2b/offline/2025/08/04...
16:28:25 [10]: Processing /gome2b/offline/2025/06/26...
16:28:25 [0]: Processed 97/365
16:28:26 [3]: Finished: /gome2b/offline/2025/04/03.
16:28:29 [11]: Processing /gome2b/offline/2025/04/03...
16:28:29 [0]: Processed 98/365
16:28:29 [0]: Processed 99/365
16:28:32 [0]: Processed 100/365
16:28:41 [9]: Finished: /gome2b/offline/2025/12/04.
16:28:41 [10]: Processing /gome2b/offline/2025/12/04...
16:28:43 [8]: Finished: /gome2b/offline/2025/10/24.
16:28:44 [1]: Finished: /gome2b/offline/2025/01/12.
16:28:44 [11]: Processing /gome2b/offline/2025/10/24...
16:28:45 [0]: Processed 101/365
16:28:45 [10]: Processing /gome2b/offline/2025/01/12...
16:28:48 [0]: Processed 102/365
16:28:49 [0]: Processed 103/365
16:28:58 [2]: Finished: /gome2b/offline/2025/02/22.
16:29:00 [11]: Processing /gome2b/offline/2025/02/22...
16:29:04 [0]: Processed 104/365
16:29:07 [7]: Finished: /gome2b/offline/2025/09/12.
16:29:07 [11]: Processing /gome2b/offline/2025/09/12...
16:29:11 [0]: Processed 105/365
16:29:13 [4]: Finished: /gome2b/offline/2025/05/15.
16:29:13 [10]: Processing /gome2b/offline/2025/05/15...
16:29:15 [3]: Finished: /gome2b/offline/2025/04/04.
16:29:17 [10]: Processing /gome2b/offline/2025/04/04...
16:29:17 [0]: Processed 106/365
16:29:20 [0]: Processed 107/365
16:29:23 [2]: Finished: /gome2b/offline/2025/02/23.
16:29:23 [8]: Finished: /gome2b/offline/2025/10/25.
16:29:23 [11]: Processing /gome2b/offline/2025/02/23...
16:29:23 [10]: Processing /gome2b/offline/2025/10/25...
16:29:25 [6]: Finished: /gome2b/offline/2025/08/05.
16:29:26 [0]: Processed 108/365
16:29:26 [11]: Processing /gome2b/offline/2025/08/05...
16:29:27 [0]: Processed 109/365
16:29:31 [0]: Processed 110/365
16:29:33 [1]: Finished: /gome2b/offline/2025/01/13.
16:29:33 [5]: Finished: /gome2b/offline/2025/06/27.
16:29:33 [10]: Processing /gome2b/offline/2025/01/13...
16:29:34 [11]: Processing /gome2b/offline/2025/06/27...
16:29:37 [0]: Processed 111/365
16:29:38 [0]: Processed 112/365
16:29:42 [9]: Finished: /gome2b/offline/2025/12/05.
16:29:43 [10]: Processing /gome2b/offline/2025/12/05...
16:29:45 [4]: Finished: /gome2b/offline/2025/05/16.
16:29:47 [11]: Processing /gome2b/offline/2025/05/16...
16:29:47 [0]: Processed 113/365
16:29:50 [8]: Finished: /gome2b/offline/2025/10/26.
16:29:50 [10]: Processing /gome2b/offline/2025/10/26...
16:29:51 [0]: Processed 114/365
16:29:52 [2]: Finished: /gome2b/offline/2025/02/24.
16:29:54 [10]: Processing /gome2b/offline/2025/02/24...
16:29:54 [0]: Processed 115/365
16:29:54 [7]: Finished: /gome2b/offline/2025/09/13.
16:29:57 [11]: Processing /gome2b/offline/2025/09/13...
16:29:57 [6]: Finished: /gome2b/offline/2025/08/06.
16:29:57 [10]: Processing /gome2b/offline/2025/08/06...
16:29:57 [0]: Processed 116/365
16:30:01 [0]: Processed 117/365
16:30:01 [0]: Processed 118/365
16:30:19 [5]: Finished: /gome2b/offline/2025/06/28.
16:30:19 [11]: Processing /gome2b/offline/2025/06/28...
16:30:23 [0]: Processed 119/365
16:30:24 [1]: Finished: /gome2b/offline/2025/01/14.
16:30:25 [10]: Processing /gome2b/offline/2025/01/14...
16:30:26 [9]: Finished: /gome2b/offline/2025/12/06.
16:30:29 [11]: Processing /gome2b/offline/2025/12/06...
16:30:29 [0]: Processed 120/365
16:30:32 [0]: Processed 121/365
16:30:34 [4]: Finished: /gome2b/offline/2025/05/17.
16:30:35 [10]: Processing /gome2b/offline/2025/05/17...
16:30:36 [3]: Finished: /gome2b/offline/2025/04/05.
16:30:38 [11]: Processing /gome2b/offline/2025/04/05...
16:30:39 [0]: Processed 122/365
16:30:41 [2]: Finished: /gome2b/offline/2025/02/25.
16:30:42 [10]: Processing /gome2b/offline/2025/02/25...
16:30:42 [0]: Processed 123/365
16:30:46 [0]: Processed 124/365
16:31:04 [7]: Finished: /gome2b/offline/2025/09/14.
16:31:06 [11]: Processing /gome2b/offline/2025/09/14...
16:31:09 [8]: Finished: /gome2b/offline/2025/10/27.
16:31:10 [11]: Processing /gome2b/offline/2025/10/27...
16:31:10 [0]: Processed 125/365
16:31:11 [5]: Finished: /gome2b/offline/2025/06/29.
16:31:12 [6]: Finished: /gome2b/offline/2025/08/07.
16:31:13 [10]: Processing /gome2b/offline/2025/06/29...
16:31:14 [0]: Processed 126/365
16:31:14 [11]: Processing /gome2b/offline/2025/08/07...
16:31:17 [0]: Processed 127/365
16:31:17 [0]: Processed 128/365
16:31:25 [9]: Finished: /gome2b/offline/2025/12/07.
16:31:26 [10]: Processing /gome2b/offline/2025/12/07...
16:31:27 [3]: Finished: /gome2b/offline/2025/04/06.
16:31:29 [0]: Processed 129/365
16:31:29 [10]: Processing /gome2b/offline/2025/04/06...
16:31:31 [1]: Finished: /gome2b/offline/2025/01/15.
16:31:32 [4]: Finished: /gome2b/offline/2025/05/18.
16:31:33 [11]: Processing /gome2b/offline/2025/01/15...
16:31:33 [10]: Processing /gome2b/offline/2025/05/18...
16:31:33 [0]: Processed 130/365
16:31:36 [0]: Processed 131/365
16:31:37 [0]: Processed 132/365
16:31:43 [2]: Finished: /gome2b/offline/2025/02/26.
16:31:43 [10]: Processing /gome2b/offline/2025/02/26...
16:31:47 [0]: Processed 133/365
16:31:54 [7]: Finished: /gome2b/offline/2025/09/15.
16:31:54 [11]: Processing /gome2b/offline/2025/09/15...
16:31:58 [0]: Processed 134/365
16:31:59 [5]: Finished: /gome2b/offline/2025/06/30.
16:31:59 [10]: Processing /gome2b/offline/2025/06/30...
16:32:01 [9]: Finished: /gome2b/offline/2025/12/08.
16:32:01 [11]: Processing /gome2b/offline/2025/12/08...
16:32:03 [0]: Processed 135/365
16:32:04 [3]: Finished: /gome2b/offline/2025/04/07.
16:32:05 [11]: Processing /gome2b/offline/2025/04/07...
16:32:05 [0]: Processed 136/365
16:32:07 [6]: Finished: /gome2b/offline/2025/08/08.
16:32:08 [8]: Finished: /gome2b/offline/2025/10/28.
16:32:09 [0]: Processed 137/365
16:32:09 [11]: Processing /gome2b/offline/2025/08/08...
16:32:09 [10]: Processing /gome2b/offline/2025/10/28...
16:32:12 [0]: Processed 138/365
16:32:13 [0]: Processed 139/365
16:32:13 [4]: Finished: /gome2b/offline/2025/05/19.
16:32:15 [11]: Processing /gome2b/offline/2025/05/19...
16:32:18 [2]: Finished: /gome2b/offline/2025/02/27.
16:32:19 [10]: Processing /gome2b/offline/2025/02/27...
16:32:19 [0]: Processed 140/365
16:32:20 [1]: Finished: /gome2b/offline/2025/01/16.
16:32:22 [0]: Processed 141/365
16:32:22 [10]: Processing /gome2b/offline/2025/01/16...
16:32:26 [0]: Processed 142/365
16:32:33 [9]: Finished: /gome2b/offline/2025/12/09.
16:32:33 [5]: Finished: /gome2b/offline/2025/07/01.
16:32:35 [11]: Processing /gome2b/offline/2025/12/09...
16:32:35 [10]: Processing /gome2b/offline/2025/07/01...
16:32:39 [0]: Processed 143/365
16:32:39 [0]: Processed 144/365
16:32:53 [8]: Finished: /gome2b/offline/2025/10/29.
16:32:54 [11]: Processing /gome2b/offline/2025/10/29...
16:32:54 [3]: Finished: /gome2b/offline/2025/04/08.
16:32:54 [10]: Processing /gome2b/offline/2025/04/08...
16:32:57 [0]: Processed 145/365
16:32:58 [0]: Processed 146/365
16:32:58 [2]: Finished: /gome2b/offline/2025/02/28.
16:33:00 [4]: Finished: /gome2b/offline/2025/05/20.
16:33:00 [11]: Processing /gome2b/offline/2025/02/28...
16:33:01 [10]: Processing /gome2b/offline/2025/05/20...
16:33:02 [7]: Finished: /gome2b/offline/2025/09/16.
16:33:04 [11]: Processing /gome2b/offline/2025/09/16...
16:33:04 [0]: Processed 147/365
16:33:05 [1]: Finished: /gome2b/offline/2025/01/17.
16:33:05 [10]: Processing /gome2b/offline/2025/01/17...
16:33:05 [0]: Processed 148/365
16:33:05 [9]: Finished: /gome2b/offline/2025/12/10.
16:33:07 [0]: Processed 149/365
16:33:07 [11]: Processing /gome2b/offline/2025/12/10...
16:33:08 [0]: Processed 150/365
16:33:09 [5]: Finished: /gome2b/offline/2025/07/02.
16:33:11 [0]: Processed 151/365
16:33:11 [11]: Processing /gome2b/offline/2025/07/02...
16:33:15 [0]: Processed 152/365
16:33:15 [6]: Finished: /gome2b/offline/2025/08/09.
16:33:17 [10]: Processing /gome2b/offline/2025/08/09...
16:33:21 [0]: Processed 153/365
16:33:37 [9]: Finished: /gome2b/offline/2025/12/11.
16:33:39 [11]: Processing /gome2b/offline/2025/12/11...
16:33:42 [8]: Finished: /gome2b/offline/2025/10/30.
16:33:42 [10]: Processing /gome2b/offline/2025/10/30...
16:33:43 [0]: Processed 154/365
16:33:44 [7]: Finished: /gome2b/offline/2025/09/17.
16:33:44 [3]: Finished: /gome2b/offline/2025/04/09.
16:33:44 [1]: Finished: /gome2b/offline/2025/01/18.
16:33:46 [11]: Processing /gome2b/offline/2025/09/17...
16:33:46 [10]: Processing /gome2b/offline/2025/04/09...
16:33:46 [0]: Processed 155/365
16:33:50 [0]: Processed 156/365
16:33:50 [10]: Processing /gome2b/offline/2025/01/18...
16:33:50 [0]: Processed 157/365
16:33:54 [0]: Processed 158/365
16:34:03 [6]: Finished: /gome2b/offline/2025/08/10.
16:34:05 [11]: Processing /gome2b/offline/2025/08/10...
16:34:09 [0]: Processed 159/365
16:34:12 [8]: Finished: /gome2b/offline/2025/10/31.
16:34:14 [2]: Finished: /gome2b/offline/2025/03/01.
16:34:15 [10]: Processing /gome2b/offline/2025/10/31...
16:34:15 [11]: Processing /gome2b/offline/2025/03/01...
16:34:16 [5]: Finished: /gome2b/offline/2025/07/03.
16:34:19 [10]: Processing /gome2b/offline/2025/07/03...
16:34:19 [0]: Processed 160/365
16:34:19 [0]: Processed 161/365
16:34:19 [4]: Finished: /gome2b/offline/2025/05/21.
16:34:22 [11]: Processing /gome2b/offline/2025/05/21...
16:34:22 [0]: Processed 162/365
16:34:25 [0]: Processed 163/365
16:34:31 [6]: Finished: /gome2b/offline/2025/08/11.
16:34:31 [11]: Processing /gome2b/offline/2025/08/11...
16:34:32 [9]: Finished: /gome2b/offline/2025/12/12.
16:34:34 [7]: Finished: /gome2b/offline/2025/09/18.
16:34:34 [10]: Processing /gome2b/offline/2025/12/12...
16:34:35 [0]: Processed 164/365
16:34:35 [11]: Processing /gome2b/offline/2025/09/18...
16:34:38 [0]: Processed 165/365
16:34:39 [0]: Processed 166/365
16:34:47 [2]: Finished: /gome2b/offline/2025/03/02.
16:34:47 [10]: Processing /gome2b/offline/2025/03/02...
16:34:50 [4]: Finished: /gome2b/offline/2025/05/22.
16:34:51 [3]: Finished: /gome2b/offline/2025/04/10.
16:34:51 [11]: Processing /gome2b/offline/2025/05/22...
16:34:51 [10]: Processing /gome2b/offline/2025/04/10...
16:34:51 [0]: Processed 167/365
16:34:53 [6]: Finished: /gome2b/offline/2025/08/12.
16:34:54 [0]: Processed 168/365
16:34:54 [11]: Processing /gome2b/offline/2025/08/12...
16:34:55 [0]: Processed 169/365
16:34:57 [0]: Processed 170/365
16:35:01 [5]: Finished: /gome2b/offline/2025/07/04.
16:35:03 [11]: Processing /gome2b/offline/2025/07/04...
16:35:04 [7]: Finished: /gome2b/offline/2025/09/19.
16:35:06 [1]: Finished: /gome2b/offline/2025/01/19.
16:35:07 [10]: Processing /gome2b/offline/2025/09/19...
16:35:07 [0]: Processed 171/365
16:35:07 [11]: Processing /gome2b/offline/2025/01/19...
16:35:10 [0]: Processed 172/365
16:35:11 [0]: Processed 173/365
16:35:12 [4]: Finished: /gome2b/offline/2025/05/23.
16:35:13 [10]: Processing /gome2b/offline/2025/05/23...
16:35:15 [0]: Processed 174/365
16:35:18 [8]: Finished: /gome2b/offline/2025/11/01.
16:35:18 [10]: Processing /gome2b/offline/2025/11/01...
16:35:22 [0]: Processed 175/365
16:35:23 [9]: Finished: /gome2b/offline/2025/12/13.
16:35:23 [11]: Processing /gome2b/offline/2025/12/13...
16:35:27 [0]: Processed 176/365
16:35:37 [5]: Finished: /gome2b/offline/2025/07/05.
16:35:38 [1]: Finished: /gome2b/offline/2025/01/20.
16:35:39 [11]: Processing /gome2b/offline/2025/07/05...
16:35:39 [3]: Finished: /gome2b/offline/2025/04/11.
16:35:39 [6]: Finished: /gome2b/offline/2025/08/13.
16:35:40 [10]: Processing /gome2b/offline/2025/01/20...
16:35:42 [2]: Finished: /gome2b/offline/2025/03/03.
16:35:43 [0]: Processed 177/365
16:35:43 [11]: Processing /gome2b/offline/2025/04/11...
16:35:43 [10]: Processing /gome2b/offline/2025/08/13...
16:35:43 [0]: Processed 178/365
16:35:47 [10]: Processing /gome2b/offline/2025/03/03...
16:35:47 [0]: Processed 179/365
16:35:47 [0]: Processed 180/365
16:35:48 [4]: Finished: /gome2b/offline/2025/05/24.
16:35:50 [11]: Processing /gome2b/offline/2025/05/24...
16:35:51 [0]: Processed 181/365
16:35:54 [0]: Processed 182/365
16:35:54 [8]: Finished: /gome2b/offline/2025/11/02.
16:35:56 [7]: Finished: /gome2b/offline/2025/09/20.
16:35:57 [10]: Processing /gome2b/offline/2025/11/02...
16:35:57 [11]: Processing /gome2b/offline/2025/09/20...
16:36:01 [0]: Processed 183/365
16:36:01 [0]: Processed 184/365
16:36:18 [5]: Finished: /gome2b/offline/2025/07/06.
16:36:19 [10]: Processing /gome2b/offline/2025/07/06...
16:36:21 [1]: Finished: /gome2b/offline/2025/01/21.
16:36:22 [11]: Processing /gome2b/offline/2025/01/21...
16:36:22 [6]: Finished: /gome2b/offline/2025/08/14.
16:36:22 [0]: Processed 185/365
16:36:22 [10]: Processing /gome2b/offline/2025/08/14...
16:36:23 [4]: Finished: /gome2b/offline/2025/05/25.
16:36:25 [3]: Finished: /gome2b/offline/2025/04/12.
16:36:25 [0]: Processed 186/365
16:36:25 [11]: Processing /gome2b/offline/2025/05/25...
16:36:25 [2]: Finished: /gome2b/offline/2025/03/04.
16:36:26 [10]: Processing /gome2b/offline/2025/04/12...
16:36:26 [0]: Processed 187/365
16:36:29 [11]: Processing /gome2b/offline/2025/03/04...
16:36:29 [0]: Processed 188/365
16:36:30 [0]: Processed 189/365
16:36:33 [0]: Processed 190/365
16:36:50 [8]: Finished: /gome2b/offline/2025/11/03.
16:36:50 [9]: Finished: /gome2b/offline/2025/12/14.
16:36:51 [11]: Processing /gome2b/offline/2025/11/03...
16:36:51 [10]: Processing /gome2b/offline/2025/12/14...
16:36:52 [7]: Finished: /gome2b/offline/2025/09/21.
16:36:54 [0]: Processed 191/365
16:36:54 [11]: Processing /gome2b/offline/2025/09/21...
16:36:55 [0]: Processed 192/365
16:36:58 [0]: Processed 193/365
16:36:58 [4]: Finished: /gome2b/offline/2025/05/26.
16:37:00 [1]: Finished: /gome2b/offline/2025/01/22.
16:37:01 [11]: Processing /gome2b/offline/2025/05/26...
16:37:01 [10]: Processing /gome2b/offline/2025/01/22...
16:37:05 [0]: Processed 194/365
16:37:05 [0]: Processed 195/365
16:37:08 [3]: Finished: /gome2b/offline/2025/04/13.
16:37:08 [11]: Processing /gome2b/offline/2025/04/13...
16:37:12 [6]: Finished: /gome2b/offline/2025/08/15.
16:37:12 [11]: Processing /gome2b/offline/2025/08/15...
16:37:12 [0]: Processed 196/365
16:37:14 [2]: Finished: /gome2b/offline/2025/03/05.
16:37:16 [0]: Processed 197/365
16:37:16 [11]: Processing /gome2b/offline/2025/03/05...
16:37:19 [0]: Processed 198/365
16:37:22 [5]: Finished: /gome2b/offline/2025/07/07.
16:37:22 [11]: Processing /gome2b/offline/2025/07/07...
16:37:23 [9]: Finished: /gome2b/offline/2025/12/15.
16:37:23 [10]: Processing /gome2b/offline/2025/12/15...
16:37:26 [0]: Processed 199/365
16:37:27 [0]: Processed 200/365
16:37:38 [7]: Finished: /gome2b/offline/2025/09/22.
16:37:38 [11]: Processing /gome2b/offline/2025/09/22...
16:37:39 [4]: Finished: /gome2b/offline/2025/05/27.
16:37:41 [8]: Finished: /gome2b/offline/2025/11/04.
16:37:42 [10]: Processing /gome2b/offline/2025/05/27...
16:37:42 [0]: Processed 201/365
16:37:42 [11]: Processing /gome2b/offline/2025/11/04...
16:37:46 [0]: Processed 202/365
16:37:46 [0]: Processed 203/365
16:37:49 [2]: Finished: /gome2b/offline/2025/03/06.
16:37:52 [10]: Processing /gome2b/offline/2025/03/06...
16:37:53 [3]: Finished: /gome2b/offline/2025/04/14.
16:37:55 [11]: Processing /gome2b/offline/2025/04/14...
16:37:55 [0]: Processed 204/365
16:37:59 [0]: Processed 205/365
16:38:02 [9]: Finished: /gome2b/offline/2025/12/16.
16:38:04 [10]: Processing /gome2b/offline/2025/12/16...
16:38:08 [0]: Processed 206/365
16:38:08 [6]: Finished: /gome2b/offline/2025/08/16.
16:38:10 [1]: Finished: /gome2b/offline/2025/01/23.
16:38:11 [11]: Processing /gome2b/offline/2025/08/16...
16:38:11 [10]: Processing /gome2b/offline/2025/01/23...
16:38:15 [0]: Processed 207/365
16:38:15 [0]: Processed 208/365
16:38:18 [4]: Finished: /gome2b/offline/2025/05/28.
16:38:21 [11]: Processing /gome2b/offline/2025/05/28...
16:38:24 [7]: Finished: /gome2b/offline/2025/09/23.
16:38:24 [10]: Processing /gome2b/offline/2025/09/23...
16:38:24 [0]: Processed 209/365
16:38:27 [0]: Processed 210/365
16:38:31 [8]: Finished: /gome2b/offline/2025/11/05.
16:38:33 [10]: Processing /gome2b/offline/2025/11/05...
16:38:37 [5]: Finished: /gome2b/offline/2025/07/08.
16:38:37 [10]: Processing /gome2b/offline/2025/07/08...
16:38:37 [0]: Processed 211/365
16:38:41 [2]: Finished: /gome2b/offline/2025/03/07.
16:38:41 [10]: Processing /gome2b/offline/2025/03/07...
16:38:41 [0]: Processed 212/365
16:38:45 [0]: Processed 213/365
16:38:47 [6]: Finished: /gome2b/offline/2025/08/17.
16:38:48 [10]: Processing /gome2b/offline/2025/08/17...
16:38:52 [0]: Processed 214/365
16:38:56 [9]: Finished: /gome2b/offline/2025/12/17.
16:38:57 [11]: Processing /gome2b/offline/2025/12/17...
16:38:59 [1]: Finished: /gome2b/offline/2025/01/24.
16:39:01 [10]: Processing /gome2b/offline/2025/01/24...
16:39:01 [4]: Finished: /gome2b/offline/2025/05/29.
16:39:01 [11]: Processing /gome2b/offline/2025/05/29...
16:39:01 [0]: Processed 215/365
16:39:02 [3]: Finished: /gome2b/offline/2025/04/15.
16:39:05 [0]: Processed 216/365
16:39:05 [10]: Processing /gome2b/offline/2025/04/15...
16:39:05 [8]: Finished: /gome2b/offline/2025/11/06.
16:39:05 [0]: Processed 217/365
16:39:05 [11]: Processing /gome2b/offline/2025/11/06...
16:39:08 [0]: Processed 218/365
16:39:09 [0]: Processed 219/365
16:39:28 [7]: Finished: /gome2b/offline/2025/09/24.
16:39:29 [10]: Processing /gome2b/offline/2025/09/24...
16:39:32 [9]: Finished: /gome2b/offline/2025/12/18.
16:39:33 [10]: Processing /gome2b/offline/2025/12/18...
16:39:33 [0]: Processed 220/365
16:39:34 [1]: Finished: /gome2b/offline/2025/01/25.
16:39:34 [4]: Finished: /gome2b/offline/2025/05/30.
16:39:36 [11]: Processing /gome2b/offline/2025/01/25...
16:39:37 [0]: Processed 221/365
16:39:37 [10]: Processing /gome2b/offline/2025/05/30...
16:39:37 [5]: Finished: /gome2b/offline/2025/07/09.
16:39:39 [6]: Finished: /gome2b/offline/2025/08/18.
16:39:40 [0]: Processed 222/365
16:39:40 [11]: Processing /gome2b/offline/2025/07/09...
16:39:41 [10]: Processing /gome2b/offline/2025/08/18...
16:39:41 [0]: Processed 223/365
16:39:42 [8]: Finished: /gome2b/offline/2025/11/07.
16:39:43 [2]: Finished: /gome2b/offline/2025/03/08.
16:39:44 [11]: Processing /gome2b/offline/2025/11/07...
16:39:44 [0]: Processed 224/365
16:39:44 [0]: Processed 225/365
16:39:44 [10]: Processing /gome2b/offline/2025/03/08...
16:39:47 [0]: Processed 226/365
16:39:49 [0]: Processed 227/365
16:39:58 [3]: Finished: /gome2b/offline/2025/04/16.
16:39:59 [11]: Processing /gome2b/offline/2025/04/16...
16:40:03 [0]: Processed 228/365
16:40:04 [4]: Finished: /gome2b/offline/2025/05/31.
16:40:06 [11]: Processing /gome2b/offline/2025/05/31...
16:40:10 [0]: Processed 229/365
16:40:13 [7]: Finished: /gome2b/offline/2025/09/25.
16:40:13 [2]: Finished: /gome2b/offline/2025/03/09.
16:40:13 [11]: Processing /gome2b/offline/2025/09/25...
16:40:16 [10]: Processing /gome2b/offline/2025/03/09...
16:40:17 [0]: Processed 230/365
16:40:19 [0]: Processed 231/365
16:40:25 [9]: Finished: /gome2b/offline/2025/12/19.
16:40:25 [10]: Processing /gome2b/offline/2025/12/19...
16:40:29 [0]: Processed 232/365
16:40:32 [8]: Finished: /gome2b/offline/2025/11/08.
16:40:32 [11]: Processing /gome2b/offline/2025/11/08...
16:40:34 [6]: Finished: /gome2b/offline/2025/08/19.
16:40:35 [10]: Processing /gome2b/offline/2025/08/19...
16:40:36 [0]: Processed 233/365
16:40:38 [1]: Finished: /gome2b/offline/2025/01/26.
16:40:39 [11]: Processing /gome2b/offline/2025/01/26...
16:40:39 [0]: Processed 234/365
16:40:42 [4]: Finished: /gome2b/offline/2025/06/01.
16:40:43 [0]: Processed 235/365
16:40:43 [11]: Processing /gome2b/offline/2025/06/01...
16:40:46 [7]: Finished: /gome2b/offline/2025/09/26.
16:40:46 [0]: Processed 236/365
16:40:46 [11]: Processing /gome2b/offline/2025/09/26...
16:40:50 [0]: Processed 237/365
16:40:52 [5]: Finished: /gome2b/offline/2025/07/10.
16:40:53 [11]: Processing /gome2b/offline/2025/07/10...
16:40:55 [9]: Finished: /gome2b/offline/2025/12/20.
16:40:57 [11]: Processing /gome2b/offline/2025/12/20...
16:40:57 [0]: Processed 238/365
16:41:01 [0]: Processed 239/365
16:41:04 [2]: Finished: /gome2b/offline/2025/03/10.
16:41:06 [10]: Processing /gome2b/offline/2025/03/10...
16:41:08 [6]: Finished: /gome2b/offline/2025/08/20.
16:41:10 [11]: Processing /gome2b/offline/2025/08/20...
16:41:10 [0]: Processed 240/365
16:41:13 [0]: Processed 241/365
16:41:17 [1]: Finished: /gome2b/offline/2025/01/27.
16:41:19 [10]: Processing /gome2b/offline/2025/01/27...
16:41:23 [4]: Finished: /gome2b/offline/2025/06/02.
16:41:23 [0]: Processed 242/365
16:41:23 [10]: Processing /gome2b/offline/2025/06/02...
16:41:26 [8]: Finished: /gome2b/offline/2025/11/09.
16:41:27 [0]: Processed 243/365
16:41:27 [10]: Processing /gome2b/offline/2025/11/09...
16:41:30 [0]: Processed 244/365
16:41:31 [3]: Finished: /gome2b/offline/2025/04/17.
16:41:31 [11]: Processing /gome2b/offline/2025/04/17...
16:41:35 [0]: Processed 245/365
16:41:38 [7]: Finished: /gome2b/offline/2025/09/27.
16:41:38 [11]: Processing /gome2b/offline/2025/09/27...
16:41:42 [5]: Finished: /gome2b/offline/2025/07/11.
16:41:42 [11]: Processing /gome2b/offline/2025/07/11...
16:41:42 [0]: Processed 246/365
16:41:46 [0]: Processed 247/365
16:41:47 [2]: Finished: /gome2b/offline/2025/03/11.
16:41:48 [10]: Processing /gome2b/offline/2025/03/11...
16:41:52 [9]: Finished: /gome2b/offline/2025/12/21.
16:41:52 [0]: Processed 248/365
16:41:52 [10]: Processing /gome2b/offline/2025/12/21...
16:41:56 [0]: Processed 249/365
16:42:01 [6]: Finished: /gome2b/offline/2025/08/21.
16:42:01 [1]: Finished: /gome2b/offline/2025/01/28.
16:42:01 [11]: Processing /gome2b/offline/2025/08/21...
16:42:02 [10]: Processing /gome2b/offline/2025/01/28...
16:42:03 [3]: Finished: /gome2b/offline/2025/04/18.
16:42:03 [8]: Finished: /gome2b/offline/2025/11/10.
16:42:05 [11]: Processing /gome2b/offline/2025/04/18...
16:42:05 [0]: Processed 250/365
16:42:06 [10]: Processing /gome2b/offline/2025/11/10...
16:42:06 [0]: Processed 251/365
16:42:09 [0]: Processed 252/365
16:42:10 [0]: Processed 253/365
16:42:18 [4]: Finished: /gome2b/offline/2025/06/03.
16:42:19 [10]: Processing /gome2b/offline/2025/06/03...
16:42:19 [2]: Finished: /gome2b/offline/2025/03/12.
16:42:21 [11]: Processing /gome2b/offline/2025/03/12...
16:42:23 [0]: Processed 254/365
16:42:25 [0]: Processed 255/365
16:42:31 [8]: Finished: /gome2b/offline/2025/11/11.
16:42:32 [10]: Processing /gome2b/offline/2025/11/11...
16:42:34 [3]: Finished: /gome2b/offline/2025/04/19.
16:42:35 [0]: Processed 256/365
16:42:35 [10]: Processing /gome2b/offline/2025/04/19...
16:42:38 [5]: Finished: /gome2b/offline/2025/07/12.
16:42:39 [0]: Processed 257/365
16:42:39 [10]: Processing /gome2b/offline/2025/07/12...
16:42:39 [6]: Finished: /gome2b/offline/2025/08/22.
16:42:40 [11]: Processing /gome2b/offline/2025/08/22...
16:42:41 [1]: Finished: /gome2b/offline/2025/01/29.
16:42:43 [0]: Processed 258/365
16:42:43 [10]: Processing /gome2b/offline/2025/01/29...
16:42:44 [0]: Processed 259/365
16:42:47 [7]: Finished: /gome2b/offline/2025/09/28.
16:42:47 [0]: Processed 260/365
16:42:47 [10]: Processing /gome2b/offline/2025/09/28...
16:42:51 [0]: Processed 261/365
16:43:03 [9]: Finished: /gome2b/offline/2025/12/22.
16:43:03 [5]: Finished: /gome2b/offline/2025/07/13.
16:43:05 [11]: Processing /gome2b/offline/2025/12/22...
16:43:06 [10]: Processing /gome2b/offline/2025/07/13...
16:43:08 [2]: Finished: /gome2b/offline/2025/03/13.
16:43:08 [0]: Processed 262/365
16:43:08 [11]: Processing /gome2b/offline/2025/03/13...
16:43:09 [0]: Processed 263/365
16:43:12 [0]: Processed 264/365
16:43:16 [1]: Finished: /gome2b/offline/2025/01/30.
16:43:17 [4]: Finished: /gome2b/offline/2025/06/04.
16:43:18 [10]: Processing /gome2b/offline/2025/01/30...
16:43:18 [11]: Processing /gome2b/offline/2025/06/04...
16:43:22 [0]: Processed 265/365
16:43:22 [0]: Processed 266/365
16:43:29 [8]: Finished: /gome2b/offline/2025/11/12.
16:43:30 [7]: Finished: /gome2b/offline/2025/09/29.
16:43:31 [11]: Processing /gome2b/offline/2025/11/12...
16:43:31 [10]: Processing /gome2b/offline/2025/09/29...
16:43:35 [0]: Processed 267/365
16:43:35 [0]: Processed 268/365
16:43:37 [3]: Finished: /gome2b/offline/2025/04/20.
16:43:38 [11]: Processing /gome2b/offline/2025/04/20...
16:43:41 [1]: Finished: /gome2b/offline/2025/01/31.
16:43:41 [10]: Processing /gome2b/offline/2025/01/31...
16:43:42 [0]: Processed 269/365
16:43:45 [0]: Processed 270/365
16:43:45 [6]: Finished: /gome2b/offline/2025/08/23.
16:43:48 [11]: Processing /gome2b/offline/2025/08/23...
16:43:48 [5]: Finished: /gome2b/offline/2025/07/14.
16:43:48 [10]: Processing /gome2b/offline/2025/07/14...
16:43:51 [0]: Processed 271/365
16:43:52 [0]: Processed 272/365
16:43:59 [9]: Finished: /gome2b/offline/2025/12/23.
16:44:00 [4]: Finished: /gome2b/offline/2025/06/05.
16:44:00 [11]: Processing /gome2b/offline/2025/12/23...
16:44:01 [10]: Processing /gome2b/offline/2025/06/05...
16:44:02 [7]: Finished: /gome2b/offline/2025/09/30.
16:44:04 [11]: Processing /gome2b/offline/2025/09/30...
16:44:04 [0]: Processed 273/365
16:44:05 [0]: Processed 274/365
16:44:06 [8]: Finished: /gome2b/offline/2025/11/13.
16:44:08 [10]: Processing /gome2b/offline/2025/11/13...
16:44:08 [0]: Processed 275/365
16:44:08 [3]: Finished: /gome2b/offline/2025/04/21.
16:44:11 [11]: Processing /gome2b/offline/2025/04/21...
16:44:11 [0]: Processed 276/365
16:44:14 [0]: Processed 277/365
16:44:16 [2]: Finished: /gome2b/offline/2025/03/14.
16:44:17 [10]: Processing /gome2b/offline/2025/03/14...
16:44:21 [0]: Processed 278/365
16:44:21 [5]: Finished: /gome2b/offline/2025/07/15.
16:44:23 [11]: Processing /gome2b/offline/2025/07/15...
16:44:27 [0]: Processed 279/365
16:44:39 [3]: Finished: /gome2b/offline/2025/04/22.
16:44:39 [10]: Processing /gome2b/offline/2025/04/22...
16:44:39 [8]: Finished: /gome2b/offline/2025/11/14.
16:44:42 [11]: Processing /gome2b/offline/2025/11/14...
16:44:43 [0]: Processed 280/365
16:44:45 [1]: Finished: /gome2b/offline/2025/02/01.
16:44:46 [10]: Processing /gome2b/offline/2025/02/01...
16:44:46 [0]: Processed 281/365
16:44:49 [0]: Processed 282/365
16:44:52 [9]: Finished: /gome2b/offline/2025/12/24.
16:44:52 [11]: Processing /gome2b/offline/2025/12/24...
16:44:54 [2]: Finished: /gome2b/offline/2025/03/15.
16:44:54 [4]: Finished: /gome2b/offline/2025/06/06.
16:44:55 [10]: Processing /gome2b/offline/2025/03/15...
16:44:56 [11]: Processing /gome2b/offline/2025/06/06...
16:44:56 [0]: Processed 283/365
16:44:59 [0]: Processed 284/365
16:45:00 [0]: Processed 285/365
16:45:04 [6]: Finished: /gome2b/offline/2025/08/24.
16:45:05 [10]: Processing /gome2b/offline/2025/08/24...
16:45:09 [8]: Finished: /gome2b/offline/2025/11/15.
16:45:09 [0]: Processed 286/365
16:45:09 [10]: Processing /gome2b/offline/2025/11/15...
16:45:13 [0]: Processed 287/365
16:45:16 [7]: Finished: /gome2b/offline/2025/10/01.
16:45:16 [10]: Processing /gome2b/offline/2025/10/01...
16:45:20 [0]: Processed 288/365
16:45:21 [9]: Finished: /gome2b/offline/2025/12/25.
16:45:23 [10]: Processing /gome2b/offline/2025/12/25...
16:45:26 [0]: Processed 289/365
16:45:35 [1]: Finished: /gome2b/offline/2025/02/02.
16:45:35 [10]: Processing /gome2b/offline/2025/02/02...
16:45:39 [0]: Processed 290/365
16:45:43 [8]: Finished: /gome2b/offline/2025/11/16.
16:45:44 [9]: Finished: /gome2b/offline/2025/12/26.
16:45:45 [11]: Processing /gome2b/offline/2025/11/16...
16:45:45 [10]: Processing /gome2b/offline/2025/12/26...
16:45:46 [5]: Finished: /gome2b/offline/2025/07/16.
16:45:48 [6]: Finished: /gome2b/offline/2025/08/25.
16:45:49 [11]: Processing /gome2b/offline/2025/07/16...
16:45:49 [0]: Processed 291/365
16:45:49 [10]: Processing /gome2b/offline/2025/08/25...
16:45:49 [0]: Processed 292/365
16:45:53 [0]: Processed 293/365
16:45:53 [0]: Processed 294/365
16:45:55 [4]: Finished: /gome2b/offline/2025/06/07.
16:45:56 [11]: Processing /gome2b/offline/2025/06/07...
16:45:56 [3]: Finished: /gome2b/offline/2025/04/23.
16:45:59 [2]: Finished: /gome2b/offline/2025/03/16.
16:45:59 [10]: Processing /gome2b/offline/2025/04/23...
16:46:00 [0]: Processed 295/365
16:46:00 [11]: Processing /gome2b/offline/2025/03/16...
16:46:03 [0]: Processed 296/365
16:46:04 [0]: Processed 297/365
16:46:09 [7]: Finished: /gome2b/offline/2025/10/02.
16:46:10 [11]: Processing /gome2b/offline/2025/10/02...
16:46:14 [0]: Processed 298/365
16:46:17 [5]: Finished: /gome2b/offline/2025/07/17.
16:46:18 [10]: Processing /gome2b/offline/2025/07/17...
16:46:20 [8]: Finished: /gome2b/offline/2025/11/17.
16:46:22 [0]: Processed 299/365
16:46:22 [10]: Processing /gome2b/offline/2025/11/17...
16:46:23 [6]: Finished: /gome2b/offline/2025/08/26.
16:46:25 [0]: Processed 300/365
16:46:25 [10]: Processing /gome2b/offline/2025/08/26...
16:46:29 [9]: Finished: /gome2b/offline/2025/12/27.
16:46:29 [10]: Processing /gome2b/offline/2025/12/27...
16:46:29 [0]: Processed 301/365
16:46:32 [1]: Finished: /gome2b/offline/2025/02/03.
16:46:33 [0]: Processed 302/365
16:46:33 [10]: Processing /gome2b/offline/2025/02/03...
16:46:36 [0]: Processed 303/365
16:46:40 [2]: Finished: /gome2b/offline/2025/03/17.
16:46:41 [11]: Processing /gome2b/offline/2025/03/17...
16:46:43 [4]: Finished: /gome2b/offline/2025/06/08.
16:46:44 [0]: Processed 304/365
16:46:44 [11]: Processing /gome2b/offline/2025/06/08...
16:46:48 [3]: Finished: /gome2b/offline/2025/04/24.
16:46:48 [10]: Processing /gome2b/offline/2025/04/24...
16:46:49 [0]: Processed 305/365
16:46:52 [0]: Processed 306/365
16:46:53 [8]: Finished: /gome2b/offline/2025/11/18.
16:46:55 [11]: Processing /gome2b/offline/2025/11/18...
16:46:58 [0]: Processed 307/365
16:47:09 [4]: Finished: /gome2b/offline/2025/06/09.
16:47:10 [10]: Processing /gome2b/offline/2025/06/09...
16:47:14 [0]: Processed 308/365
16:47:14 [9]: Finished: /gome2b/offline/2025/12/28.
16:47:14 [2]: Finished: /gome2b/offline/2025/03/18.
16:47:15 [7]: Finished: /gome2b/offline/2025/10/03.
16:47:16 [11]: Processing /gome2b/offline/2025/12/28...
16:47:17 [10]: Processing /gome2b/offline/2025/03/18...
16:47:20 [11]: Processing /gome2b/offline/2025/10/03...
16:47:20 [0]: Processed 309/365
16:47:21 [0]: Processed 310/365
16:47:24 [0]: Processed 311/365
16:47:27 [6]: Finished: /gome2b/offline/2025/08/27.
16:47:27 [11]: Processing /gome2b/offline/2025/08/27...
16:47:28 [5]: Finished: /gome2b/offline/2025/07/18.
16:47:29 [1]: Finished: /gome2b/offline/2025/02/04.
16:47:30 [10]: Processing /gome2b/offline/2025/07/18...
16:47:31 [11]: Processing /gome2b/offline/2025/02/04...
16:47:31 [0]: Processed 312/365
16:47:34 [0]: Processed 313/365
16:47:34 [0]: Processed 314/365
16:47:39 [7]: Finished: /gome2b/offline/2025/10/04.
16:47:40 [10]: Processing /gome2b/offline/2025/10/04...
16:47:41 [3]: Finished: /gome2b/offline/2025/04/25.
16:47:43 [10]: Processing /gome2b/offline/2025/04/25...
16:47:43 [0]: Processed 315/365
16:47:47 [0]: Processed 316/365
16:47:48 [6]: Finished: /gome2b/offline/2025/08/28.
16:47:49 [11]: Processing /gome2b/offline/2025/08/28...
16:47:53 [0]: Processed 317/365
16:47:55 [5]: Finished: /gome2b/offline/2025/07/19.
16:47:56 [11]: Processing /gome2b/offline/2025/07/19...
16:48:00 [0]: Processed 318/365
16:48:04 [8]: Finished: /gome2b/offline/2025/11/19.
16:48:05 [10]: Processing /gome2b/offline/2025/11/19...
16:48:09 [0]: Processed 319/365
16:48:11 [2]: Finished: /gome2b/offline/2025/03/19.
16:48:12 [11]: Processing /gome2b/offline/2025/03/19...
16:48:13 [9]: Finished: /gome2b/offline/2025/12/29.
16:48:15 [10]: Processing /gome2b/offline/2025/12/29...
16:48:15 [6]: Finished: /gome2b/offline/2025/08/29.
16:48:16 [0]: Processed 320/365
16:48:16 [11]: Processing /gome2b/offline/2025/08/29...
16:48:18 [1]: Finished: /gome2b/offline/2025/02/05.
16:48:19 [10]: Processing /gome2b/offline/2025/02/05...
16:48:19 [0]: Processed 321/365
16:48:20 [0]: Processed 322/365
16:48:23 [0]: Processed 323/365
16:48:28 [4]: Finished: /gome2b/offline/2025/06/10.
16:48:29 [11]: Processing /gome2b/offline/2025/06/10...
16:48:33 [0]: Processed 324/365
16:48:35 [5]: Finished: /gome2b/offline/2025/07/20.
16:48:35 [10]: Processing /gome2b/offline/2025/07/20...
16:48:36 [3]: Finished: /gome2b/offline/2025/04/26.
16:48:39 [11]: Processing /gome2b/offline/2025/04/26...
16:48:39 [0]: Processed 325/365
16:48:41 [8]: Finished: /gome2b/offline/2025/11/20.
16:48:42 [10]: Processing /gome2b/offline/2025/11/20...
16:48:42 [0]: Processed 326/365
16:48:46 [0]: Processed 327/365
16:48:46 [6]: Finished: /gome2b/offline/2025/08/30.
16:48:48 [9]: Finished: /gome2b/offline/2025/12/30.
16:48:48 [11]: Processing /gome2b/offline/2025/08/30...
16:48:49 [10]: Processing /gome2b/offline/2025/12/30...
16:48:52 [7]: Finished: /gome2b/offline/2025/10/05.
16:48:52 [0]: Processed 328/365
16:48:52 [11]: Processing /gome2b/offline/2025/10/05...
16:48:53 [0]: Processed 329/365
16:48:56 [0]: Processed 330/365
16:49:03 [2]: Finished: /gome2b/offline/2025/03/20.
16:49:05 [10]: Processing /gome2b/offline/2025/03/20...
16:49:06 [4]: Finished: /gome2b/offline/2025/06/11.
16:49:07 [6]: Finished: /gome2b/offline/2025/08/31.
16:49:08 [11]: Processing /gome2b/offline/2025/06/11...
16:49:08 [0]: Processed 331/365
16:49:08 [10]: Processing /gome2b/offline/2025/08/31...
16:49:12 [0]: Processed 332/365
16:49:12 [0]: Processed 333/365
16:49:18 [9]: Finished: /gome2b/offline/2025/12/31.
16:49:18 [9]: Closed FTP and signaled Rank 0.
16:49:18 [0]: A-worker retired (1/9)
16:49:18 [10]: Processing /gome2b/offline/2025/12/31...
16:49:19 [1]: Finished: /gome2b/offline/2025/02/06.
16:49:21 [11]: Processing /gome2b/offline/2025/02/06...
16:49:22 [0]: Processed 334/365
16:49:24 [0]: Processed 335/365
16:49:35 [2]: Finished: /gome2b/offline/2025/03/21.
16:49:36 [11]: Processing /gome2b/offline/2025/03/21...
16:49:37 [7]: Finished: /gome2b/offline/2025/10/06.
16:49:40 [10]: Processing /gome2b/offline/2025/10/06...
16:49:40 [8]: Finished: /gome2b/offline/2025/11/21.
16:49:40 [0]: Processed 336/365
16:49:40 [8]: Closed FTP and signaled Rank 0.
16:49:40 [0]: A-worker retired (2/9)
16:49:43 [11]: Processing /gome2b/offline/2025/11/21...
16:49:43 [3]: Finished: /gome2b/offline/2025/04/27.
16:49:44 [10]: Processing /gome2b/offline/2025/04/27...
16:49:44 [0]: Processed 337/365
16:49:47 [0]: Processed 338/365
16:49:47 [0]: Processed 339/365
16:49:48 [5]: Finished: /gome2b/offline/2025/07/21.
16:49:50 [6]: Finished: /gome2b/offline/2025/09/01.
16:49:50 [11]: Processing /gome2b/offline/2025/07/21...
16:49:50 [10]: Processing /gome2b/offline/2025/09/01...
16:49:51 [4]: Finished: /gome2b/offline/2025/06/12.
16:49:53 [1]: Finished: /gome2b/offline/2025/02/07.
16:49:54 [11]: Processing /gome2b/offline/2025/06/12...
16:49:54 [0]: Processed 340/365
16:49:54 [10]: Processing /gome2b/offline/2025/02/07...
16:49:54 [0]: Processed 341/365
16:49:58 [0]: Processed 342/365
16:49:58 [0]: Processed 343/365
16:50:03 [2]: Finished: /gome2b/offline/2025/03/22.
16:50:04 [11]: Processing /gome2b/offline/2025/03/22...
16:50:08 [0]: Processed 344/365
16:50:15 [5]: Finished: /gome2b/offline/2025/07/22.
16:50:16 [10]: Processing /gome2b/offline/2025/07/22...
16:50:19 [3]: Finished: /gome2b/offline/2025/04/28.
16:50:20 [0]: Processed 345/365
16:50:20 [10]: Processing /gome2b/offline/2025/04/28...
16:50:24 [0]: Processed 346/365
16:50:27 [7]: Finished: /gome2b/offline/2025/10/07.
16:50:29 [6]: Finished: /gome2b/offline/2025/09/02.
16:50:29 [6]: Closed FTP and signaled Rank 0.
16:50:29 [0]: A-worker retired (3/9)
16:50:30 [11]: Processing /gome2b/offline/2025/10/07...
16:50:30 [10]: Processing /gome2b/offline/2025/09/02...
16:50:33 [0]: Processed 347/365
16:50:34 [0]: Processed 348/365
16:50:36 [1]: Finished: /gome2b/offline/2025/02/08.
16:50:36 [10]: Processing /gome2b/offline/2025/02/08...
16:50:39 [2]: Finished: /gome2b/offline/2025/03/23.
16:50:39 [2]: Closed FTP and signaled Rank 0.
16:50:39 [0]: A-worker retired (4/9)
16:50:40 [11]: Processing /gome2b/offline/2025/03/23...
16:50:40 [0]: Processed 349/365
16:50:44 [0]: Processed 350/365
16:50:44 [5]: Finished: /gome2b/offline/2025/07/23.
16:50:45 [3]: Finished: /gome2b/offline/2025/04/29.
16:50:46 [10]: Processing /gome2b/offline/2025/07/23...
16:50:47 [11]: Processing /gome2b/offline/2025/04/29...
16:50:50 [0]: Processed 351/365
16:50:51 [0]: Processed 352/365
16:50:56 [1]: Finished: /gome2b/offline/2025/02/09.
16:50:56 [10]: Processing /gome2b/offline/2025/02/09...
16:51:00 [0]: Processed 353/365
16:51:08 [7]: Finished: /gome2b/offline/2025/10/08.
16:51:09 [11]: Processing /gome2b/offline/2025/10/08...
16:51:12 [5]: Finished: /gome2b/offline/2025/07/24.
16:51:12 [0]: Processed 354/365
16:51:12 [5]: Closed FTP and signaled Rank 0.
16:51:12 [0]: A-worker retired (5/9)
16:51:15 [4]: Finished: /gome2b/offline/2025/06/13.
16:51:15 [10]: Processing /gome2b/offline/2025/07/24...
16:51:15 [4]: Closed FTP and signaled Rank 0.
16:51:15 [0]: A-worker retired (6/9)
16:51:18 [1]: Finished: /gome2b/offline/2025/02/10.
16:51:18 [1]: Closed FTP and signaled Rank 0.
16:51:18 [0]: A-worker retired (7/9)
16:51:18 [11]: Processing /gome2b/offline/2025/06/13...
16:51:19 [0]: Processed 355/365
16:51:19 [10]: Processing /gome2b/offline/2025/02/10...
16:51:22 [3]: Finished: /gome2b/offline/2025/04/30.
16:51:22 [11]: Processing /gome2b/offline/2025/04/30...
16:51:22 [0]: Processed 356/365
16:51:23 [0]: Processed 357/365
16:51:27 [0]: Processed 358/365
16:51:33 [7]: Finished: /gome2b/offline/2025/10/09.
16:51:35 [10]: Processing /gome2b/offline/2025/10/09...
16:51:39 [0]: Processed 359/365
16:51:42 [3]: Finished: /gome2b/offline/2025/05/01.
16:51:45 [11]: Processing /gome2b/offline/2025/05/01...
16:51:49 [0]: Processed 360/365
16:51:57 [7]: Finished: /gome2b/offline/2025/10/10.
16:51:58 [11]: Processing /gome2b/offline/2025/10/10...
16:52:02 [0]: Processed 361/365
16:52:10 [3]: Finished: /gome2b/offline/2025/05/02.
16:52:11 [11]: Processing /gome2b/offline/2025/05/02...
16:52:15 [0]: Processed 362/365
16:52:17 [7]: Finished: /gome2b/offline/2025/10/11.
16:52:18 [11]: Processing /gome2b/offline/2025/10/11...
16:52:22 [0]: Processed 363/365
16:52:37 [3]: Finished: /gome2b/offline/2025/05/03.
16:52:37 [3]: Closed FTP and signaled Rank 0.
16:52:37 [0]: A-worker retired (8/9)
16:52:39 [10]: Processing /gome2b/offline/2025/05/03...
16:52:40 [7]: Finished: /gome2b/offline/2025/10/12.
16:52:40 [7]: Closed FTP and signaled Rank 0.
16:52:40 [0]: A-worker retired (9/9)
16:52:43 [11]: Processing /gome2b/offline/2025/10/12...
16:52:43 [0]: Processed 364/365
16:52:43 [10]: Received STOP signal. Exiting.
16:52:47 [11]: Received STOP signal. Exiting.
16:52:47 [0]: Processed 365/365
16:52:47 [0]: All workers finished. Breaking loop.
16:52:47 [0]: All tasks processed. Sending shutdown signal.
16:52:47 [0]: Merging 365 files into master CSV...
16:52:54 [0]: Cleanup complete. Master file saved.
<function now at 0x147bbd403d90> [0]: Total run duration: 2005.6797778606415 s
