21:05:44 [0]: Prepared 366 total daily links.
21:05:44 [2]: A-Worker received 41 days to fetch.
21:05:44 [0]: Orchestrator active. Pool is live.
21:05:44 [3]: A-Worker received 41 days to fetch.
21:05:44 [6]: A-Worker received 41 days to fetch.
21:05:44 [7]: A-Worker received 40 days to fetch.
21:05:44 [4]: A-Worker received 41 days to fetch.
21:05:44 [11]: B-Worker ready for processing.
21:05:44 [9]: A-Worker received 40 days to fetch.
21:05:44 [11]: B-Worker active.
21:05:44 [8]: A-Worker received 40 days to fetch.
21:05:44 [1]: A-Worker received 41 days to fetch.
21:05:44 [10]: B-Worker ready for processing.
21:05:44 [10]: B-Worker active.
21:05:44 [5]: A-Worker received 41 days to fetch.
21:05:44 [3]: FTP Connected.
21:05:44 [7]: FTP Connected.
21:05:44 [9]: FTP Connected.
21:05:44 [8]: FTP Connected.
21:05:44 [2]: FTP Connected.
21:05:44 [4]: FTP Connected.
21:05:44 [6]: FTP Connected.
21:05:44 [1]: FTP Connected.
21:05:44 [5]: FTP Connected.
21:06:10 [3]: Finished: /gome2b/offline/2020/03/23.
21:06:11 [11]: Processing /gome2b/offline/2020/03/23...
21:06:14 [0]: Processed 1/366
21:06:19 [4]: Finished: /gome2b/offline/2020/05/03.
21:06:20 [9]: Finished: /gome2b/offline/2020/11/22.
21:06:20 [10]: Processing /gome2b/offline/2020/05/03...
21:06:20 [11]: Processing /gome2b/offline/2020/11/22...
21:06:24 [0]: Processed 2/366
21:06:24 [0]: Processed 3/366
21:06:30 [1]: Finished: /gome2b/offline/2020/01/01.
21:06:33 [10]: Processing /gome2b/offline/2020/01/01...
21:06:36 [0]: Processed 4/366
21:06:39 [2]: Finished: /gome2b/offline/2020/02/11.
21:06:39 [11]: Processing /gome2b/offline/2020/02/11...
21:06:41 [7]: Finished: /gome2b/offline/2020/09/03.
21:06:42 [6]: Finished: /gome2b/offline/2020/07/24.
21:06:42 [10]: Processing /gome2b/offline/2020/09/03...
21:06:43 [0]: Processed 5/366
21:06:43 [11]: Processing /gome2b/offline/2020/07/24...
21:06:46 [0]: Processed 6/366
21:06:46 [0]: Processed 7/366
21:06:47 [3]: Finished: /gome2b/offline/2020/03/24.
21:06:49 [10]: Processing /gome2b/offline/2020/03/24...
21:06:52 [0]: Processed 8/366
21:06:53 [8]: Finished: /gome2b/offline/2020/10/13.
21:06:55 [5]: Finished: /gome2b/offline/2020/06/13.
21:06:55 [11]: Processing /gome2b/offline/2020/10/13...
21:06:55 [10]: Processing /gome2b/offline/2020/06/13...
21:06:59 [0]: Processed 9/366
21:06:59 [4]: Finished: /gome2b/offline/2020/05/04.
21:06:59 [0]: Processed 10/366
21:06:59 [10]: Processing /gome2b/offline/2020/05/04...
21:07:03 [0]: Processed 11/366
21:07:13 [9]: Finished: /gome2b/offline/2020/11/23.
21:07:14 [11]: Processing /gome2b/offline/2020/11/23...
21:07:17 [0]: Processed 12/366
21:07:20 [3]: Finished: /gome2b/offline/2020/03/25.
21:07:21 [10]: Processing /gome2b/offline/2020/03/25...
21:07:22 [5]: Finished: /gome2b/offline/2020/06/14.
21:07:23 [11]: Processing /gome2b/offline/2020/06/14...
21:07:24 [0]: Processed 13/366
21:07:26 [1]: Finished: /gome2b/offline/2020/01/02.
21:07:27 [11]: Processing /gome2b/offline/2020/01/02...
21:07:27 [0]: Processed 14/366
21:07:30 [9]: Finished: /gome2b/offline/2020/11/24.
21:07:30 [0]: Processed 15/366
21:07:30 [11]: Processing /gome2b/offline/2020/11/24...
21:07:32 [0]: Processed 16/366
21:07:37 [7]: Finished: /gome2b/offline/2020/09/04.
21:07:38 [11]: Processing /gome2b/offline/2020/09/04...
21:07:39 [8]: Finished: /gome2b/offline/2020/10/14.
21:07:39 [10]: Processing /gome2b/offline/2020/10/14...
21:07:41 [0]: Processed 17/366
21:07:43 [0]: Processed 18/366
21:07:43 [9]: Finished: /gome2b/offline/2020/11/25.
21:07:44 [11]: Processing /gome2b/offline/2020/11/25...
21:07:45 [6]: Finished: /gome2b/offline/2020/07/25.
21:07:46 [10]: Processing /gome2b/offline/2020/07/25...
21:07:46 [0]: Processed 19/366
21:07:50 [0]: Processed 20/366
21:07:50 [2]: Finished: /gome2b/offline/2020/02/12.
21:07:52 [11]: Processing /gome2b/offline/2020/02/12...
21:07:53 [5]: Finished: /gome2b/offline/2020/06/15.
21:07:56 [10]: Processing /gome2b/offline/2020/06/15...
21:07:56 [0]: Processed 21/366
21:07:59 [0]: Processed 22/366
21:08:01 [3]: Finished: /gome2b/offline/2020/03/26.
21:08:02 [10]: Processing /gome2b/offline/2020/03/26...
21:08:06 [0]: Processed 23/366
21:08:07 [9]: Finished: /gome2b/offline/2020/11/26.
21:08:08 [11]: Processing /gome2b/offline/2020/11/26...
21:08:10 [8]: Finished: /gome2b/offline/2020/10/15.
21:08:12 [0]: Processed 24/366
21:08:12 [11]: Processing /gome2b/offline/2020/10/15...
21:08:14 [1]: Finished: /gome2b/offline/2020/01/03.
21:08:15 [10]: Processing /gome2b/offline/2020/01/03...
21:08:15 [0]: Processed 25/366
21:08:18 [0]: Processed 26/366
21:08:19 [7]: Finished: /gome2b/offline/2020/09/05.
21:08:21 [4]: Finished: /gome2b/offline/2020/05/05.
21:08:21 [11]: Processing /gome2b/offline/2020/09/05...
21:08:21 [10]: Processing /gome2b/offline/2020/05/05...
21:08:25 [0]: Processed 27/366
21:08:25 [0]: Processed 28/366
21:08:31 [9]: Finished: /gome2b/offline/2020/11/27.
21:08:34 [10]: Processing /gome2b/offline/2020/11/27...
21:08:37 [0]: Processed 29/366
21:08:43 [3]: Finished: /gome2b/offline/2020/03/27.
21:08:43 [10]: Processing /gome2b/offline/2020/03/27...
21:08:45 [5]: Finished: /gome2b/offline/2020/06/16.
21:08:46 [11]: Processing /gome2b/offline/2020/06/16...
21:08:47 [0]: Processed 30/366
21:08:50 [0]: Processed 31/366
21:08:50 [1]: Finished: /gome2b/offline/2020/01/04.
21:08:53 [11]: Processing /gome2b/offline/2020/01/04...
21:08:54 [6]: Finished: /gome2b/offline/2020/07/26.
21:08:56 [10]: Processing /gome2b/offline/2020/07/26...
21:08:56 [0]: Processed 32/366
21:08:59 [0]: Processed 33/366
21:09:04 [2]: Finished: /gome2b/offline/2020/02/13.
21:09:05 [4]: Finished: /gome2b/offline/2020/05/06.
21:09:05 [11]: Processing /gome2b/offline/2020/02/13...
21:09:05 [10]: Processing /gome2b/offline/2020/05/06...
21:09:09 [0]: Processed 34/366
21:09:09 [0]: Processed 35/366
21:09:14 [8]: Finished: /gome2b/offline/2020/10/16.
21:09:15 [11]: Processing /gome2b/offline/2020/10/16...
21:09:18 [0]: Processed 36/366
21:09:18 [9]: Finished: /gome2b/offline/2020/11/28.
21:09:21 [10]: Processing /gome2b/offline/2020/11/28...
21:09:24 [0]: Processed 37/366
21:09:30 [3]: Finished: /gome2b/offline/2020/03/28.
21:09:33 [7]: Finished: /gome2b/offline/2020/09/06.
21:09:33 [11]: Processing /gome2b/offline/2020/03/28...
21:09:33 [10]: Processing /gome2b/offline/2020/09/06...
21:09:35 [4]: Finished: /gome2b/offline/2020/05/07.
21:09:36 [0]: Processed 38/366
21:09:36 [11]: Processing /gome2b/offline/2020/05/07...
21:09:37 [0]: Processed 39/366
21:09:40 [0]: Processed 40/366
21:09:44 [5]: Finished: /gome2b/offline/2020/06/17.
21:09:46 [11]: Processing /gome2b/offline/2020/06/17...
21:09:48 [8]: Finished: /gome2b/offline/2020/10/17.
21:09:49 [10]: Processing /gome2b/offline/2020/10/17...
21:09:49 [0]: Processed 41/366
21:09:52 [0]: Processed 42/366
21:09:53 [1]: Finished: /gome2b/offline/2020/01/05.
21:09:55 [2]: Finished: /gome2b/offline/2020/02/14.
21:09:55 [11]: Processing /gome2b/offline/2020/01/05...
21:09:55 [10]: Processing /gome2b/offline/2020/02/14...
21:09:59 [0]: Processed 43/366
21:09:59 [0]: Processed 44/366
21:10:02 [3]: Finished: /gome2b/offline/2020/03/29.
21:10:02 [10]: Processing /gome2b/offline/2020/03/29...
21:10:05 [0]: Processed 45/366
21:10:10 [9]: Finished: /gome2b/offline/2020/11/29.
21:10:11 [11]: Processing /gome2b/offline/2020/11/29...
21:10:14 [0]: Processed 46/366
21:10:19 [6]: Finished: /gome2b/offline/2020/07/27.
21:10:20 [10]: Processing /gome2b/offline/2020/07/27...
21:10:23 [4]: Finished: /gome2b/offline/2020/05/08.
21:10:23 [11]: Processing /gome2b/offline/2020/05/08...
21:10:24 [0]: Processed 47/366
21:10:25 [5]: Finished: /gome2b/offline/2020/06/18.
21:10:27 [10]: Processing /gome2b/offline/2020/06/18...
21:10:27 [0]: Processed 48/366
21:10:30 [0]: Processed 49/366
21:10:34 [7]: Finished: /gome2b/offline/2020/09/07.
21:10:36 [11]: Processing /gome2b/offline/2020/09/07...
21:10:37 [9]: Finished: /gome2b/offline/2020/11/30.
21:10:39 [10]: Processing /gome2b/offline/2020/11/30...
21:10:40 [0]: Processed 50/366
21:10:42 [0]: Processed 51/366
21:10:44 [8]: Finished: /gome2b/offline/2020/10/18.
21:10:45 [10]: Processing /gome2b/offline/2020/10/18...
21:10:49 [0]: Processed 52/366
21:10:49 [3]: Finished: /gome2b/offline/2020/03/30.
21:10:52 [11]: Processing /gome2b/offline/2020/03/30...
21:10:53 [6]: Finished: /gome2b/offline/2020/07/28.
21:10:55 [10]: Processing /gome2b/offline/2020/07/28...
21:10:55 [0]: Processed 53/366
21:10:58 [0]: Processed 54/366
21:11:02 [2]: Finished: /gome2b/offline/2020/02/15.
21:11:02 [1]: Finished: /gome2b/offline/2020/01/06.
21:11:04 [11]: Processing /gome2b/offline/2020/02/15...
21:11:04 [10]: Processing /gome2b/offline/2020/01/06...
21:11:08 [0]: Processed 55/366
21:11:08 [0]: Processed 56/366
21:11:12 [9]: Finished: /gome2b/offline/2020/12/01.
21:11:14 [11]: Processing /gome2b/offline/2020/12/01...
21:11:16 [3]: Finished: /gome2b/offline/2020/03/31.
21:11:17 [10]: Processing /gome2b/offline/2020/03/31...
21:11:17 [0]: Processed 57/366
21:11:21 [0]: Processed 58/366
21:11:21 [6]: Finished: /gome2b/offline/2020/07/29.
21:11:23 [11]: Processing /gome2b/offline/2020/07/29...
21:11:27 [0]: Processed 59/366
21:11:29 [4]: Finished: /gome2b/offline/2020/05/09.
21:11:30 [10]: Processing /gome2b/offline/2020/05/09...
21:11:33 [0]: Processed 60/366
21:11:35 [1]: Finished: /gome2b/offline/2020/01/07.
21:11:36 [11]: Processing /gome2b/offline/2020/01/07...
21:11:39 [0]: Processed 61/366
21:11:46 [7]: Finished: /gome2b/offline/2020/09/08.
21:11:48 [5]: Finished: /gome2b/offline/2020/06/19.
21:11:48 [11]: Processing /gome2b/offline/2020/09/08...
21:11:48 [9]: Finished: /gome2b/offline/2020/12/02.
21:11:48 [10]: Processing /gome2b/offline/2020/06/19...
21:11:52 [11]: Processing /gome2b/offline/2020/12/02...
21:11:52 [0]: Processed 62/366
21:11:52 [0]: Processed 63/366
21:11:53 [8]: Finished: /gome2b/offline/2020/10/19.
21:11:55 [10]: Processing /gome2b/offline/2020/10/19...
21:11:55 [0]: Processed 64/366
21:11:55 [4]: Finished: /gome2b/offline/2020/05/10.
21:11:58 [11]: Processing /gome2b/offline/2020/05/10...
21:11:58 [0]: Processed 65/366
21:12:01 [0]: Processed 66/366
21:12:08 [1]: Finished: /gome2b/offline/2020/01/08.
21:12:10 [10]: Processing /gome2b/offline/2020/01/08...
21:12:10 [6]: Finished: /gome2b/offline/2020/07/30.
21:12:13 [11]: Processing /gome2b/offline/2020/07/30...
21:12:14 [0]: Processed 67/366
21:12:15 [3]: Finished: /gome2b/offline/2020/04/01.
21:12:17 [10]: Processing /gome2b/offline/2020/04/01...
21:12:17 [0]: Processed 68/366
21:12:20 [0]: Processed 69/366
21:12:28 [2]: Finished: /gome2b/offline/2020/02/16.
21:12:29 [10]: Processing /gome2b/offline/2020/02/16...
21:12:32 [8]: Finished: /gome2b/offline/2020/10/20.
21:12:32 [11]: Processing /gome2b/offline/2020/10/20...
21:12:33 [0]: Processed 70/366
21:12:34 [5]: Finished: /gome2b/offline/2020/06/20.
21:12:36 [10]: Processing /gome2b/offline/2020/06/20...
21:12:36 [0]: Processed 71/366
21:12:36 [4]: Finished: /gome2b/offline/2020/05/11.
21:12:39 [11]: Processing /gome2b/offline/2020/05/11...
21:12:39 [0]: Processed 72/366
21:12:42 [0]: Processed 73/366
21:13:00 [1]: Finished: /gome2b/offline/2020/01/09.
21:13:00 [10]: Processing /gome2b/offline/2020/01/09...
21:13:02 [5]: Finished: /gome2b/offline/2020/06/21.
21:13:03 [11]: Processing /gome2b/offline/2020/06/21...
21:13:04 [0]: Processed 74/366
21:13:06 [3]: Finished: /gome2b/offline/2020/04/02.
21:13:07 [9]: Finished: /gome2b/offline/2020/12/03.
21:13:07 [10]: Processing /gome2b/offline/2020/04/02...
21:13:07 [7]: Finished: /gome2b/offline/2020/09/09.
21:13:07 [0]: Processed 75/366
21:13:07 [11]: Processing /gome2b/offline/2020/12/03...
21:13:10 [0]: Processed 76/366
21:13:10 [10]: Processing /gome2b/offline/2020/09/09...
21:13:11 [0]: Processed 77/366
21:13:12 [2]: Finished: /gome2b/offline/2020/02/17.
21:13:12 [8]: Finished: /gome2b/offline/2020/10/21.
21:13:14 [10]: Processing /gome2b/offline/2020/02/17...
21:13:14 [0]: Processed 78/366
21:13:14 [11]: Processing /gome2b/offline/2020/10/21...
21:13:15 [6]: Finished: /gome2b/offline/2020/07/31.
21:13:17 [10]: Processing /gome2b/offline/2020/07/31...
21:13:17 [0]: Processed 79/366
21:13:17 [0]: Processed 80/366
21:13:21 [0]: Processed 81/366
21:13:30 [1]: Finished: /gome2b/offline/2020/01/10.
21:13:32 [11]: Processing /gome2b/offline/2020/01/10...
21:13:36 [0]: Processed 82/366
21:13:42 [2]: Finished: /gome2b/offline/2020/02/18.
21:13:42 [10]: Processing /gome2b/offline/2020/02/18...
21:13:45 [0]: Processed 83/366
21:13:47 [4]: Finished: /gome2b/offline/2020/05/12.
21:13:48 [11]: Processing /gome2b/offline/2020/05/12...
21:13:51 [0]: Processed 84/366
21:13:54 [9]: Finished: /gome2b/offline/2020/12/04.
21:13:56 [6]: Finished: /gome2b/offline/2020/08/01.
21:13:57 [10]: Processing /gome2b/offline/2020/12/04...
21:13:57 [11]: Processing /gome2b/offline/2020/08/01...
21:14:01 [0]: Processed 85/366
21:14:01 [5]: Finished: /gome2b/offline/2020/06/22.
21:14:01 [0]: Processed 86/366
21:14:04 [10]: Processing /gome2b/offline/2020/06/22...
21:14:06 [8]: Finished: /gome2b/offline/2020/10/22.
21:14:07 [11]: Processing /gome2b/offline/2020/10/22...
21:14:07 [3]: Finished: /gome2b/offline/2020/04/03.
21:14:07 [0]: Processed 87/366
21:14:07 [10]: Processing /gome2b/offline/2020/04/03...
21:14:09 [7]: Finished: /gome2b/offline/2020/09/10.
21:14:10 [0]: Processed 88/366
21:14:10 [11]: Processing /gome2b/offline/2020/09/10...
21:14:11 [0]: Processed 89/366
21:14:14 [0]: Processed 90/366
21:14:18 [1]: Finished: /gome2b/offline/2020/01/11.
21:14:20 [10]: Processing /gome2b/offline/2020/01/11...
21:14:23 [0]: Processed 91/366
21:14:31 [2]: Finished: /gome2b/offline/2020/02/19.
21:14:32 [11]: Processing /gome2b/offline/2020/02/19...
21:14:34 [9]: Finished: /gome2b/offline/2020/12/05.
21:14:35 [10]: Processing /gome2b/offline/2020/12/05...
21:14:35 [0]: Processed 92/366
21:14:37 [4]: Finished: /gome2b/offline/2020/05/13.
21:14:38 [11]: Processing /gome2b/offline/2020/05/13...
21:14:39 [0]: Processed 93/366
21:14:42 [0]: Processed 94/366
21:14:44 [6]: Finished: /gome2b/offline/2020/08/02.
21:14:45 [10]: Processing /gome2b/offline/2020/08/02...
21:14:46 [8]: Finished: /gome2b/offline/2020/10/23.
21:14:48 [11]: Processing /gome2b/offline/2020/10/23...
21:14:48 [0]: Processed 95/366
21:14:51 [0]: Processed 96/366
21:15:04 [3]: Finished: /gome2b/offline/2020/04/04.
21:15:06 [5]: Finished: /gome2b/offline/2020/06/23.
21:15:06 [10]: Processing /gome2b/offline/2020/04/04...
21:15:06 [11]: Processing /gome2b/offline/2020/06/23...
21:15:10 [0]: Processed 97/366
21:15:10 [0]: Processed 98/366
21:15:12 [4]: Finished: /gome2b/offline/2020/05/14.
21:15:13 [10]: Processing /gome2b/offline/2020/05/14...
21:15:16 [0]: Processed 99/366
21:15:17 [7]: Finished: /gome2b/offline/2020/09/11.
21:15:19 [11]: Processing /gome2b/offline/2020/09/11...
21:15:23 [0]: Processed 100/366
21:15:24 [1]: Finished: /gome2b/offline/2020/01/12.
21:15:25 [6]: Finished: /gome2b/offline/2020/08/03.
21:15:25 [10]: Processing /gome2b/offline/2020/01/12...
21:15:26 [11]: Processing /gome2b/offline/2020/08/03...
21:15:28 [0]: Processed 101/366
21:15:29 [0]: Processed 102/366
21:15:30 [3]: Finished: /gome2b/offline/2020/04/05.
21:15:31 [10]: Processing /gome2b/offline/2020/04/05...
21:15:32 [8]: Finished: /gome2b/offline/2020/10/24.
21:15:32 [11]: Processing /gome2b/offline/2020/10/24...
21:15:35 [0]: Processed 103/366
21:15:36 [0]: Processed 104/366
21:15:41 [9]: Finished: /gome2b/offline/2020/12/06.
21:15:41 [10]: Processing /gome2b/offline/2020/12/06...
21:15:41 [5]: Finished: /gome2b/offline/2020/06/24.
21:15:42 [11]: Processing /gome2b/offline/2020/06/24...
21:15:44 [2]: Finished: /gome2b/offline/2020/02/20.
21:15:45 [10]: Processing /gome2b/offline/2020/02/20...
21:15:45 [0]: Processed 105/366
21:15:45 [0]: Processed 106/366
21:15:48 [0]: Processed 107/366
21:16:05 [7]: Finished: /gome2b/offline/2020/09/12.
21:16:06 [10]: Processing /gome2b/offline/2020/09/12...
21:16:07 [8]: Finished: /gome2b/offline/2020/10/25.
21:16:08 [4]: Finished: /gome2b/offline/2020/05/15.
21:16:09 [6]: Finished: /gome2b/offline/2020/08/04.
21:16:09 [11]: Processing /gome2b/offline/2020/10/25...
21:16:09 [10]: Processing /gome2b/offline/2020/05/15...
21:16:09 [0]: Processed 108/366
21:16:13 [10]: Processing /gome2b/offline/2020/08/04...
21:16:13 [0]: Processed 109/366
21:16:13 [0]: Processed 110/366
21:16:15 [1]: Finished: /gome2b/offline/2020/01/13.
21:16:16 [11]: Processing /gome2b/offline/2020/01/13...
21:16:17 [0]: Processed 111/366
21:16:17 [9]: Finished: /gome2b/offline/2020/12/07.
21:16:19 [11]: Processing /gome2b/offline/2020/12/07...
21:16:19 [0]: Processed 112/366
21:16:23 [0]: Processed 113/366
21:16:29 [3]: Finished: /gome2b/offline/2020/04/06.
21:16:32 [10]: Processing /gome2b/offline/2020/04/06...
21:16:35 [0]: Processed 114/366
21:16:46 [7]: Finished: /gome2b/offline/2020/09/13.
21:16:47 [11]: Processing /gome2b/offline/2020/09/13...
21:16:50 [2]: Finished: /gome2b/offline/2020/02/21.
21:16:50 [10]: Processing /gome2b/offline/2020/02/21...
21:16:50 [0]: Processed 115/366
21:16:53 [4]: Finished: /gome2b/offline/2020/05/16.
21:16:53 [11]: Processing /gome2b/offline/2020/05/16...
21:16:54 [0]: Processed 116/366
21:16:55 [1]: Finished: /gome2b/offline/2020/01/14.
21:16:57 [10]: Processing /gome2b/offline/2020/01/14...
21:16:57 [0]: Processed 117/366
21:16:57 [5]: Finished: /gome2b/offline/2020/06/25.
21:16:58 [6]: Finished: /gome2b/offline/2020/08/05.
21:17:00 [11]: Processing /gome2b/offline/2020/06/25...
21:17:00 [0]: Processed 118/366
21:17:00 [10]: Processing /gome2b/offline/2020/08/05...
21:17:03 [9]: Finished: /gome2b/offline/2020/12/08.
21:17:03 [11]: Processing /gome2b/offline/2020/12/08...
21:17:03 [0]: Processed 119/366
21:17:03 [0]: Processed 120/366
21:17:07 [0]: Processed 121/366
21:17:10 [3]: Finished: /gome2b/offline/2020/04/07.
21:17:10 [11]: Processing /gome2b/offline/2020/04/07...
21:17:13 [8]: Finished: /gome2b/offline/2020/10/26.
21:17:13 [11]: Processing /gome2b/offline/2020/10/26...
21:17:13 [0]: Processed 122/366
21:17:17 [0]: Processed 123/366
21:17:25 [4]: Finished: /gome2b/offline/2020/05/17.
21:17:26 [11]: Processing /gome2b/offline/2020/05/17...
21:17:29 [0]: Processed 124/366
21:17:31 [7]: Finished: /gome2b/offline/2020/09/14.
21:17:32 [11]: Processing /gome2b/offline/2020/09/14...
21:17:36 [0]: Processed 125/366
21:17:43 [9]: Finished: /gome2b/offline/2020/12/09.
21:17:45 [11]: Processing /gome2b/offline/2020/12/09...
21:17:45 [3]: Finished: /gome2b/offline/2020/04/08.
21:17:46 [10]: Processing /gome2b/offline/2020/04/08...
21:17:48 [0]: Processed 126/366
21:17:49 [0]: Processed 127/366
21:17:49 [5]: Finished: /gome2b/offline/2020/06/26.
21:17:51 [11]: Processing /gome2b/offline/2020/06/26...
21:17:53 [2]: Finished: /gome2b/offline/2020/02/22.
21:17:54 [6]: Finished: /gome2b/offline/2020/08/06.
21:17:55 [11]: Processing /gome2b/offline/2020/02/22...
21:17:55 [0]: Processed 128/366
21:17:55 [10]: Processing /gome2b/offline/2020/08/06...
21:17:59 [0]: Processed 129/366
21:17:59 [0]: Processed 130/366
21:18:10 [1]: Finished: /gome2b/offline/2020/01/15.
21:18:11 [10]: Processing /gome2b/offline/2020/01/15...
21:18:14 [0]: Processed 131/366
21:18:17 [9]: Finished: /gome2b/offline/2020/12/10.
21:18:17 [10]: Processing /gome2b/offline/2020/12/10...
21:18:19 [4]: Finished: /gome2b/offline/2020/05/18.
21:18:20 [11]: Processing /gome2b/offline/2020/05/18...
21:18:20 [0]: Processed 132/366
21:18:22 [7]: Finished: /gome2b/offline/2020/09/15.
21:18:23 [5]: Finished: /gome2b/offline/2020/06/27.
21:18:23 [0]: Processed 133/366
21:18:23 [11]: Processing /gome2b/offline/2020/09/15...
21:18:23 [10]: Processing /gome2b/offline/2020/06/27...
21:18:27 [3]: Finished: /gome2b/offline/2020/04/09.
21:18:27 [0]: Processed 134/366
21:18:27 [11]: Processing /gome2b/offline/2020/04/09...
21:18:27 [0]: Processed 135/366
21:18:27 [2]: Finished: /gome2b/offline/2020/02/23.
21:18:30 [10]: Processing /gome2b/offline/2020/02/23...
21:18:30 [0]: Processed 136/366
21:18:31 [8]: Finished: /gome2b/offline/2020/10/27.
21:18:33 [10]: Processing /gome2b/offline/2020/10/27...
21:18:33 [0]: Processed 137/366
21:18:36 [0]: Processed 138/366
21:18:47 [6]: Finished: /gome2b/offline/2020/08/07.
21:18:48 [11]: Processing /gome2b/offline/2020/08/07...
21:18:52 [0]: Processed 139/366
21:18:57 [9]: Finished: /gome2b/offline/2020/12/11.
21:18:58 [10]: Processing /gome2b/offline/2020/12/11...
21:18:59 [4]: Finished: /gome2b/offline/2020/05/19.
21:19:01 [11]: Processing /gome2b/offline/2020/05/19...
21:19:01 [0]: Processed 140/366
21:19:01 [8]: Finished: /gome2b/offline/2020/10/28.
21:19:01 [1]: Finished: /gome2b/offline/2020/01/16.
21:19:04 [10]: Processing /gome2b/offline/2020/10/28...
21:19:04 [0]: Processed 141/366
21:19:04 [11]: Processing /gome2b/offline/2020/01/16...
21:19:06 [3]: Finished: /gome2b/offline/2020/04/10.
21:19:07 [10]: Processing /gome2b/offline/2020/04/10...
21:19:07 [0]: Processed 142/366
21:19:08 [5]: Finished: /gome2b/offline/2020/06/28.
21:19:08 [11]: Processing /gome2b/offline/2020/06/28...
21:19:08 [0]: Processed 143/366
21:19:11 [0]: Processed 144/366
21:19:11 [0]: Processed 145/366
21:19:18 [2]: Finished: /gome2b/offline/2020/02/24.
21:19:20 [10]: Processing /gome2b/offline/2020/02/24...
21:19:24 [0]: Processed 146/366
21:19:31 [8]: Finished: /gome2b/offline/2020/10/29.
21:19:32 [11]: Processing /gome2b/offline/2020/10/29...
21:19:33 [4]: Finished: /gome2b/offline/2020/05/20.
21:19:36 [10]: Processing /gome2b/offline/2020/05/20...
21:19:36 [0]: Processed 147/366
21:19:39 [0]: Processed 148/366
21:19:42 [7]: Finished: /gome2b/offline/2020/09/16.
21:19:42 [10]: Processing /gome2b/offline/2020/09/16...
21:19:45 [0]: Processed 149/366
21:19:47 [5]: Finished: /gome2b/offline/2020/06/29.
21:19:47 [3]: Finished: /gome2b/offline/2020/04/11.
21:19:48 [1]: Finished: /gome2b/offline/2020/01/17.
21:19:48 [11]: Processing /gome2b/offline/2020/06/29...
21:19:48 [10]: Processing /gome2b/offline/2020/04/11...
21:19:51 [0]: Processed 150/366
21:19:51 [11]: Processing /gome2b/offline/2020/01/17...
21:19:52 [0]: Processed 151/366
21:19:52 [6]: Finished: /gome2b/offline/2020/08/08.
21:19:55 [11]: Processing /gome2b/offline/2020/08/08...
21:19:55 [0]: Processed 152/366
21:19:59 [0]: Processed 153/366
21:20:01 [9]: Finished: /gome2b/offline/2020/12/12.
21:20:01 [10]: Processing /gome2b/offline/2020/12/12...
21:20:04 [0]: Processed 154/366
21:20:12 [2]: Finished: /gome2b/offline/2020/02/25.
21:20:13 [10]: Processing /gome2b/offline/2020/02/25...
21:20:15 [6]: Finished: /gome2b/offline/2020/08/09.
21:20:17 [11]: Processing /gome2b/offline/2020/08/09...
21:20:17 [0]: Processed 155/366
21:20:20 [0]: Processed 156/366
21:20:23 [1]: Finished: /gome2b/offline/2020/01/18.
21:20:23 [10]: Processing /gome2b/offline/2020/01/18...
21:20:23 [7]: Finished: /gome2b/offline/2020/09/17.
21:20:23 [4]: Finished: /gome2b/offline/2020/05/21.
21:20:26 [11]: Processing /gome2b/offline/2020/09/17...
21:20:26 [0]: Processed 157/366
21:20:26 [10]: Processing /gome2b/offline/2020/05/21...
21:20:30 [0]: Processed 158/366
21:20:30 [0]: Processed 159/366
21:20:50 [2]: Finished: /gome2b/offline/2020/02/26.
21:20:51 [11]: Processing /gome2b/offline/2020/02/26...
21:20:53 [8]: Finished: /gome2b/offline/2020/10/30.
21:20:54 [10]: Processing /gome2b/offline/2020/10/30...
21:20:54 [0]: Processed 160/366
21:20:58 [9]: Finished: /gome2b/offline/2020/12/13.
21:20:58 [0]: Processed 161/366
21:20:58 [10]: Processing /gome2b/offline/2020/12/13...
21:21:00 [1]: Finished: /gome2b/offline/2020/01/19.
21:21:01 [3]: Finished: /gome2b/offline/2020/04/12.
21:21:01 [10]: Processing /gome2b/offline/2020/01/19...
21:21:01 [0]: Processed 162/366
21:21:03 [5]: Finished: /gome2b/offline/2020/06/30.
21:21:03 [11]: Processing /gome2b/offline/2020/04/12...
21:21:05 [10]: Processing /gome2b/offline/2020/06/30...
21:21:05 [0]: Processed 163/366
21:21:07 [0]: Processed 164/366
21:21:07 [7]: Finished: /gome2b/offline/2020/09/18.
21:21:09 [0]: Processed 165/366
21:21:09 [10]: Processing /gome2b/offline/2020/09/18...
21:21:09 [4]: Finished: /gome2b/offline/2020/05/22.
21:21:10 [11]: Processing /gome2b/offline/2020/05/22...
21:21:11 [6]: Finished: /gome2b/offline/2020/08/10.
21:21:12 [10]: Processing /gome2b/offline/2020/08/10...
21:21:12 [0]: Processed 166/366
21:21:13 [0]: Processed 167/366
21:21:15 [0]: Processed 168/366
21:21:26 [2]: Finished: /gome2b/offline/2020/02/27.
21:21:27 [10]: Processing /gome2b/offline/2020/02/27...
21:21:31 [0]: Processed 169/366
21:21:42 [3]: Finished: /gome2b/offline/2020/04/13.
21:21:43 [10]: Processing /gome2b/offline/2020/04/13...
21:21:46 [5]: Finished: /gome2b/offline/2020/07/01.
21:21:46 [10]: Processing /gome2b/offline/2020/07/01...
21:21:46 [0]: Processed 170/366
21:21:50 [0]: Processed 171/366
21:21:53 [8]: Finished: /gome2b/offline/2020/10/31.
21:21:55 [11]: Processing /gome2b/offline/2020/10/31...
21:21:57 [7]: Finished: /gome2b/offline/2020/09/19.
21:21:59 [10]: Processing /gome2b/offline/2020/09/19...
21:21:59 [0]: Processed 172/366
21:21:59 [1]: Finished: /gome2b/offline/2020/01/20.
21:22:01 [9]: Finished: /gome2b/offline/2020/12/14.
21:22:02 [11]: Processing /gome2b/offline/2020/01/20...
21:22:02 [10]: Processing /gome2b/offline/2020/12/14...
21:22:02 [0]: Processed 173/366
21:22:05 [6]: Finished: /gome2b/offline/2020/08/11.
21:22:05 [11]: Processing /gome2b/offline/2020/08/11...
21:22:05 [0]: Processed 174/366
21:22:06 [0]: Processed 175/366
21:22:09 [0]: Processed 176/366
21:22:09 [4]: Finished: /gome2b/offline/2020/05/23.
21:22:10 [2]: Finished: /gome2b/offline/2020/02/28.
21:22:12 [10]: Processing /gome2b/offline/2020/05/23...
21:22:12 [11]: Processing /gome2b/offline/2020/02/28...
21:22:15 [0]: Processed 177/366
21:22:15 [0]: Processed 178/366
21:22:22 [5]: Finished: /gome2b/offline/2020/07/02.
21:22:24 [10]: Processing /gome2b/offline/2020/07/02...
21:22:28 [0]: Processed 179/366
21:22:32 [8]: Finished: /gome2b/offline/2020/11/01.
21:22:33 [11]: Processing /gome2b/offline/2020/11/01...
21:22:37 [0]: Processed 180/366
21:22:37 [9]: Finished: /gome2b/offline/2020/12/15.
21:22:40 [11]: Processing /gome2b/offline/2020/12/15...
21:22:43 [0]: Processed 181/366
21:22:43 [6]: Finished: /gome2b/offline/2020/08/12.
21:22:46 [10]: Processing /gome2b/offline/2020/08/12...
21:22:48 [5]: Finished: /gome2b/offline/2020/07/03.
21:22:49 [7]: Finished: /gome2b/offline/2020/09/20.
21:22:49 [11]: Processing /gome2b/offline/2020/07/03...
21:22:49 [10]: Processing /gome2b/offline/2020/09/20...
21:22:49 [0]: Processed 182/366
21:22:53 [0]: Processed 183/366
21:22:53 [0]: Processed 184/366
21:22:58 [4]: Finished: /gome2b/offline/2020/05/24.
21:22:58 [3]: Finished: /gome2b/offline/2020/04/14.
21:22:59 [11]: Processing /gome2b/offline/2020/05/24...
21:22:59 [10]: Processing /gome2b/offline/2020/04/14...
21:23:02 [0]: Processed 185/366
21:23:02 [0]: Processed 186/366
21:23:04 [1]: Finished: /gome2b/offline/2020/01/21.
21:23:05 [11]: Processing /gome2b/offline/2020/01/21...
21:23:06 [2]: Finished: /gome2b/offline/2020/02/29.
21:23:08 [10]: Processing /gome2b/offline/2020/02/29...
21:23:09 [0]: Processed 187/366
21:23:12 [0]: Processed 188/366
21:23:16 [6]: Finished: /gome2b/offline/2020/08/13.
21:23:18 [11]: Processing /gome2b/offline/2020/08/13...
21:23:21 [0]: Processed 189/366
21:23:25 [5]: Finished: /gome2b/offline/2020/07/04.
21:23:27 [10]: Processing /gome2b/offline/2020/07/04...
21:23:30 [0]: Processed 190/366
21:23:35 [4]: Finished: /gome2b/offline/2020/05/25.
21:23:36 [10]: Processing /gome2b/offline/2020/05/25...
21:23:36 [7]: Finished: /gome2b/offline/2020/09/21.
21:23:36 [11]: Processing /gome2b/offline/2020/09/21...
21:23:38 [9]: Finished: /gome2b/offline/2020/12/16.
21:23:40 [10]: Processing /gome2b/offline/2020/12/16...
21:23:40 [0]: Processed 191/366
21:23:40 [0]: Processed 192/366
21:23:41 [1]: Finished: /gome2b/offline/2020/01/22.
21:23:43 [11]: Processing /gome2b/offline/2020/01/22...
21:23:43 [0]: Processed 193/366
21:23:44 [8]: Finished: /gome2b/offline/2020/11/02.
21:23:46 [10]: Processing /gome2b/offline/2020/11/02...
21:23:47 [0]: Processed 194/366
21:23:50 [0]: Processed 195/366
21:23:50 [2]: Finished: /gome2b/offline/2020/03/01.
21:23:53 [11]: Processing /gome2b/offline/2020/03/01...
21:23:54 [3]: Finished: /gome2b/offline/2020/04/15.
21:23:56 [10]: Processing /gome2b/offline/2020/04/15...
21:23:56 [0]: Processed 196/366
21:23:59 [0]: Processed 197/366
21:24:12 [7]: Finished: /gome2b/offline/2020/09/22.
21:24:14 [11]: Processing /gome2b/offline/2020/09/22...
21:24:18 [0]: Processed 198/366
21:24:18 [8]: Finished: /gome2b/offline/2020/11/03.
21:24:20 [10]: Processing /gome2b/offline/2020/11/03...
21:24:20 [1]: Finished: /gome2b/offline/2020/01/23.
21:24:21 [11]: Processing /gome2b/offline/2020/01/23...
21:24:21 [4]: Finished: /gome2b/offline/2020/05/26.
21:24:24 [0]: Processed 199/366
21:24:24 [10]: Processing /gome2b/offline/2020/05/26...
21:24:24 [0]: Processed 200/366
21:24:24 [5]: Finished: /gome2b/offline/2020/07/05.
21:24:27 [11]: Processing /gome2b/offline/2020/07/05...
21:24:27 [0]: Processed 201/366
21:24:28 [6]: Finished: /gome2b/offline/2020/08/14.
21:24:30 [10]: Processing /gome2b/offline/2020/08/14...
21:24:31 [0]: Processed 202/366
21:24:34 [0]: Processed 203/366
21:24:35 [9]: Finished: /gome2b/offline/2020/12/17.
21:24:37 [10]: Processing /gome2b/offline/2020/12/17...
21:24:37 [2]: Finished: /gome2b/offline/2020/03/02.
21:24:40 [11]: Processing /gome2b/offline/2020/03/02...
21:24:40 [0]: Processed 204/366
21:24:44 [0]: Processed 205/366
21:24:45 [3]: Finished: /gome2b/offline/2020/04/16.
21:24:46 [10]: Processing /gome2b/offline/2020/04/16...
21:24:50 [0]: Processed 206/366
21:25:03 [7]: Finished: /gome2b/offline/2020/09/23.
21:25:05 [11]: Processing /gome2b/offline/2020/09/23...
21:25:07 [1]: Finished: /gome2b/offline/2020/01/24.
21:25:08 [0]: Processed 207/366
21:25:08 [11]: Processing /gome2b/offline/2020/01/24...
21:25:11 [0]: Processed 208/366
21:25:16 [2]: Finished: /gome2b/offline/2020/03/03.
21:25:17 [10]: Processing /gome2b/offline/2020/03/03...
21:25:20 [0]: Processed 209/366
21:25:20 [6]: Finished: /gome2b/offline/2020/08/15.
21:25:21 [8]: Finished: /gome2b/offline/2020/11/04.
21:25:23 [10]: Processing /gome2b/offline/2020/08/15...
21:25:23 [11]: Processing /gome2b/offline/2020/11/04...
21:25:23 [9]: Finished: /gome2b/offline/2020/12/18.
21:25:24 [5]: Finished: /gome2b/offline/2020/07/06.
21:25:26 [4]: Finished: /gome2b/offline/2020/05/27.
21:25:26 [10]: Processing /gome2b/offline/2020/12/18...
21:25:26 [0]: Processed 210/366
21:25:27 [0]: Processed 211/366
21:25:27 [11]: Processing /gome2b/offline/2020/07/06...
21:25:30 [0]: Processed 212/366
21:25:30 [10]: Processing /gome2b/offline/2020/05/27...
21:25:31 [0]: Processed 213/366
21:25:34 [0]: Processed 214/366
21:25:40 [3]: Finished: /gome2b/offline/2020/04/17.
21:25:41 [7]: Finished: /gome2b/offline/2020/09/24.
21:25:43 [11]: Processing /gome2b/offline/2020/04/17...
21:25:43 [10]: Processing /gome2b/offline/2020/09/24...
21:25:46 [0]: Processed 215/366
21:25:46 [0]: Processed 216/366
21:25:48 [6]: Finished: /gome2b/offline/2020/08/16.
21:25:49 [11]: Processing /gome2b/offline/2020/08/16...
21:25:53 [0]: Processed 217/366
21:26:00 [9]: Finished: /gome2b/offline/2020/12/19.
21:26:01 [10]: Processing /gome2b/offline/2020/12/19...
21:26:04 [2]: Finished: /gome2b/offline/2020/03/04.
21:26:05 [11]: Processing /gome2b/offline/2020/03/04...
21:26:05 [0]: Processed 218/366
21:26:08 [0]: Processed 219/366
21:26:11 [8]: Finished: /gome2b/offline/2020/11/05.
21:26:12 [3]: Finished: /gome2b/offline/2020/04/18.
21:26:14 [10]: Processing /gome2b/offline/2020/11/05...
21:26:14 [1]: Finished: /gome2b/offline/2020/01/25.
21:26:14 [11]: Processing /gome2b/offline/2020/04/18...
21:26:17 [0]: Processed 220/366
21:26:17 [10]: Processing /gome2b/offline/2020/01/25...
21:26:18 [0]: Processed 221/366
21:26:20 [0]: Processed 222/366
21:26:21 [4]: Finished: /gome2b/offline/2020/05/28.
21:26:23 [10]: Processing /gome2b/offline/2020/05/28...
21:26:27 [0]: Processed 223/366
21:26:32 [5]: Finished: /gome2b/offline/2020/07/07.
21:26:33 [11]: Processing /gome2b/offline/2020/07/07...
21:26:34 [7]: Finished: /gome2b/offline/2020/09/25.
21:26:36 [10]: Processing /gome2b/offline/2020/09/25...
21:26:36 [0]: Processed 224/366
21:26:38 [9]: Finished: /gome2b/offline/2020/12/20.
21:26:39 [11]: Processing /gome2b/offline/2020/12/20...
21:26:39 [0]: Processed 225/366
21:26:42 [0]: Processed 226/366
21:26:46 [2]: Finished: /gome2b/offline/2020/03/05.
21:26:48 [10]: Processing /gome2b/offline/2020/03/05...
21:26:52 [0]: Processed 227/366
21:26:53 [4]: Finished: /gome2b/offline/2020/05/29.
21:26:54 [11]: Processing /gome2b/offline/2020/05/29...
21:26:58 [0]: Processed 228/366
21:26:59 [1]: Finished: /gome2b/offline/2020/01/26.
21:27:01 [10]: Processing /gome2b/offline/2020/01/26...
21:27:04 [0]: Processed 229/366
21:27:05 [5]: Finished: /gome2b/offline/2020/07/08.
21:27:07 [11]: Processing /gome2b/offline/2020/07/08...
21:27:07 [6]: Finished: /gome2b/offline/2020/08/17.
21:27:07 [10]: Processing /gome2b/offline/2020/08/17...
21:27:11 [0]: Processed 230/366
21:27:11 [0]: Processed 231/366
21:27:21 [8]: Finished: /gome2b/offline/2020/11/06.
21:27:23 [11]: Processing /gome2b/offline/2020/11/06...
21:27:23 [3]: Finished: /gome2b/offline/2020/04/19.
21:27:25 [9]: Finished: /gome2b/offline/2020/12/21.
21:27:26 [10]: Processing /gome2b/offline/2020/04/19...
21:27:26 [11]: Processing /gome2b/offline/2020/12/21...
21:27:26 [0]: Processed 232/366
21:27:29 [0]: Processed 233/366
21:27:30 [0]: Processed 234/366
21:27:31 [7]: Finished: /gome2b/offline/2020/09/26.
21:27:32 [11]: Processing /gome2b/offline/2020/09/26...
21:27:36 [0]: Processed 235/366
21:27:39 [2]: Finished: /gome2b/offline/2020/03/06.
21:27:39 [11]: Processing /gome2b/offline/2020/03/06...
21:27:43 [0]: Processed 236/366
21:27:51 [4]: Finished: /gome2b/offline/2020/05/30.
21:27:51 [3]: Finished: /gome2b/offline/2020/04/20.
21:27:52 [1]: Finished: /gome2b/offline/2020/01/27.
21:27:52 [6]: Finished: /gome2b/offline/2020/08/18.
21:27:52 [11]: Processing /gome2b/offline/2020/05/30...
21:27:54 [10]: Processing /gome2b/offline/2020/04/20...
21:27:55 [5]: Finished: /gome2b/offline/2020/07/09.
21:27:56 [0]: Processed 237/366
21:27:56 [11]: Processing /gome2b/offline/2020/01/27...
21:27:57 [0]: Processed 238/366
21:27:57 [10]: Processing /gome2b/offline/2020/08/18...
21:27:59 [11]: Processing /gome2b/offline/2020/07/09...
21:27:59 [0]: Processed 239/366
21:28:01 [0]: Processed 240/366
21:28:03 [0]: Processed 241/366
21:28:09 [9]: Finished: /gome2b/offline/2020/12/22.
21:28:10 [10]: Processing /gome2b/offline/2020/12/22...
21:28:14 [0]: Processed 242/366
21:28:24 [4]: Finished: /gome2b/offline/2020/05/31.
21:28:26 [10]: Processing /gome2b/offline/2020/05/31...
21:28:26 [7]: Finished: /gome2b/offline/2020/09/27.
21:28:27 [11]: Processing /gome2b/offline/2020/09/27...
21:28:28 [8]: Finished: /gome2b/offline/2020/11/07.
21:28:29 [1]: Finished: /gome2b/offline/2020/01/28.
21:28:29 [10]: Processing /gome2b/offline/2020/11/07...
21:28:29 [0]: Processed 243/366
21:28:30 [11]: Processing /gome2b/offline/2020/01/28...
21:28:30 [0]: Processed 244/366
21:28:32 [5]: Finished: /gome2b/offline/2020/07/10.
21:28:33 [10]: Processing /gome2b/offline/2020/07/10...
21:28:33 [0]: Processed 245/366
21:28:34 [0]: Processed 246/366
21:28:36 [0]: Processed 247/366
21:28:50 [3]: Finished: /gome2b/offline/2020/04/21.
21:28:50 [6]: Finished: /gome2b/offline/2020/08/19.
21:28:51 [10]: Processing /gome2b/offline/2020/04/21...
21:28:52 [11]: Processing /gome2b/offline/2020/08/19...
21:28:54 [0]: Processed 248/366
21:28:55 [0]: Processed 249/366
21:29:01 [8]: Finished: /gome2b/offline/2020/11/08.
21:29:02 [11]: Processing /gome2b/offline/2020/11/08...
21:29:05 [0]: Processed 250/366
21:29:06 [1]: Finished: /gome2b/offline/2020/01/29.
21:29:07 [10]: Processing /gome2b/offline/2020/01/29...
21:29:09 [9]: Finished: /gome2b/offline/2020/12/23.
21:29:09 [5]: Finished: /gome2b/offline/2020/07/11.
21:29:10 [0]: Processed 251/366
21:29:10 [10]: Processing /gome2b/offline/2020/12/23...
21:29:11 [4]: Finished: /gome2b/offline/2020/06/01.
21:29:11 [11]: Processing /gome2b/offline/2020/07/11...
21:29:14 [0]: Processed 252/366
21:29:14 [10]: Processing /gome2b/offline/2020/06/01...
21:29:15 [0]: Processed 253/366
21:29:17 [0]: Processed 254/366
21:29:20 [2]: Finished: /gome2b/offline/2020/03/07.
21:29:21 [11]: Processing /gome2b/offline/2020/03/07...
21:29:24 [7]: Finished: /gome2b/offline/2020/09/28.
21:29:24 [0]: Processed 255/366
21:29:24 [11]: Processing /gome2b/offline/2020/09/28...
21:29:28 [0]: Processed 256/366
21:29:38 [9]: Finished: /gome2b/offline/2020/12/24.
21:29:38 [10]: Processing /gome2b/offline/2020/12/24...
21:29:42 [0]: Processed 257/366
21:29:45 [8]: Finished: /gome2b/offline/2020/11/09.
21:29:46 [11]: Processing /gome2b/offline/2020/11/09...
21:29:49 [5]: Finished: /gome2b/offline/2020/07/12.
21:29:49 [0]: Processed 258/366
21:29:51 [10]: Processing /gome2b/offline/2020/07/12...
21:29:52 [1]: Finished: /gome2b/offline/2020/01/30.
21:29:52 [11]: Processing /gome2b/offline/2020/01/30...
21:29:54 [0]: Processed 259/366
21:29:55 [6]: Finished: /gome2b/offline/2020/08/20.
21:29:56 [11]: Processing /gome2b/offline/2020/08/20...
21:29:56 [0]: Processed 260/366
21:29:56 [4]: Finished: /gome2b/offline/2020/06/02.
21:29:57 [10]: Processing /gome2b/offline/2020/06/02...
21:29:59 [0]: Processed 261/366
21:30:01 [3]: Finished: /gome2b/offline/2020/04/22.
21:30:01 [0]: Processed 262/366
21:30:01 [10]: Processing /gome2b/offline/2020/04/22...
21:30:04 [0]: Processed 263/366
21:30:13 [7]: Finished: /gome2b/offline/2020/09/29.
21:30:14 [11]: Processing /gome2b/offline/2020/09/29...
21:30:18 [0]: Processed 264/366
21:30:22 [8]: Finished: /gome2b/offline/2020/11/10.
21:30:24 [11]: Processing /gome2b/offline/2020/11/10...
21:30:27 [0]: Processed 265/366
21:30:29 [1]: Finished: /gome2b/offline/2020/01/31.
21:30:30 [11]: Processing /gome2b/offline/2020/01/31...
21:30:33 [9]: Finished: /gome2b/offline/2020/12/25.
21:30:34 [11]: Processing /gome2b/offline/2020/12/25...
21:30:34 [0]: Processed 266/366
21:30:36 [5]: Finished: /gome2b/offline/2020/07/13.
21:30:37 [0]: Processed 267/366
21:30:37 [11]: Processing /gome2b/offline/2020/07/13...
21:30:38 [2]: Finished: /gome2b/offline/2020/03/08.
21:30:40 [10]: Processing /gome2b/offline/2020/03/08...
21:30:40 [0]: Processed 268/366
21:30:43 [4]: Finished: /gome2b/offline/2020/06/03.
21:30:43 [11]: Processing /gome2b/offline/2020/06/03...
21:30:44 [0]: Processed 269/366
21:30:47 [0]: Processed 270/366
21:30:48 [6]: Finished: /gome2b/offline/2020/08/21.
21:30:50 [10]: Processing /gome2b/offline/2020/08/21...
21:30:53 [0]: Processed 271/366
21:30:54 [7]: Finished: /gome2b/offline/2020/09/30.
21:30:56 [11]: Processing /gome2b/offline/2020/09/30...
21:30:59 [0]: Processed 272/366
21:31:00 [8]: Finished: /gome2b/offline/2020/11/11.
21:31:02 [10]: Processing /gome2b/offline/2020/11/11...
21:31:03 [3]: Finished: /gome2b/offline/2020/04/23.
21:31:05 [11]: Processing /gome2b/offline/2020/04/23...
21:31:06 [0]: Processed 273/366
21:31:09 [0]: Processed 274/366
21:31:09 [4]: Finished: /gome2b/offline/2020/06/04.
21:31:12 [10]: Processing /gome2b/offline/2020/06/04...
21:31:15 [0]: Processed 275/366
21:31:25 [1]: Finished: /gome2b/offline/2020/02/01.
21:31:27 [6]: Finished: /gome2b/offline/2020/08/22.
21:31:27 [11]: Processing /gome2b/offline/2020/02/01...
21:31:27 [10]: Processing /gome2b/offline/2020/08/22...
21:31:28 [3]: Finished: /gome2b/offline/2020/04/24.
21:31:30 [11]: Processing /gome2b/offline/2020/04/24...
21:31:30 [0]: Processed 276/366
21:31:31 [0]: Processed 277/366
21:31:34 [0]: Processed 278/366
21:31:40 [5]: Finished: /gome2b/offline/2020/07/14.
21:31:40 [10]: Processing /gome2b/offline/2020/07/14...
21:31:40 [9]: Finished: /gome2b/offline/2020/12/26.
21:31:41 [8]: Finished: /gome2b/offline/2020/11/12.
21:31:43 [10]: Processing /gome2b/offline/2020/12/26...
21:31:43 [0]: Processed 279/366
21:31:43 [11]: Processing /gome2b/offline/2020/11/12...
21:31:46 [7]: Finished: /gome2b/offline/2020/10/01.
21:31:47 [10]: Processing /gome2b/offline/2020/10/01...
21:31:47 [0]: Processed 280/366
21:31:47 [0]: Processed 281/366
21:31:50 [0]: Processed 282/366
21:31:54 [4]: Finished: /gome2b/offline/2020/06/05.
21:31:56 [11]: Processing /gome2b/offline/2020/06/05...
21:31:59 [2]: Finished: /gome2b/offline/2020/03/09.
21:31:59 [11]: Processing /gome2b/offline/2020/03/09...
21:31:59 [0]: Processed 283/366
21:32:02 [1]: Finished: /gome2b/offline/2020/02/02.
21:32:03 [11]: Processing /gome2b/offline/2020/02/02...
21:32:03 [0]: Processed 284/366
21:32:06 [0]: Processed 285/366
21:32:08 [5]: Finished: /gome2b/offline/2020/07/15.
21:32:08 [10]: Processing /gome2b/offline/2020/07/15...
21:32:12 [0]: Processed 286/366
21:32:12 [3]: Finished: /gome2b/offline/2020/04/25.
21:32:12 [11]: Processing /gome2b/offline/2020/04/25...
21:32:16 [0]: Processed 287/366
21:32:26 [4]: Finished: /gome2b/offline/2020/06/06.
21:32:27 [10]: Processing /gome2b/offline/2020/06/06...
21:32:27 [6]: Finished: /gome2b/offline/2020/08/23.
21:32:28 [11]: Processing /gome2b/offline/2020/08/23...
21:32:31 [0]: Processed 288/366
21:32:31 [0]: Processed 289/366
21:32:33 [2]: Finished: /gome2b/offline/2020/03/10.
21:32:34 [10]: Processing /gome2b/offline/2020/03/10...
21:32:37 [0]: Processed 290/366
21:32:38 [5]: Finished: /gome2b/offline/2020/07/16.
21:32:40 [10]: Processing /gome2b/offline/2020/07/16...
21:32:40 [1]: Finished: /gome2b/offline/2020/02/03.
21:32:40 [11]: Processing /gome2b/offline/2020/02/03...
21:32:43 [9]: Finished: /gome2b/offline/2020/12/27.
21:32:44 [0]: Processed 291/366
21:32:44 [10]: Processing /gome2b/offline/2020/12/27...
21:32:44 [0]: Processed 292/366
21:32:47 [0]: Processed 293/366
21:32:49 [8]: Finished: /gome2b/offline/2020/11/13.
21:32:50 [11]: Processing /gome2b/offline/2020/11/13...
21:32:53 [0]: Processed 294/366
21:32:56 [7]: Finished: /gome2b/offline/2020/10/02.
21:32:56 [10]: Processing /gome2b/offline/2020/10/02...
21:33:00 [0]: Processed 295/366
21:33:07 [1]: Finished: /gome2b/offline/2020/02/04.
21:33:08 [11]: Processing /gome2b/offline/2020/02/04...
21:33:12 [0]: Processed 296/366
21:33:14 [6]: Finished: /gome2b/offline/2020/08/24.
21:33:15 [10]: Processing /gome2b/offline/2020/08/24...
21:33:17 [4]: Finished: /gome2b/offline/2020/06/07.
21:33:18 [11]: Processing /gome2b/offline/2020/06/07...
21:33:18 [0]: Processed 297/366
21:33:21 [0]: Processed 298/366
21:33:22 [5]: Finished: /gome2b/offline/2020/07/17.
21:33:24 [10]: Processing /gome2b/offline/2020/07/17...
21:33:27 [0]: Processed 299/366
21:33:34 [9]: Finished: /gome2b/offline/2020/12/28.
21:33:34 [3]: Finished: /gome2b/offline/2020/04/26.
21:33:36 [10]: Processing /gome2b/offline/2020/12/28...
21:33:37 [11]: Processing /gome2b/offline/2020/04/26...
21:33:37 [7]: Finished: /gome2b/offline/2020/10/03.
21:33:40 [10]: Processing /gome2b/offline/2020/10/03...
21:33:40 [0]: Processed 300/366
21:33:40 [0]: Processed 301/366
21:33:42 [8]: Finished: /gome2b/offline/2020/11/14.
21:33:42 [2]: Finished: /gome2b/offline/2020/03/11.
21:33:43 [11]: Processing /gome2b/offline/2020/11/14...
21:33:43 [10]: Processing /gome2b/offline/2020/03/11...
21:33:43 [0]: Processed 302/366
21:33:47 [0]: Processed 303/366
21:33:47 [0]: Processed 304/366
21:33:48 [4]: Finished: /gome2b/offline/2020/06/08.
21:33:50 [11]: Processing /gome2b/offline/2020/06/08...
21:33:53 [0]: Processed 305/366
21:33:54 [1]: Finished: /gome2b/offline/2020/02/05.
21:33:55 [6]: Finished: /gome2b/offline/2020/08/25.
21:33:56 [10]: Processing /gome2b/offline/2020/02/05...
21:33:56 [11]: Processing /gome2b/offline/2020/08/25...
21:33:59 [0]: Processed 306/366
21:34:00 [0]: Processed 307/366
21:34:04 [5]: Finished: /gome2b/offline/2020/07/18.
21:34:05 [10]: Processing /gome2b/offline/2020/07/18...
21:34:09 [0]: Processed 308/366
21:34:15 [3]: Finished: /gome2b/offline/2020/04/27.
21:34:18 [11]: Processing /gome2b/offline/2020/04/27...
21:34:20 [4]: Finished: /gome2b/offline/2020/06/09.
21:34:21 [10]: Processing /gome2b/offline/2020/06/09...
21:34:21 [0]: Processed 309/366
21:34:24 [6]: Finished: /gome2b/offline/2020/08/26.
21:34:24 [11]: Processing /gome2b/offline/2020/08/26...
21:34:24 [0]: Processed 310/366
21:34:28 [0]: Processed 311/366
21:34:39 [8]: Finished: /gome2b/offline/2020/11/15.
21:34:39 [10]: Processing /gome2b/offline/2020/11/15...
21:34:40 [2]: Finished: /gome2b/offline/2020/03/12.
21:34:40 [5]: Finished: /gome2b/offline/2020/07/19.
21:34:43 [11]: Processing /gome2b/offline/2020/03/12...
21:34:43 [10]: Processing /gome2b/offline/2020/07/19...
21:34:43 [0]: Processed 312/366
21:34:45 [9]: Finished: /gome2b/offline/2020/12/29.
21:34:46 [10]: Processing /gome2b/offline/2020/12/29...
21:34:46 [0]: Processed 313/366
21:34:47 [0]: Processed 314/366
21:34:47 [1]: Finished: /gome2b/offline/2020/02/06.
21:34:50 [0]: Processed 315/366
21:34:50 [10]: Processing /gome2b/offline/2020/02/06...
21:34:53 [0]: Processed 316/366
21:34:54 [7]: Finished: /gome2b/offline/2020/10/04.
21:34:56 [11]: Processing /gome2b/offline/2020/10/04...
21:34:57 [3]: Finished: /gome2b/offline/2020/04/28.
21:34:59 [10]: Processing /gome2b/offline/2020/04/28...
21:34:59 [0]: Processed 317/366
21:35:03 [0]: Processed 318/366
21:35:03 [8]: Finished: /gome2b/offline/2020/11/16.
21:35:04 [6]: Finished: /gome2b/offline/2020/08/27.
21:35:05 [11]: Processing /gome2b/offline/2020/11/16...
21:35:06 [10]: Processing /gome2b/offline/2020/08/27...
21:35:08 [0]: Processed 319/366
21:35:09 [0]: Processed 320/366
21:35:10 [4]: Finished: /gome2b/offline/2020/06/10.
21:35:11 [11]: Processing /gome2b/offline/2020/06/10...
21:35:15 [0]: Processed 321/366
21:35:20 [9]: Finished: /gome2b/offline/2020/12/30.
21:35:21 [11]: Processing /gome2b/offline/2020/12/30...
21:35:24 [0]: Processed 322/366
21:35:25 [7]: Finished: /gome2b/offline/2020/10/05.
21:35:27 [10]: Processing /gome2b/offline/2020/10/05...
21:35:30 [0]: Processed 323/366
21:35:38 [1]: Finished: /gome2b/offline/2020/02/07.
21:35:39 [11]: Processing /gome2b/offline/2020/02/07...
21:35:43 [0]: Processed 324/366
21:35:44 [8]: Finished: /gome2b/offline/2020/11/17.
21:35:46 [10]: Processing /gome2b/offline/2020/11/17...
21:35:48 [6]: Finished: /gome2b/offline/2020/08/28.
21:35:49 [10]: Processing /gome2b/offline/2020/08/28...
21:35:49 [0]: Processed 325/366
21:35:53 [0]: Processed 326/366
21:35:53 [2]: Finished: /gome2b/offline/2020/03/13.
21:35:55 [11]: Processing /gome2b/offline/2020/03/13...
21:35:59 [0]: Processed 327/366
21:36:00 [7]: Finished: /gome2b/offline/2020/10/06.
21:36:01 [5]: Finished: /gome2b/offline/2020/07/20.
21:36:02 [10]: Processing /gome2b/offline/2020/10/06...
21:36:02 [11]: Processing /gome2b/offline/2020/07/20...
21:36:04 [1]: Finished: /gome2b/offline/2020/02/08.
21:36:05 [10]: Processing /gome2b/offline/2020/02/08...
21:36:05 [0]: Processed 328/366
21:36:06 [0]: Processed 329/366
21:36:08 [3]: Finished: /gome2b/offline/2020/04/29.
21:36:09 [11]: Processing /gome2b/offline/2020/04/29...
21:36:09 [0]: Processed 330/366
21:36:12 [0]: Processed 331/366
21:36:13 [4]: Finished: /gome2b/offline/2020/06/11.
21:36:15 [10]: Processing /gome2b/offline/2020/06/11...
21:36:18 [0]: Processed 332/366
21:36:24 [2]: Finished: /gome2b/offline/2020/03/14.
21:36:24 [11]: Processing /gome2b/offline/2020/03/14...
21:36:26 [9]: Finished: /gome2b/offline/2020/12/31.
21:36:26 [9]: Closed FTP and signaled Rank 0.
21:36:26 [0]: A-worker retired (1/9)
21:36:27 [10]: Processing /gome2b/offline/2020/12/31...
21:36:28 [0]: Processed 333/366
21:36:31 [0]: Processed 334/366
21:36:33 [7]: Finished: /gome2b/offline/2020/10/07.
21:36:34 [10]: Processing /gome2b/offline/2020/10/07...
21:36:34 [1]: Finished: /gome2b/offline/2020/02/09.
21:36:37 [10]: Processing /gome2b/offline/2020/02/09...
21:36:37 [0]: Processed 335/366
21:36:41 [0]: Processed 336/366
21:36:49 [8]: Finished: /gome2b/offline/2020/11/18.
21:36:49 [11]: Processing /gome2b/offline/2020/11/18...
21:36:53 [0]: Processed 337/366
21:36:59 [6]: Finished: /gome2b/offline/2020/08/29.
21:37:00 [1]: Finished: /gome2b/offline/2020/02/10.
21:37:00 [1]: Closed FTP and signaled Rank 0.
21:37:00 [0]: A-worker retired (2/9)
21:37:02 [11]: Processing /gome2b/offline/2020/08/29...
21:37:02 [10]: Processing /gome2b/offline/2020/02/10...
21:37:03 [3]: Finished: /gome2b/offline/2020/04/30.
21:37:05 [5]: Finished: /gome2b/offline/2020/07/21.
21:37:05 [0]: Processed 338/366
21:37:05 [11]: Processing /gome2b/offline/2020/04/30...
21:37:05 [0]: Processed 339/366
21:37:05 [10]: Processing /gome2b/offline/2020/07/21...
21:37:06 [7]: Finished: /gome2b/offline/2020/10/08.
21:37:09 [11]: Processing /gome2b/offline/2020/10/08...
21:37:09 [0]: Processed 340/366
21:37:09 [0]: Processed 341/366
21:37:09 [4]: Finished: /gome2b/offline/2020/06/12.
21:37:09 [4]: Closed FTP and signaled Rank 0.
21:37:09 [0]: A-worker retired (3/9)
21:37:12 [10]: Processing /gome2b/offline/2020/06/12...
21:37:12 [0]: Processed 342/366
21:37:15 [0]: Processed 343/366
21:37:25 [2]: Finished: /gome2b/offline/2020/03/15.
21:37:27 [11]: Processing /gome2b/offline/2020/03/15...
21:37:31 [0]: Processed 344/366
21:37:33 [8]: Finished: /gome2b/offline/2020/11/19.
21:37:33 [6]: Finished: /gome2b/offline/2020/08/30.
21:37:34 [11]: Processing /gome2b/offline/2020/11/19...
21:37:36 [10]: Processing /gome2b/offline/2020/08/30...
21:37:38 [0]: Processed 345/366
21:37:40 [0]: Processed 346/366
21:37:42 [3]: Finished: /gome2b/offline/2020/05/01.
21:37:43 [10]: Processing /gome2b/offline/2020/05/01...
21:37:44 [5]: Finished: /gome2b/offline/2020/07/22.
21:37:46 [10]: Processing /gome2b/offline/2020/07/22...
21:37:46 [0]: Processed 347/366
21:37:49 [7]: Finished: /gome2b/offline/2020/10/09.
21:37:50 [10]: Processing /gome2b/offline/2020/10/09...
21:37:50 [0]: Processed 348/366
21:37:53 [0]: Processed 349/366
21:38:06 [2]: Finished: /gome2b/offline/2020/03/16.
21:38:08 [11]: Processing /gome2b/offline/2020/03/16...
21:38:09 [8]: Finished: /gome2b/offline/2020/11/20.
21:38:11 [10]: Processing /gome2b/offline/2020/11/20...
21:38:12 [0]: Processed 350/366
21:38:13 [6]: Finished: /gome2b/offline/2020/08/31.
21:38:15 [0]: Processed 351/366
21:38:15 [10]: Processing /gome2b/offline/2020/08/31...
21:38:16 [5]: Finished: /gome2b/offline/2020/07/23.
21:38:16 [5]: Closed FTP and signaled Rank 0.
21:38:16 [0]: A-worker retired (4/9)
21:38:18 [11]: Processing /gome2b/offline/2020/07/23...
21:38:18 [0]: Processed 352/366
21:38:21 [0]: Processed 353/366
21:38:29 [7]: Finished: /gome2b/offline/2020/10/10.
21:38:30 [10]: Processing /gome2b/offline/2020/10/10...
21:38:34 [0]: Processed 354/366
21:38:37 [3]: Finished: /gome2b/offline/2020/05/02.
21:38:37 [3]: Closed FTP and signaled Rank 0.
21:38:37 [0]: A-worker retired (5/9)
21:38:40 [11]: Processing /gome2b/offline/2020/05/02...
21:38:43 [0]: Processed 355/366
21:38:44 [2]: Finished: /gome2b/offline/2020/03/17.
21:38:46 [10]: Processing /gome2b/offline/2020/03/17...
21:38:46 [6]: Finished: /gome2b/offline/2020/09/01.
21:38:46 [8]: Finished: /gome2b/offline/2020/11/21.
21:38:46 [8]: Closed FTP and signaled Rank 0.
21:38:46 [0]: A-worker retired (6/9)
21:38:49 [11]: Processing /gome2b/offline/2020/09/01...
21:38:50 [10]: Processing /gome2b/offline/2020/11/21...
21:38:50 [0]: Processed 356/366
21:38:52 [0]: Processed 357/366
21:38:54 [0]: Processed 358/366
21:39:04 [7]: Finished: /gome2b/offline/2020/10/11.
21:39:04 [11]: Processing /gome2b/offline/2020/10/11...
21:39:07 [6]: Finished: /gome2b/offline/2020/09/02.
21:39:07 [6]: Closed FTP and signaled Rank 0.
21:39:07 [0]: A-worker retired (7/9)
21:39:08 [0]: Processed 359/366
21:39:08 [11]: Processing /gome2b/offline/2020/09/02...
21:39:12 [0]: Processed 360/366
21:39:18 [2]: Finished: /gome2b/offline/2020/03/18.
21:39:18 [11]: Processing /gome2b/offline/2020/03/18...
21:39:22 [0]: Processed 361/366
21:39:24 [7]: Finished: /gome2b/offline/2020/10/12.
21:39:25 [7]: Closed FTP and signaled Rank 0.
21:39:25 [0]: A-worker retired (8/9)
21:39:25 [11]: Processing /gome2b/offline/2020/10/12...
21:39:29 [0]: Processed 362/366
21:39:37 [2]: Finished: /gome2b/offline/2020/03/19.
21:39:38 [11]: Processing /gome2b/offline/2020/03/19...
21:39:41 [0]: Processed 363/366
21:39:54 [2]: Finished: /gome2b/offline/2020/03/20.
21:39:56 [11]: Processing /gome2b/offline/2020/03/20...
21:40:00 [0]: Processed 364/366
21:40:13 [2]: Finished: /gome2b/offline/2020/03/21.
21:40:15 [10]: Processing /gome2b/offline/2020/03/21...
21:40:19 [0]: Processed 365/366
21:40:33 [2]: Finished: /gome2b/offline/2020/03/22.
21:40:33 [2]: Closed FTP and signaled Rank 0.
21:40:33 [0]: A-worker retired (9/9)
21:40:33 [11]: Processing /gome2b/offline/2020/03/22...
21:40:34 [10]: Received STOP signal. Exiting.
21:40:36 [11]: Received STOP signal. Exiting.
21:40:36 [0]: Processed 366/366
21:40:36 [0]: All workers finished. Breaking loop.
21:40:36 [0]: All tasks processed. Sending shutdown signal.
21:40:36 [0]: Merging 366 files into master CSV...
<function now at 0x14928011fd90> [0]: Until merge run duration: 2092.430257320404 s
21:40:43 [0]: Cleanup complete. Master file saved.
<function now at 0x14928011fd90> [0]: Total run duration: 2099.0370161533356 s
